Archive member included because of file (symbol)

../../../../BitCloud/lib/libBc_All_Atmega256rfr2_Atmega256rfr2_Gcc.a(aps.o)
                              All_MegaRf_Atmega256rfr2_8Mhz_Gcc/Obj/sysTaskManager.o (APS_TaskHandler)
../../../../BitCloud/lib/libBc_All_Atmega256rfr2_Atmega256rfr2_Gcc.a(macenvPib.o)
                              All_MegaRf_Atmega256rfr2_8Mhz_Gcc/Obj/sysUtils.o (MAC_GetExtAddr)
../../../../BitCloud/lib/libBc_All_Atmega256rfr2_Atmega256rfr2_Gcc.a(machwdManager.o)
                              All_MegaRf_Atmega256rfr2_8Mhz_Gcc/Obj/sysUtils.o (RF_RandomReq)
../../../../BitCloud/lib/libBc_All_Atmega256rfr2_Atmega256rfr2_Gcc.a(machwdRegAccessHandler.o)
                              ../../../../BitCloud/lib/libBc_All_Atmega256rfr2_Atmega256rfr2_Gcc.a(machwdManager.o) (machwdRegAccessReqHandler)
../../../../BitCloud/lib/libBc_All_Atmega256rfr2_Atmega256rfr2_Gcc.a(machwdResetHandler.o)
                              ../../../../BitCloud/lib/libBc_All_Atmega256rfr2_Atmega256rfr2_Gcc.a(machwdManager.o) (machwdReset)
../../../../BitCloud/lib/libBc_All_Atmega256rfr2_Atmega256rfr2_Gcc.a(machwdRndHandler.o)
                              ../../../../BitCloud/lib/libBc_All_Atmega256rfr2_Atmega256rfr2_Gcc.a(machwdManager.o) (machwdRndReqHandler)
../../../../BitCloud/lib/libBc_All_Atmega256rfr2_Atmega256rfr2_Gcc.a(machwdRxBuffer.o)
                              ../../../../BitCloud/lib/libBc_All_Atmega256rfr2_Atmega256rfr2_Gcc.a(machwdResetHandler.o) (machwdResetRxBuffers)
../../../../BitCloud/lib/libBc_All_Atmega256rfr2_Atmega256rfr2_Gcc.a(machwdRxFrameHandler.o)
                              ../../../../BitCloud/lib/libBc_All_Atmega256rfr2_Atmega256rfr2_Gcc.a(machwdManager.o) (machwdDataReqIndTaskHandler)
../../../../BitCloud/lib/libBc_All_Atmega256rfr2_Atmega256rfr2_Gcc.a(machwdSetHandler.o)
                              ../../../../BitCloud/lib/libBc_All_Atmega256rfr2_Atmega256rfr2_Gcc.a(machwdManager.o) (machwdSetReqHandler)
../../../../BitCloud/lib/libBc_All_Atmega256rfr2_Atmega256rfr2_Gcc.a(machwdTrxCtrl.o)
                              ../../../../BitCloud/lib/libBc_All_Atmega256rfr2_Atmega256rfr2_Gcc.a(machwdSetHandler.o) (machwdSendTrxCmd)
../../../../BitCloud/lib/libBc_All_Atmega256rfr2_Atmega256rfr2_Gcc.a(machwdTrxHandler.o)
                              ../../../../BitCloud/lib/libBc_All_Atmega256rfr2_Atmega256rfr2_Gcc.a(machwdManager.o) (machwdTrxReqHandler)
../../../../BitCloud/lib/libBc_All_Atmega256rfr2_Atmega256rfr2_Gcc.a(machwdTxFrameHandler.o)
                              ../../../../BitCloud/lib/libBc_All_Atmega256rfr2_Atmega256rfr2_Gcc.a(machwdManager.o) (machwdTxFrameHandlerSubState)
../../../../BitCloud/lib/libBc_All_Atmega256rfr2_Atmega256rfr2_Gcc.a(machwiManager.o)
                              All_MegaRf_Atmega256rfr2_8Mhz_Gcc/Obj/sysTaskManager.o (MAC_HWI_TaskHandler)
../../../../BitCloud/lib/libBc_All_Atmega256rfr2_Atmega256rfr2_Gcc.a(machwiOrphanHandler.o)
                              ../../../../BitCloud/lib/libBc_All_Atmega256rfr2_Atmega256rfr2_Gcc.a(machwiManager.o) (machwiOrphanRespHandler)
../../../../BitCloud/lib/libBc_All_Atmega256rfr2_Atmega256rfr2_Gcc.a(machwiPanServer.o)
                              ../../../../BitCloud/lib/libBc_All_Atmega256rfr2_Atmega256rfr2_Gcc.a(machwdRxFrameHandler.o) (MACHWD_DataInd)
../../../../BitCloud/lib/libBc_All_Atmega256rfr2_Atmega256rfr2_Gcc.a(machwiPollHandler.o)
                              ../../../../BitCloud/lib/libBc_All_Atmega256rfr2_Atmega256rfr2_Gcc.a(machwiPanServer.o) (machwiPollInd)
../../../../BitCloud/lib/libBc_All_Atmega256rfr2_Atmega256rfr2_Gcc.a(machwiPurgeHandler.o)
                              ../../../../BitCloud/lib/libBc_All_Atmega256rfr2_Atmega256rfr2_Gcc.a(machwiManager.o) (machwiPurgeReqHandler)
../../../../BitCloud/lib/libBc_All_Atmega256rfr2_Atmega256rfr2_Gcc.a(machwiResetHandler.o)
                              ../../../../BitCloud/lib/libBc_All_Atmega256rfr2_Atmega256rfr2_Gcc.a(machwiManager.o) (machwiResetReqHandler)
../../../../BitCloud/lib/libBc_All_Atmega256rfr2_Atmega256rfr2_Gcc.a(machwiRxEnableHandler.o)
                              ../../../../BitCloud/lib/libBc_All_Atmega256rfr2_Atmega256rfr2_Gcc.a(machwiManager.o) (machwiRxEnableReqHandler)
../../../../BitCloud/lib/libBc_All_Atmega256rfr2_Atmega256rfr2_Gcc.a(machwiScanHandler.o)
                              ../../../../BitCloud/lib/libBc_All_Atmega256rfr2_Atmega256rfr2_Gcc.a(machwiManager.o) (machwiScanReqHandler)
../../../../BitCloud/lib/libBc_All_Atmega256rfr2_Atmega256rfr2_Gcc.a(machwiSetGetHandler.o)
                              ../../../../BitCloud/lib/libBc_All_Atmega256rfr2_Atmega256rfr2_Gcc.a(machwiManager.o) (machwiGetReqHandler)
../../../../BitCloud/lib/libBc_All_Atmega256rfr2_Atmega256rfr2_Gcc.a(machwiStartHandler.o)
                              ../../../../BitCloud/lib/libBc_All_Atmega256rfr2_Atmega256rfr2_Gcc.a(machwiManager.o) (machwiStartReqHandler)
[...]
Memory Configuration

Name             Origin             Length             Attributes
text             0x00000000         0x00040000         xr
boot             0x0003f000         0x00001000         xr
access           0x0003fff0         0x00000010         xr
data             0x00800200         0x00007e0c         rw !x
eeprom           0x00810000         0x00002000         rw !x
*default*        0x00000000         0xffffffff

Linker script and memory map

Address of section .data set to 0x800200
LOAD c:/program files (x86)/atmel/atmel toolchain/avr8 gcc/native/3.4.1061/avr8-gnu-toolchain/bin/../lib/gcc/avr/4.8.1/../../../../avr/lib/avr6/crtm256rfr2.o

.text           0x00000000    0x1edbc
                0x00000000                PROVIDE (__text_start, .)
 *(.vectors)
 .vectors       0x00000000      0x134 c:/program files (x86)/atmel/atmel toolchain/avr8 gcc/native/3.4.1061/avr8-gnu-toolchain/bin/../lib/gcc/avr/4.8.1/../../../../avr/lib/avr6/crtm256rfr2.o
                0x00000000                __vector_default
                0x00000000                __vectors
 *(.vectors)
                0x00000400                . = ALIGN (0x400)
 *fill*         0x00000134      0x2cc 
                0x00000400                PROVIDE (__d_nv_mem_start, .)
                0x00004400                . = ALIGN (0x4400)
 *fill*         0x00000400     0x4000 
                0x00004400                PROVIDE (__d_nv_mem_end, .)
                0x00004400                PROVIDE (__pds_ff_start, .)
 *(.pds_ff)
 .pds_ff        0x00004400       0x96 All_MegaRf_Atmega256rfr2_8Mhz_Gcc/Obj/csPersistentMem.o
                0x00004400                pds_ff_CS_APS_BINDING_TABLE_MEM_ID
                0x00004406                pds_ff_CS_GROUP_TABLE_MEM_ID
                0x0000440c                pds_ff_CS_NEIB_TABLE_MEM_ID
                0x00004412                pds_ff_CS_NWK_LOGICAL_CHANNEL_MEM_ID
                0x00004418                pds_ff_CS_NWK_EXT_PANID_MEM_ID
                0x0000441e                pds_ff_CS_NWK_DEPTH_MEM_ID
                0x00004424                pds_ff_CS_NWK_PARENT_ADDR_MEM_ID
                0x0000442a                pds_ff_NWK_RREQ_IDENTIFIER_MEM_ID
                0x00004430                pds_ff_NWK_UPDATE_ID_MEM_ID
                0x00004436                pds_ff_CS_DTR_WAKEUP_MEM_ID
                0x0000443c                pds_ff_CS_NWK_LEAVE_REQ_ALLOWED_MEM_ID
                0x00004442                pds_ff_CS_NWK_UNIQUE_ADDR_MEM_ID
                0x00004448                pds_ff_CS_NWK_ADDR_MEM_ID
                0x0000444e                pds_ff_CS_NWK_PREDEFINED_PANID_MEM_ID
                0x00004454                pds_ff_CS_NWK_PANID_MEM_ID
                0x0000445a                pds_ff_CS_ZDP_USER_DESCRIPTOR_MEM_ID
                0x00004460                pds_ff_CS_USER_DESCRIPTOR_AVAILABLE_MEM_ID
                0x00004466                pds_ff_CS_COMPLEX_DESCRIPTOR_AVAILABLE_MEM_ID
                0x0000446c                pds_ff_CS_RX_ON_WHEN_IDLE_MEM_ID
                0x00004472                pds_ff_CS_DEVICE_TYPE_MEM_ID
                0x00004478                pds_ff_CS_CHANNEL_PAGE_MEM_ID
                0x0000447e                pds_ff_CS_CHANNEL_MASK_MEM_ID
                0x00004484                pds_ff_CS_EXT_PANID_MEM_ID
                0x0000448a                pds_ff_CS_RF_TX_POWER_MEM_ID
                0x00004490                pds_ff_CS_UID_MEM_ID
                0x00004496                PROVIDE (__pds_ff_end, .)
                0x00004496                PROVIDE (__pds_fd_start, .)
 *(.pds_fd)
 .pds_fd        0x00004496       0x1e All_MegaRf_Atmega256rfr2_8Mhz_Gcc/Obj/csPersistentMem.o
                0x00004496                BCRejoinParamsDirDescr
                0x0000449c                BCExtGenParamsDirDescr
                0x000044a2                BCSystemDirDescr
                0x000044a8                csExtendedParamsDirDescr
                0x000044ae                csGeneralParamsDirDescr
                0x000044b4                PROVIDE (__pds_fd_end, .)
 *(.progmem.gcc*)
 .progmem.gcc_sw_table.macenvSetPibAttr
                0x000044b4       0x9a ../../../../BitCloud/lib/libBc_All_Atmega256rfr2_Atmega256rfr2_Gcc.a(macenvPib.o)
 .progmem.gcc_sw_table.macenvGetPibAttr
                0x0000454e       0x9a ../../../../BitCloud/lib/libBc_All_Atmega256rfr2_Atmega256rfr2_Gcc.a(macenvPib.o)
 .progmem.gcc_sw_table.MAC_PHY_HWD_TaskHandler
                0x000045e8       0x2a ../../../../BitCloud/lib/libBc_All_Atmega256rfr2_Atmega256rfr2_Gcc.a(machwdManager.o)
 .progmem.gcc_sw_table.machwiSendConfToUpperLayer
                0x00004612       0x20 ../../../../BitCloud/lib/libBc_All_Atmega256rfr2_Atmega256rfr2_Gcc.a(machwiManager.o)
 .progmem.gcc_sw_table.MAC_HWI_TaskHandler
                0x00004632       0x1c ../../../../BitCloud/lib/libBc_All_Atmega256rfr2_Atmega256rfr2_Gcc.a(machwiManager.o)
 .progmem.gcc_sw_table.MACHWD_DataInd
                0x0000464e       0x16 ../../../../BitCloud/lib/libBc_All_Atmega256rfr2_Atmega256rfr2_Gcc.a(machwiPanServer.o)
 .progmem.gcc_sw_table.machwdSetConfirm
                0x00004664       0x20 ../../../../BitCloud/lib/libBc_All_Atmega256rfr2_Atmega256rfr2_Gcc.a(machwiScanHandler.o)
 .progmem.gcc_sw_table.nwkJoinReqMacSetConf
                0x00004684       0x24 ../../../../BitCloud/lib/libBc_All_Atmega256rfr2_Atmega256rfr2_Gcc.a(nwk.o)
 .progmem.gcc_sw_table.nwkTxDelayReq
                0x000046a8       0x1e ../../../../BitCloud/lib/libBc_All_Atmega256rfr2_Atmega256rfr2_Gcc.a(nwk.o)
 .progmem.gcc_sw_table.nwkTxTaskHandler
                0x000046c6       0x14 ../../../../BitCloud/lib/libBc_All_Atmega256rfr2_Atmega256rfr2_Gcc.a(nwk.o)
 .progmem.gcc_sw_table.zdoZdpReqHandler
                0x000046da       0x2c ../../../../BitCloud/lib/libBc_All_Atmega256rfr2_Atmega256rfr2_Gcc.a(zdo.o)
 .progmem.gcc_sw_table.NWK_NwkStatusInd
                0x00004706       0x1c ../../../../BitCloud/lib/libBc_All_Atmega256rfr2_Atmega256rfr2_Gcc.a(zdo.o)
 .progmem.gcc_sw_table.APS_ZdoDataInd
                0x00004722       0x2c ../../../../BitCloud/lib/libBc_All_Atmega256rfr2_Atmega256rfr2_Gcc.a(zdo.o)
 .progmem.gcc_sw_table.machwdParseFrame
                0x0000474e       0x10 ../../../../BitCloud/lib/libBc_All_Atmega256rfr2_Atmega256rfr2_Gcc.a(machwdFrameRoutine.o)
 .progmem.gcc_sw_table.machwdComposeFrame
                0x0000475e       0x16 ../../../../BitCloud/lib/libBc_All_Atmega256rfr2_Atmega256rfr2_Gcc.a(machwdFrameRoutine.o)
 *(.progmem*)
 .progmem.data  0x00004774       0xaa All_MegaRf_Atmega256rfr2_8Mhz_Gcc/Obj/csPersistentMem.o
                0x00004774                BCRejoinParamsMemoryIdsTable
                0x00004798                BCExtGenParamsMemoryIdsTable
                0x000047c2                BCSystemMemoryIdsTable
                0x000047f4                CsExtendedMemoryIdsTable
                0x000047fc                CsGeneralMemoryIdsTable
 .progmem.data  0x0000481e      0x39f All_MegaRf_Atmega256rfr2_8Mhz_Gcc/Obj/csMem.o
                0x0000481e                csMemItems
                0x000048ae                csConstItems
                0x0000496a                csVarItems
                0x00004aa6                csReadOnlyItems
                0x00004ad8                defaultSIB
                0x00004b20                defaultAIB
                0x00004b23                defaultZIB
                0x00004b36                defaultNIB
 .progmem.data  0x00004bbd       0x10 ../../../../BitCloud/lib/libBc_All_Atmega256rfr2_Atmega256rfr2_Gcc.a(aps.o)
 .progmem.data  0x00004bcd      0x138 ../../../../BitCloud/lib/libBc_All_Atmega256rfr2_Atmega256rfr2_Gcc.a(nwk.o)
 .progmem.data  0x00004d05        0xc ../../../../BitCloud/lib/libBc_All_Atmega256rfr2_Atmega256rfr2_Gcc.a(zdo.o)
 .progmem.data  0x00004d11       0x20 ../../../../BitCloud/lib/libHAL_MegaRf_Atmega256rfr2_8Mhz_Gcc.a(halTaskManager.o)
                0x00004d11                halHandlers
 .progmem.data  0x00004d31        0xc ../../../../BitCloud/lib/libHAL_MegaRf_Atmega256rfr2_8Mhz_Gcc.a(usart.o)
                0x00004d3e                . = ALIGN (0x2)
 *fill*         0x00004d3d        0x1 
 *(.trampolines*)
 .trampolines   0x00004d3e        0x0 linker stubs
 *(.jumptables*)
 *(.lowtext*)
 *(.init0)
 .init0         0x00004d3e        0x0 c:/program files (x86)/atmel/atmel toolchain/avr8 gcc/native/3.4.1061/avr8-gnu-toolchain/bin/../lib/gcc/avr/4.8.1/../../../../avr/lib/avr6/crtm256rfr2.o
                0x00004d3e                __init
 .init0         0x00004d3e       0x36 ../../../../BitCloud/lib/WdtInitatmega256rfr2_Gcc.o
                0x00004d3e                halWdtInit
 *(.init0)
 *(.init1)
 .init1         0x00004d74       0x14 ../../../../BitCloud/lib/WdtInitatmega256rfr2_Gcc.o
                0x00004d74                halFillStack
 *(.init1)
 *(.init2)
 .init2         0x00004d88       0x10 c:/program files (x86)/atmel/atmel toolchain/avr8 gcc/native/3.4.1061/avr8-gnu-toolchain/bin/../lib/gcc/avr/4.8.1/../../../../avr/lib/avr6/crtm256rfr2.o
 *(.init2)
 *(.init3)
 *(.init3)
 *(.init4)
 .init4         0x00004d98       0x1a c:/program files (x86)/atmel/atmel toolchain/avr8 gcc/native/3.4.1061/avr8-gnu-toolchain/bin/../lib/gcc/avr/4.8.1/avr6\libgcc.a(_copy_data.o)
                0x00004d98                __do_copy_data
 .init4         0x00004db2       0x10 c:/program files (x86)/atmel/atmel toolchain/avr8 gcc/native/3.4.1061/avr8-gnu-toolchain/bin/../lib/gcc/avr/4.8.1/avr6\libgcc.a(_clear_bss.o)
                0x00004db2                __do_clear_bss
 *(.init4)
 *(.init5)
 *(.init5)
 *(.init6)
 *(.init6)
 *(.init7)
 *(.init7)
 *(.init8)
 *(.init8)
 *(.text.main)
 *(.text*main)
 .text.startup.main
                0x00004dc2        0xa All_MegaRf_Atmega256rfr2_8Mhz_Gcc/Obj/app.o
                0x00004dc2                main
 *(.text)
 .text          0x00004dcc        0x4 c:/program files (x86)/atmel/atmel toolchain/avr8 gcc/native/3.4.1061/avr8-gnu-toolchain/bin/../lib/gcc/avr/4.8.1/../../../../avr/lib/avr6/crtm256rfr2.o
                0x00004dcc                __vector_22
                0x00004dcc                __vector_28
                0x00004dcc                __vector_67
                0x00004dcc                __vector_32
                0x00004dcc                __vector_75
                0x00004dcc                __vector_34
                0x00004dcc                __vector_62
                0x00004dcc                __vector_12
                0x00004dcc                __vector_55
                0x00004dcc                __vector_69
                0x00004dcc                __vector_46
                0x00004dcc                __bad_interrupt
                0x00004dcc                __vector_72
                0x00004dcc                __vector_31
                0x00004dcc                __vector_35
                0x00004dcc                __vector_74
                0x00004dcc                __vector_23
                0x00004dcc                __vector_68
                0x00004dcc                __vector_73
                0x00004dcc                __vector_45
                0x00004dcc                __vector_61
                0x00004dcc                __vector_11
                0x00004dcc                __vector_54
                0x00004dcc                __vector_17
                0x00004dcc                __vector_19
                0x00004dcc                __vector_56
                0x00004dcc                __vector_49
                0x00004dcc                __vector_41
                0x00004dcc                __vector_64
                0x00004dcc                __vector_33
                0x00004dcc                __vector_76
                0x00004dcc                __vector_47
                0x00004dcc                __vector_52
                0x00004dcc                __vector_44
                0x00004dcc                __vector_51
                0x00004dcc                __vector_21
                0x00004dcc                __vector_66
                0x00004dcc                __vector_58
                0x00004dcc                __vector_70
                0x00004dcc                __vector_40
                0x00004dcc                __vector_48
                0x00004dcc                __vector_14
                0x00004dcc                __vector_57
                0x00004dcc                __vector_53
                0x00004dcc                __vector_50
                0x00004dcc                __vector_16
                0x00004dcc                __vector_59
                0x00004dcc                __vector_18
                0x00004dcc                __vector_20
                0x00004dcc                __vector_65
 .text          0x00004dd0       0xb8 ../../../../BitCloud/lib/libHAL_MegaRf_Atmega256rfr2_8Mhz_Gcc.a(halW1.o)
                0x00004dd0                halResetW1
                0x00004dfc                halReadW1Bit
                0x00004e26                halReadW1
                0x00004e40                halWriteW1bit
                0x00004e68                halWriteW1
                0x00004e78                __delay_us
 .text          0x00004e88       0x3a ../../../../BitCloud/lib/libHAL_MegaRf_Atmega256rfr2_8Mhz_Gcc.a(halCalibration.o)
                0x00004e88                halMeasurement
 *(.text.*)
 .text.startupTimerComplete
                0x00004ec2       0x28 All_MegaRf_Atmega256rfr2_8Mhz_Gcc/Obj/app.o
 .text.resetDelayTimerComplete
                0x00004eea       0x28 All_MegaRf_Atmega256rfr2_8Mhz_Gcc/Obj/app.o
 .text.readDelayTimerComplete
                0x00004f12       0x28 All_MegaRf_Atmega256rfr2_8Mhz_Gcc/Obj/app.o
 .text.mesTimerComplete
                0x00004f3a       0x28 All_MegaRf_Atmega256rfr2_8Mhz_Gcc/Obj/app.o
 .text.callbackcmdSCD
                0x00004f62       0x16 All_MegaRf_Atmega256rfr2_8Mhz_Gcc/Obj/app.o
 .text.callbackrdSCD
                0x00004f78       0x16 All_MegaRf_Atmega256rfr2_8Mhz_Gcc/Obj/app.o
 .text.calculateOutputSCD
                0x00004f8e       0x64 All_MegaRf_Atmega256rfr2_8Mhz_Gcc/Obj/app.o
                0x00004f8e                calculateOutputSCD
 .text.callReadSCD
                0x00004ff2       0x46 All_MegaRf_Atmega256rfr2_8Mhz_Gcc/Obj/app.o
                0x00004ff2                callReadSCD
 .text.readSCD  0x00005038       0x48 All_MegaRf_Atmega256rfr2_8Mhz_Gcc/Obj/app.o
                0x00005038                readSCD
 .text.APL_TaskHandler
                0x00005080      0x1a6 All_MegaRf_Atmega256rfr2_8Mhz_Gcc/Obj/app.o
                0x00005080                APL_TaskHandler
 .text.ZDO_MgmtNwkUpdateNotf
                0x00005226        0x2 All_MegaRf_Atmega256rfr2_8Mhz_Gcc/Obj/app.o
                0x00005226                ZDO_MgmtNwkUpdateNotf
 .text.ZDO_WakeUpInd
                0x00005228        0x2 All_MegaRf_Atmega256rfr2_8Mhz_Gcc/Obj/app.o
                0x00005228                ZDO_WakeUpInd
 .text.ZDO_BindIndication
                0x0000522a        0x2 All_MegaRf_Atmega256rfr2_8Mhz_Gcc/Obj/app.o
                0x0000522a                ZDO_BindIndication
 .text.ZDO_UnbindIndication
                0x0000522c        0x2 All_MegaRf_Atmega256rfr2_8Mhz_Gcc/Obj/app.o
                0x0000522c                ZDO_UnbindIndication
 .text.copyStrToBuffer
                0x0000522e       0x80 All_MegaRf_Atmega256rfr2_8Mhz_Gcc/Obj/usartManager.o
 .text.usartWriteConf
                0x000052ae       0xac All_MegaRf_Atmega256rfr2_8Mhz_Gcc/Obj/usartManager.o
 .text.appInitUsartManager
                0x0000535a       0x5e All_MegaRf_Atmega256rfr2_8Mhz_Gcc/Obj/usartManager.o
                0x0000535a                appInitUsartManager
 .text.appWriteDataToUsart
                0x000053b8       0x68 All_MegaRf_Atmega256rfr2_8Mhz_Gcc/Obj/usartManager.o
                0x000053b8                appWriteDataToUsart
 .text.uint32_to_str
                0x00005420       0x62 All_MegaRf_Atmega256rfr2_8Mhz_Gcc/Obj/usartManager.o
                0x00005420                uint32_to_str
 .text.pdsGetFileDescrRec
                0x00005482       0x62 All_MegaRf_Atmega256rfr2_8Mhz_Gcc/Obj/stdPdsMemAccess.o
                0x00005482                pdsGetFileDescrRec
 .text.pdsGetFileOffset
                0x000054e4      0x11a All_MegaRf_Atmega256rfr2_8Mhz_Gcc/Obj/stdPdsMemAccess.o
                0x000054e4                pdsGetFileOffset
 .text.pdsPrepareMemoryAccess
                0x000055fe       0xd0 All_MegaRf_Atmega256rfr2_8Mhz_Gcc/Obj/stdPdsMemAccess.o
                0x000055fe                pdsPrepareMemoryAccess
 .text.pdsExpandWithDirContent
                0x000056ce      0x122 All_MegaRf_Atmega256rfr2_8Mhz_Gcc/Obj/stdPdsMemAccess.o
                0x000056ce                pdsExpandWithDirContent
 .text.pdsPrepareAccessContext
                0x000057f0       0x3a All_MegaRf_Atmega256rfr2_8Mhz_Gcc/Obj/stdPdsMemAccess.o
                0x000057f0                pdsPrepareAccessContext
 .text.pdsTimerFired
                0x0000582a        0xc All_MegaRf_Atmega256rfr2_8Mhz_Gcc/Obj/stdPdsTimer.o
 .text.pdsTimerInit
                0x00005836       0x12 All_MegaRf_Atmega256rfr2_8Mhz_Gcc/Obj/stdPdsTimer.o
                0x00005836                pdsTimerInit
 .text.pdsDummyCallback
                0x00005848        0x2 All_MegaRf_Atmega256rfr2_8Mhz_Gcc/Obj/stdPdsWriteData.o
                0x00005848                pdsDummyCallback
 .text.pdsAddDataForCommitment
                0x0000584a       0x24 All_MegaRf_Atmega256rfr2_8Mhz_Gcc/Obj/stdPdsWriteData.o
                0x0000584a                pdsAddDataForCommitment
 .text.pdsWaitMemoryFree
                0x0000586e        0xe All_MegaRf_Atmega256rfr2_8Mhz_Gcc/Obj/stdPdsWriteData.o
                0x0000586e                pdsWaitMemoryFree
 .text.pdsWrite
                0x0000587c       0x3c All_MegaRf_Atmega256rfr2_8Mhz_Gcc/Obj/stdPdsWriteData.o
                0x0000587c                pdsWrite
 .text.pdsRead  0x000058b8       0x3c All_MegaRf_Atmega256rfr2_8Mhz_Gcc/Obj/stdPdsWriteData.o
                0x000058b8                pdsRead
 .text.pdsStartCommitment
                0x000058f4      0x176 All_MegaRf_Atmega256rfr2_8Mhz_Gcc/Obj/stdPdsWriteData.o
                0x000058f4                pdsStartCommitment
 .text.pdsCalculateRAMDataCrc
                0x00005a6a       0x14 All_MegaRf_Atmega256rfr2_8Mhz_Gcc/Obj/stdPdsCrcService.o
                0x00005a6a                pdsCalculateRAMDataCrc
 .text.PDS_Init
                0x00005a7e      0x29a All_MegaRf_Atmega256rfr2_8Mhz_Gcc/Obj/stdPdsInit.o
                0x00005a7e                PDS_Init
 .text.pdsMemMaskIsAnyBitSet
                0x00005d18       0x1a All_MegaRf_Atmega256rfr2_8Mhz_Gcc/Obj/stdPdsDataServer.o
 .text.pdsInitMemMask
                0x00005d32       0x36 All_MegaRf_Atmega256rfr2_8Mhz_Gcc/Obj/stdPdsDataServer.o
 .text.pdsGetMemoryAllowed.part.0
                0x00005d68       0x1a All_MegaRf_Atmega256rfr2_8Mhz_Gcc/Obj/stdPdsDataServer.o
 .text.PDS_Store
                0x00005d82       0x3e All_MegaRf_Atmega256rfr2_8Mhz_Gcc/Obj/stdPdsDataServer.o
                0x00005d82                PDS_Store
 .text.PDS_TaskHandler
                0x00005dc0        0x2 All_MegaRf_Atmega256rfr2_8Mhz_Gcc/Obj/stdPdsDataServer.o
                0x00005dc0                PDS_TaskHandler
 .text.sysIdleHandlerSleepConf
                0x00005dc2        0x2 All_MegaRf_Atmega256rfr2_8Mhz_Gcc/Obj/sysIdleHandler.o
 .text.SYS_IdleHandler
                0x00005dc4       0x5a All_MegaRf_Atmega256rfr2_8Mhz_Gcc/Obj/sysIdleHandler.o
                0x00005dc4                SYS_IdleHandler
 .text.SYS_IsSleepWhenIdleEnabled
                0x00005e1e        0x6 All_MegaRf_Atmega256rfr2_8Mhz_Gcc/Obj/sysIdleHandler.o
                0x00005e1e                SYS_IsSleepWhenIdleEnabled
 .text.SYS_Sleep
                0x00005e24        0x6 All_MegaRf_Atmega256rfr2_8Mhz_Gcc/Obj/sysSleep.o
                0x00005e24                SYS_Sleep
 .text.SYS_PostEvent
                0x00005e2a       0x9c All_MegaRf_Atmega256rfr2_8Mhz_Gcc/Obj/sysEventsHandler.o
                0x00005e2a                SYS_PostEvent
 .text.SYS_IsEventDeliverable
                0x00005ec6       0x34 All_MegaRf_Atmega256rfr2_8Mhz_Gcc/Obj/sysEventsHandler.o
                0x00005ec6                SYS_IsEventDeliverable
 .text.SYS_IsEventSubscriber
                0x00005efa       0x2e All_MegaRf_Atmega256rfr2_8Mhz_Gcc/Obj/sysEventsHandler.o
                0x00005efa                SYS_IsEventSubscriber
 .text.SYS_SubscribeToEvent
                0x00005f28       0x82 All_MegaRf_Atmega256rfr2_8Mhz_Gcc/Obj/sysEventsHandler.o
                0x00005f28                SYS_SubscribeToEvent
 .text.SYS_UnsubscribeFromEvent
                0x00005faa       0x88 All_MegaRf_Atmega256rfr2_8Mhz_Gcc/Obj/sysEventsHandler.o
                0x00005faa                SYS_UnsubscribeFromEvent
 .text.deleteHeadQueueElem
                0x00006032       0x18 All_MegaRf_Atmega256rfr2_8Mhz_Gcc/Obj/sysQueue.o
                0x00006032                deleteHeadQueueElem
 .text.deleteQueueElem
                0x0000604a       0x40 All_MegaRf_Atmega256rfr2_8Mhz_Gcc/Obj/sysQueue.o
                0x0000604a                deleteQueueElem
 .text.isQueueElem
                0x0000608a       0x20 All_MegaRf_Atmega256rfr2_8Mhz_Gcc/Obj/sysQueue.o
                0x0000608a                isQueueElem
 .text.putQueueElem
                0x000060aa       0x56 All_MegaRf_Atmega256rfr2_8Mhz_Gcc/Obj/sysQueue.o
                0x000060aa                putQueueElem
 .text.sysRndConfirm
                0x00006100       0x46 All_MegaRf_Atmega256rfr2_8Mhz_Gcc/Obj/sysUtils.o
 .text.sysUpdateRndSeedTimerFired
                0x00006146        0xa All_MegaRf_Atmega256rfr2_8Mhz_Gcc/Obj/sysUtils.o
 .text.sysStartUpdatingRandSeed
                0x00006150       0x24 All_MegaRf_Atmega256rfr2_8Mhz_Gcc/Obj/sysUtils.o
                0x00006150                sysStartUpdatingRandSeed
 .text.sysStopUpdatingRandSeed
                0x00006174        0xa All_MegaRf_Atmega256rfr2_8Mhz_Gcc/Obj/sysUtils.o
                0x00006174                sysStopUpdatingRandSeed
 .text.SYS_DefAssertCallbackError
                0x0000617e       0x30 All_MegaRf_Atmega256rfr2_8Mhz_Gcc/Obj/sysAssert.o
                0x0000617e                SYS_DefAssertCallbackError
 .text.SYS_DefAssertCallbackFatal
                0x000061ae       0x30 All_MegaRf_Atmega256rfr2_8Mhz_Gcc/Obj/sysAssert.o
                0x000061ae                SYS_DefAssertCallbackFatal
 .text.SYS_DuplicateTableReset
                0x000061de       0x64 All_MegaRf_Atmega256rfr2_8Mhz_Gcc/Obj/sysDuplicateTable.o
                0x000061de                SYS_DuplicateTableReset
 .text.SYS_DuplicateTableCheck
                0x00006242      0x110 All_MegaRf_Atmega256rfr2_8Mhz_Gcc/Obj/sysDuplicateTable.o
                0x00006242                SYS_DuplicateTableCheck
 .text.SYS_InitZsiLayer
                0x00006352        0x4 All_MegaRf_Atmega256rfr2_8Mhz_Gcc/Obj/sysInit.o
                0x00006352                SYS_InitZsiLayer
 .text.SYS_InitZclLayer
                0x00006356        0x2 All_MegaRf_Atmega256rfr2_8Mhz_Gcc/Obj/sysInit.o
                0x00006356                SYS_InitZclLayer
 .text.processManagerTask
                0x00006358       0x88 All_MegaRf_Atmega256rfr2_8Mhz_Gcc/Obj/sysTaskManager.o
 .text.SYS_SysInit
                0x000063e0       0x2c All_MegaRf_Atmega256rfr2_8Mhz_Gcc/Obj/sysTaskManager.o
                0x000063e0                SYS_SysInit
 .text.SYS_RunTask
                0x0000640c       0x2a All_MegaRf_Atmega256rfr2_8Mhz_Gcc/Obj/sysTaskManager.o
                0x0000640c                SYS_RunTask
 .text.SYS_ForceRunTask
                0x00006436        0x4 All_MegaRf_Atmega256rfr2_8Mhz_Gcc/Obj/sysTaskManager.o
                0x00006436                SYS_ForceRunTask
 .text.SYS_StartTimer
                0x0000643a       0x14 All_MegaRf_Atmega256rfr2_8Mhz_Gcc/Obj/sysTimer.o
                0x0000643a                SYS_StartTimer
 .text.SYS_StopTimer
                0x0000644e       0x12 All_MegaRf_Atmega256rfr2_8Mhz_Gcc/Obj/sysTimer.o
                0x0000644e                SYS_StopTimer
 .text.SYS_InitTimer
                0x00006460       0x3e All_MegaRf_Atmega256rfr2_8Mhz_Gcc/Obj/sysTimer.o
                0x00006460                SYS_InitTimer
 .text.BSP_TaskHandler
                0x0000649e        0x2 All_MegaRf_Atmega256rfr2_8Mhz_Gcc/Obj/bspTaskManager.o
                0x0000649e                BSP_TaskHandler
 .text.csSetToDefault
                0x000064a0       0x8c All_MegaRf_Atmega256rfr2_8Mhz_Gcc/Obj/csMem.o
                0x000064a0                csSetToDefault
 .text.csGetItem
                0x0000652c       0x84 All_MegaRf_Atmega256rfr2_8Mhz_Gcc/Obj/configServer.o
 .text.CS_Init  0x000065b0        0x6 All_MegaRf_Atmega256rfr2_8Mhz_Gcc/Obj/configServer.o
                0x000065b0                CS_Init
 .text.CS_GetMemory
                0x000065b6       0x44 All_MegaRf_Atmega256rfr2_8Mhz_Gcc/Obj/configServer.o
                0x000065b6                CS_GetMemory
 .text.CS_ReadParameter
                0x000065fa       0x70 All_MegaRf_Atmega256rfr2_8Mhz_Gcc/Obj/configServer.o
                0x000065fa                CS_ReadParameter
 .text.CS_WriteParameter
                0x0000666a       0x52 All_MegaRf_Atmega256rfr2_8Mhz_Gcc/Obj/configServer.o
                0x0000666a                CS_WriteParameter
 .text.apsIsFragmentationDataReq
                0x000066bc       0x34 ../../../../BitCloud/lib/libBc_All_Atmega256rfr2_Atmega256rfr2_Gcc.a(aps.o)
 .text.apsPostTask
                0x000066f0       0x30 ../../../../BitCloud/lib/libBc_All_Atmega256rfr2_Atmega256rfr2_Gcc.a(aps.o)
 .text.apsFreeBuffer
                0x00006720       0xce ../../../../BitCloud/lib/libBc_All_Atmega256rfr2_Atmega256rfr2_Gcc.a(aps.o)
 .text.apsMakeNwkDataResp
                0x000067ee       0x2e ../../../../BitCloud/lib/libBc_All_Atmega256rfr2_Atmega256rfr2_Gcc.a(aps.o)
 .text.apsGetBuffer
                0x0000681c      0x10c ../../../../BitCloud/lib/libBc_All_Atmega256rfr2_Atmega256rfr2_Gcc.a(aps.o)
 .text.apsDataManagerNwkDataConf
                0x00006928       0x16 ../../../../BitCloud/lib/libBc_All_Atmega256rfr2_Atmega256rfr2_Gcc.a(aps.o)
 .text.apsProcessEvent
                0x0000693e       0x50 ../../../../BitCloud/lib/libBc_All_Atmega256rfr2_Atmega256rfr2_Gcc.a(aps.o)
 .text.dataIndAddrResolvingConf
                0x0000698e       0x10 ../../../../BitCloud/lib/libBc_All_Atmega256rfr2_Atmega256rfr2_Gcc.a(aps.o)
 .text.apsSendNwkDataReq
                0x0000699e        0xe ../../../../BitCloud/lib/libBc_All_Atmega256rfr2_Atmega256rfr2_Gcc.a(aps.o)
 .text.apsProcessShortAddrModeDataReq
                0x000069ac      0x286 ../../../../BitCloud/lib/libBc_All_Atmega256rfr2_Atmega256rfr2_Gcc.a(aps.o)
 .text.apsSendNextBlock
                0x00006c32       0x10 ../../../../BitCloud/lib/libBc_All_Atmega256rfr2_Atmega256rfr2_Gcc.a(aps.o)
 .text.apsSendAckForFragmentedReceive
                0x00006c42       0xc8 ../../../../BitCloud/lib/libBc_All_Atmega256rfr2_Atmega256rfr2_Gcc.a(aps.o)
 .text.apsCalculateApsAckTimeout
                0x00006d0a       0x4a ../../../../BitCloud/lib/libBc_All_Atmega256rfr2_Atmega256rfr2_Gcc.a(aps.o)
 .text.apsGroupNwkDataConf
                0x00006d54       0x4e ../../../../BitCloud/lib/libBc_All_Atmega256rfr2_Atmega256rfr2_Gcc.a(aps.o)
 .text.apsResetMemoryManager
                0x00006da2       0xe0 ../../../../BitCloud/lib/libBc_All_Atmega256rfr2_Atmega256rfr2_Gcc.a(aps.o)
 .text.apsResetBindingTable
                0x00006e82       0x54 ../../../../BitCloud/lib/libBc_All_Atmega256rfr2_Atmega256rfr2_Gcc.a(aps.o)
 .text.apsStopConf
                0x00006ed6       0x52 ../../../../BitCloud/lib/libBc_All_Atmega256rfr2_Atmega256rfr2_Gcc.a(aps.o)
 .text.apsStartAckTimer
                0x00006f28      0x1e6 ../../../../BitCloud/lib/libBc_All_Atmega256rfr2_Atmega256rfr2_Gcc.a(aps.o)
 .text.apsAckForFragmentedReceiveConfirmHandler
                0x0000710e       0xa2 ../../../../BitCloud/lib/libBc_All_Atmega256rfr2_Atmega256rfr2_Gcc.a(aps.o)
 .text.apsAckOnTimerFired
                0x000071b0      0x166 ../../../../BitCloud/lib/libBc_All_Atmega256rfr2_Atmega256rfr2_Gcc.a(aps.o)
 .text.apsFindBindingEntry
                0x00007316      0x106 ../../../../BitCloud/lib/libBc_All_Atmega256rfr2_Atmega256rfr2_Gcc.a(aps.o)
 .text.apsIsValidBindingParameters
                0x0000741c       0x7e ../../../../BitCloud/lib/libBc_All_Atmega256rfr2_Atmega256rfr2_Gcc.a(aps.o)
 .text.apsMakeApsDataConf
                0x0000749a       0x68 ../../../../BitCloud/lib/libBc_All_Atmega256rfr2_Atmega256rfr2_Gcc.a(aps.o)
 .text.apsGetAckByDataBuffer.isra.5
                0x00007502       0x82 ../../../../BitCloud/lib/libBc_All_Atmega256rfr2_Atmega256rfr2_Gcc.a(aps.o)
 .text.dataReqAddrResolvingConf
                0x00007584       0x20 ../../../../BitCloud/lib/libBc_All_Atmega256rfr2_Atmega256rfr2_Gcc.a(aps.o)
 .text.apsProcessGroupAddrModeDataReq
                0x000075a4      0x1ac ../../../../BitCloud/lib/libBc_All_Atmega256rfr2_Atmega256rfr2_Gcc.a(aps.o)
 .text.apsPrepareFragmentedTransmission
                0x00007750       0x74 ../../../../BitCloud/lib/libBc_All_Atmega256rfr2_Atmega256rfr2_Gcc.a(aps.o)
 .text.apsNextBind
                0x000077c4       0xc0 ../../../../BitCloud/lib/libBc_All_Atmega256rfr2_Atmega256rfr2_Gcc.a(aps.o)
 .text.apsSendToNextBoundDevice
                0x00007884      0x140 ../../../../BitCloud/lib/libBc_All_Atmega256rfr2_Atmega256rfr2_Gcc.a(aps.o)
 .text.bindDataReqAddrResolvingConf
                0x000079c4       0x7e ../../../../BitCloud/lib/libBc_All_Atmega256rfr2_Atmega256rfr2_Gcc.a(aps.o)
                0x000079c4                bindDataReqAddrResolvingConf
 .text.apsProcessIndirectDataReq
                0x00007a42       0x6c ../../../../BitCloud/lib/libBc_All_Atmega256rfr2_Atmega256rfr2_Gcc.a(aps.o)
 .text.apsHandleTransmittedData.constprop.14
                0x00007aae       0xc2 ../../../../BitCloud/lib/libBc_All_Atmega256rfr2_Atmega256rfr2_Gcc.a(aps.o)
 .text.APS_BindReq
                0x00007b70       0xbc ../../../../BitCloud/lib/libBc_All_Atmega256rfr2_Atmega256rfr2_Gcc.a(aps.o)
                0x00007b70                APS_BindReq
 .text.APS_FreeBindingEntry
                0x00007c2c       0x64 ../../../../BitCloud/lib/libBc_All_Atmega256rfr2_Atmega256rfr2_Gcc.a(aps.o)
                0x00007c2c                APS_FreeBindingEntry
 .text.APS_UnbindReq
                0x00007c90       0x28 ../../../../BitCloud/lib/libBc_All_Atmega256rfr2_Atmega256rfr2_Gcc.a(aps.o)
                0x00007c90                APS_UnbindReq
 .text.APS_NextBindingEntry
                0x00007cb8       0x40 ../../../../BitCloud/lib/libBc_All_Atmega256rfr2_Atmega256rfr2_Gcc.a(aps.o)
                0x00007cb8                APS_NextBindingEntry
 .text.APS_DataReq
                0x00007cf8       0x20 ../../../../BitCloud/lib/libBc_All_Atmega256rfr2_Atmega256rfr2_Gcc.a(aps.o)
                0x00007cf8                APS_DataReq
 .text.NWK_DataInd
                0x00007d18       0x20 ../../../../BitCloud/lib/libBc_All_Atmega256rfr2_Atmega256rfr2_Gcc.a(aps.o)
                0x00007d18                NWK_DataInd
 .text.APS_CalculateTimes
                0x00007d38      0x1ca ../../../../BitCloud/lib/libBc_All_Atmega256rfr2_Atmega256rfr2_Gcc.a(aps.o)
                0x00007d38                APS_CalculateTimes
 .text.apsResetDataManager
                0x00007f02       0xee ../../../../BitCloud/lib/libBc_All_Atmega256rfr2_Atmega256rfr2_Gcc.a(aps.o)
 .text.apsNwkResetConf
                0x00007ff0      0x214 ../../../../BitCloud/lib/libBc_All_Atmega256rfr2_Atmega256rfr2_Gcc.a(aps.o)
 .text.apsStateMachineTaskHandler
                0x00008204      0x120 ../../../../BitCloud/lib/libBc_All_Atmega256rfr2_Atmega256rfr2_Gcc.a(aps.o)
 .text.APS_IsProfileIdMatched
                0x00008324       0x74 ../../../../BitCloud/lib/libBc_All_Atmega256rfr2_Atmega256rfr2_Gcc.a(aps.o)
                0x00008324                APS_IsProfileIdMatched
 .text.APS_NextEndpoint
                0x00008398       0x16 ../../../../BitCloud/lib/libBc_All_Atmega256rfr2_Atmega256rfr2_Gcc.a(aps.o)
                0x00008398                APS_NextEndpoint
 .text.apsFindEndpoint
                0x000083ae       0x28 ../../../../BitCloud/lib/libBc_All_Atmega256rfr2_Atmega256rfr2_Gcc.a(aps.o)
 .text.apsGroupIndication
                0x000083d6       0xa6 ../../../../BitCloud/lib/libBc_All_Atmega256rfr2_Atmega256rfr2_Gcc.a(aps.o)
 .text.apsUnicastDataInd
                0x0000847c      0x26a ../../../../BitCloud/lib/libBc_All_Atmega256rfr2_Atmega256rfr2_Gcc.a(aps.o)
 .text.apsApduUnicastHandler.constprop.12
                0x000086e6      0x596 ../../../../BitCloud/lib/libBc_All_Atmega256rfr2_Atmega256rfr2_Gcc.a(aps.o)
 .text.apsDataTaskHandler
                0x00008c7c      0xc0a ../../../../BitCloud/lib/libBc_All_Atmega256rfr2_Atmega256rfr2_Gcc.a(aps.o)
 .text.NWK_IntrpDataInd
                0x00009886      0x12e ../../../../BitCloud/lib/libBc_All_Atmega256rfr2_Atmega256rfr2_Gcc.a(aps.o)
                0x00009886                NWK_IntrpDataInd
 .text.APS_Init
                0x000099b4       0x2c ../../../../BitCloud/lib/libBc_All_Atmega256rfr2_Atmega256rfr2_Gcc.a(aps.o)
                0x000099b4                APS_Init
 .text.APS_ResetReq
                0x000099e0       0x40 ../../../../BitCloud/lib/libBc_All_Atmega256rfr2_Atmega256rfr2_Gcc.a(aps.o)
                0x000099e0                APS_ResetReq
 .text.APS_StartReq
                0x00009a20       0x1e ../../../../BitCloud/lib/libBc_All_Atmega256rfr2_Atmega256rfr2_Gcc.a(aps.o)
                0x00009a20                APS_StartReq
 .text.APS_StopReq
                0x00009a3e       0x1e ../../../../BitCloud/lib/libBc_All_Atmega256rfr2_Atmega256rfr2_Gcc.a(aps.o)
                0x00009a3e                APS_StopReq
 .text.APS_IsActiveTransaction
                0x00009a5c       0x7a ../../../../BitCloud/lib/libBc_All_Atmega256rfr2_Atmega256rfr2_Gcc.a(aps.o)
                0x00009a5c                APS_IsActiveTransaction
 .text.isApsBusyOrPollCheck
                0x00009ad6       0x60 ../../../../BitCloud/lib/libBc_All_Atmega256rfr2_Atmega256rfr2_Gcc.a(aps.o)
 .text.APS_HandleLeave
                0x00009b36        0xc ../../../../BitCloud/lib/libBc_All_Atmega256rfr2_Atmega256rfr2_Gcc.a(aps.o)
                0x00009b36                APS_HandleLeave
 .text.APS_TaskHandler
                0x00009b42       0xb4 ../../../../BitCloud/lib/libBc_All_Atmega256rfr2_Atmega256rfr2_Gcc.a(aps.o)
                0x00009b42                APS_TaskHandler
 .text.getSymbolsPerOctet
                0x00009bf6       0x30 ../../../../BitCloud/lib/libBc_All_Atmega256rfr2_Atmega256rfr2_Gcc.a(macenvPib.o)
 .text.storeTransmitPower
                0x00009c26       0x44 ../../../../BitCloud/lib/libBc_All_Atmega256rfr2_Atmega256rfr2_Gcc.a(macenvPib.o)
 .text.calculateMaxFrameDuration
                0x00009c6a       0x1c ../../../../BitCloud/lib/libBc_All_Atmega256rfr2_Atmega256rfr2_Gcc.a(macenvPib.o)
 .text.macenvGetPhySymbolDuration
                0x00009c86       0x46 ../../../../BitCloud/lib/libBc_All_Atmega256rfr2_Atmega256rfr2_Gcc.a(macenvPib.o)
                0x00009c86                macenvGetPhySymbolDuration
 .text.macenvConvertTransPersistTimeFromUnitsToMs
                0x00009ccc       0x36 ../../../../BitCloud/lib/libBc_All_Atmega256rfr2_Atmega256rfr2_Gcc.a(macenvPib.o)
                0x00009ccc                macenvConvertTransPersistTimeFromUnitsToMs
 .text.updateMaxFrameTxTime
                0x00009d02       0x34 ../../../../BitCloud/lib/libBc_All_Atmega256rfr2_Atmega256rfr2_Gcc.a(macenvPib.o)
 .text.macenvResetPib
                0x00009d36      0x10a ../../../../BitCloud/lib/libBc_All_Atmega256rfr2_Atmega256rfr2_Gcc.a(macenvPib.o)
                0x00009d36                macenvResetPib
 .text.macenvSetPibAttr
                0x00009e40      0x27a ../../../../BitCloud/lib/libBc_All_Atmega256rfr2_Atmega256rfr2_Gcc.a(macenvPib.o)
                0x00009e40                macenvSetPibAttr
 .text.macenvCalculateMaxFrameTotalWaitTimeInMs
                0x0000a0ba      0x12a ../../../../BitCloud/lib/libBc_All_Atmega256rfr2_Atmega256rfr2_Gcc.a(macenvPib.o)
                0x0000a0ba                macenvCalculateMaxFrameTotalWaitTimeInMs
 .text.macenvCalculateResponceWaitTimeInMs
                0x0000a1e4       0x30 ../../../../BitCloud/lib/libBc_All_Atmega256rfr2_Atmega256rfr2_Gcc.a(macenvPib.o)
                0x0000a1e4                macenvCalculateResponceWaitTimeInMs
 .text.macenvGetPibAttr
                0x0000a214      0x1e8 ../../../../BitCloud/lib/libBc_All_Atmega256rfr2_Atmega256rfr2_Gcc.a(macenvPib.o)
                0x0000a214                macenvGetPibAttr
 .text.MAC_GetExtAddr
                0x0000a3fc        0x6 ../../../../BitCloud/lib/libBc_All_Atmega256rfr2_Atmega256rfr2_Gcc.a(macenvPib.o)
                0x0000a3fc                MAC_GetExtAddr
 .text.MAC_IsOwnExtAddr
                0x0000a402       0x1a ../../../../BitCloud/lib/libBc_All_Atmega256rfr2_Atmega256rfr2_Gcc.a(macenvPib.o)
                0x0000a402                MAC_IsOwnExtAddr
 .text.MAC_GetOctetsTransmissionTimeInMs
                0x0000a41c       0x48 ../../../../BitCloud/lib/libBc_All_Atmega256rfr2_Atmega256rfr2_Gcc.a(macenvPib.o)
                0x0000a41c                MAC_GetOctetsTransmissionTimeInMs
 .text.postNewMacRequest
                0x0000a464       0x46 ../../../../BitCloud/lib/libBc_All_Atmega256rfr2_Atmega256rfr2_Gcc.a(machwdManager.o)
 .text.putReqInQueue
                0x0000a4aa       0x16 ../../../../BitCloud/lib/libBc_All_Atmega256rfr2_Atmega256rfr2_Gcc.a(machwdManager.o)
 .text.MACHWD_DataReq
                0x0000a4c0        0x6 ../../../../BitCloud/lib/libBc_All_Atmega256rfr2_Atmega256rfr2_Gcc.a(machwdManager.o)
                0x0000a4c0                MACHWD_DataReq
 .text.MACHWD_SetTrxStateReq
                0x0000a4c6        0x8 ../../../../BitCloud/lib/libBc_All_Atmega256rfr2_Atmega256rfr2_Gcc.a(machwdManager.o)
                0x0000a4c6                MACHWD_SetTrxStateReq
 .text.MACHWD_SetReq
                0x0000a4ce        0x8 ../../../../BitCloud/lib/libBc_All_Atmega256rfr2_Atmega256rfr2_Gcc.a(machwdManager.o)
                0x0000a4ce                MACHWD_SetReq
 .text.MACHWD_EdReq
                0x0000a4d6        0x8 ../../../../BitCloud/lib/libBc_All_Atmega256rfr2_Atmega256rfr2_Gcc.a(machwdManager.o)
                0x0000a4d6                MACHWD_EdReq
 .text.RF_RandomReq
                0x0000a4de       0x10 ../../../../BitCloud/lib/libBc_All_Atmega256rfr2_Atmega256rfr2_Gcc.a(machwdManager.o)
                0x0000a4de                RF_RandomReq
 .text.MACHWD_Reset
                0x0000a4ee       0x44 ../../../../BitCloud/lib/libBc_All_Atmega256rfr2_Atmega256rfr2_Gcc.a(machwdManager.o)
                0x0000a4ee                MACHWD_Reset
 .text.MAC_PHY_HWD_TaskHandler
                0x0000a532      0x1de ../../../../BitCloud/lib/libBc_All_Atmega256rfr2_Atmega256rfr2_Gcc.a(machwdManager.o)
                0x0000a532                MAC_PHY_HWD_TaskHandler
 .text.machwdRegAccessReqHandler
                0x0000a710       0x62 ../../../../BitCloud/lib/libBc_All_Atmega256rfr2_Atmega256rfr2_Gcc.a(machwdRegAccessHandler.o)
                0x0000a710                machwdRegAccessReqHandler
 .text.machwdRegAccessTaskHandler
                0x0000a772       0x46 ../../../../BitCloud/lib/libBc_All_Atmega256rfr2_Atmega256rfr2_Gcc.a(machwdRegAccessHandler.o)
                0x0000a772                machwdRegAccessTaskHandler
 .text.machwdReset
                0x0000a7b8       0xa8 ../../../../BitCloud/lib/libBc_All_Atmega256rfr2_Atmega256rfr2_Gcc.a(machwdResetHandler.o)
                0x0000a7b8                machwdReset
 .text.machwdRndReqHandler
                0x0000a860       0x38 ../../../../BitCloud/lib/libBc_All_Atmega256rfr2_Atmega256rfr2_Gcc.a(machwdRndHandler.o)
                0x0000a860                machwdRndReqHandler
 .text.machwdRndTaskHandler
                0x0000a898       0x32 ../../../../BitCloud/lib/libBc_All_Atmega256rfr2_Atmega256rfr2_Gcc.a(machwdRndHandler.o)
                0x0000a898                machwdRndTaskHandler
 .text.machwdResetRndHandler
                0x0000a8ca        0x6 ../../../../BitCloud/lib/libBc_All_Atmega256rfr2_Atmega256rfr2_Gcc.a(machwdRndHandler.o)
                0x0000a8ca                machwdResetRndHandler
 .text.machwdResetRxBuffers
                0x0000a8d0       0xb8 ../../../../BitCloud/lib/libBc_All_Atmega256rfr2_Atmega256rfr2_Gcc.a(machwdRxBuffer.o)
                0x0000a8d0                machwdResetRxBuffers
 .text.machwdNextBuffer
                0x0000a988       0x14 ../../../../BitCloud/lib/libBc_All_Atmega256rfr2_Atmega256rfr2_Gcc.a(machwdRxBuffer.o)
                0x0000a988                machwdNextBuffer
 .text.machwdReleaseBuffer
                0x0000a99c       0x4a ../../../../BitCloud/lib/libBc_All_Atmega256rfr2_Atmega256rfr2_Gcc.a(machwdRxBuffer.o)
                0x0000a99c                machwdReleaseBuffer
 .text.machwdNextBufferPresent
                0x0000a9e6       0x26 ../../../../BitCloud/lib/libBc_All_Atmega256rfr2_Atmega256rfr2_Gcc.a(machwdRxBuffer.o)
                0x0000a9e6                machwdNextBufferPresent
 .text.checkRxBuffer
                0x0000aa0c       0x8e ../../../../BitCloud/lib/libBc_All_Atmega256rfr2_Atmega256rfr2_Gcc.a(machwdRxFrameHandler.o)
 .text.machwdPerformIndicationFromBuffer.part.1
                0x0000aa9a       0xc4 ../../../../BitCloud/lib/libBc_All_Atmega256rfr2_Atmega256rfr2_Gcc.a(machwdRxFrameHandler.o)
 .text.machwdDataReqIndTaskHandler
                0x0000ab5e       0x12 ../../../../BitCloud/lib/libBc_All_Atmega256rfr2_Atmega256rfr2_Gcc.a(machwdRxFrameHandler.o)
                0x0000ab5e                machwdDataReqIndTaskHandler
 .text.machwdRxFrameIndTaskHandler
                0x0000ab70       0x12 ../../../../BitCloud/lib/libBc_All_Atmega256rfr2_Atmega256rfr2_Gcc.a(machwdRxFrameHandler.o)
                0x0000ab70                machwdRxFrameIndTaskHandler
 .text.executeSetReq
                0x0000ab82       0x6c ../../../../BitCloud/lib/libBc_All_Atmega256rfr2_Atmega256rfr2_Gcc.a(machwdSetHandler.o)
 .text.machwdSetReqHandler
                0x0000abee       0xdc ../../../../BitCloud/lib/libBc_All_Atmega256rfr2_Atmega256rfr2_Gcc.a(machwdSetHandler.o)
                0x0000abee                machwdSetReqHandler
 .text.machwdSetTaskHandler
                0x0000acca       0x38 ../../../../BitCloud/lib/libBc_All_Atmega256rfr2_Atmega256rfr2_Gcc.a(machwdSetHandler.o)
                0x0000acca                machwdSetTaskHandler
 .text.machwdResetSetHandler
                0x0000ad02        0xe ../../../../BitCloud/lib/libBc_All_Atmega256rfr2_Atmega256rfr2_Gcc.a(machwdSetHandler.o)
                0x0000ad02                machwdResetSetHandler
 .text.machwdGetPhyTrxCmd
                0x0000ad10       0x14 ../../../../BitCloud/lib/libBc_All_Atmega256rfr2_Atmega256rfr2_Gcc.a(machwdTrxCtrl.o)
                0x0000ad10                machwdGetPhyTrxCmd
 .text.machwdSendTrxCmd
                0x0000ad24        0xa ../../../../BitCloud/lib/libBc_All_Atmega256rfr2_Atmega256rfr2_Gcc.a(machwdTrxCtrl.o)
                0x0000ad24                machwdSendTrxCmd
 .text.machwdConvertTrxCmdToTrxState
                0x0000ad2e       0x14 ../../../../BitCloud/lib/libBc_All_Atmega256rfr2_Atmega256rfr2_Gcc.a(machwdTrxCtrl.o)
                0x0000ad2e                machwdConvertTrxCmdToTrxState
 .text.machwdConvertTrxStateToTrxCmd
                0x0000ad42       0x16 ../../../../BitCloud/lib/libBc_All_Atmega256rfr2_Atmega256rfr2_Gcc.a(machwdTrxCtrl.o)
                0x0000ad42                machwdConvertTrxStateToTrxCmd
 .text.machwdTrxReqHandler
                0x0000ad58       0x3c ../../../../BitCloud/lib/libBc_All_Atmega256rfr2_Atmega256rfr2_Gcc.a(machwdTrxHandler.o)
                0x0000ad58                machwdTrxReqHandler
 .text.machwdTrxTaskHandler
                0x0000ad94       0x3e ../../../../BitCloud/lib/libBc_All_Atmega256rfr2_Atmega256rfr2_Gcc.a(machwdTrxHandler.o)
                0x0000ad94                machwdTrxTaskHandler
 .text.machwdResetTrxHandler
                0x0000add2        0x6 ../../../../BitCloud/lib/libBc_All_Atmega256rfr2_Atmega256rfr2_Gcc.a(machwdTrxHandler.o)
                0x0000add2                machwdResetTrxHandler
 .text.executeDataReq
                0x0000add8       0x28 ../../../../BitCloud/lib/libBc_All_Atmega256rfr2_Atmega256rfr2_Gcc.a(machwdTxFrameHandler.o)
 .text.machwdTxFrameReqHandler
                0x0000ae00       0x5a ../../../../BitCloud/lib/libBc_All_Atmega256rfr2_Atmega256rfr2_Gcc.a(machwdTxFrameHandler.o)
                0x0000ae00                machwdTxFrameReqHandler
 .text.machwdTxFrameTaskHandler
                0x0000ae5a       0x76 ../../../../BitCloud/lib/libBc_All_Atmega256rfr2_Atmega256rfr2_Gcc.a(machwdTxFrameHandler.o)
                0x0000ae5a                machwdTxFrameTaskHandler
 .text.machwdResetTxFrameHandler
                0x0000aed0        0xa ../../../../BitCloud/lib/libBc_All_Atmega256rfr2_Atmega256rfr2_Gcc.a(machwdTxFrameHandler.o)
                0x0000aed0                machwdResetTxFrameHandler
 .text.machwdTxRetryHandler
                0x0000aeda       0x7a ../../../../BitCloud/lib/libBc_All_Atmega256rfr2_Atmega256rfr2_Gcc.a(machwdTxFrameHandler.o)
                0x0000aeda                machwdTxRetryHandler
 .text.postponeAction.part.0
                0x0000af54       0x1a ../../../../BitCloud/lib/libBc_All_Atmega256rfr2_Atmega256rfr2_Gcc.a(machwiManager.o)
 .text.putReqInQueue
                0x0000af6e       0x2c ../../../../BitCloud/lib/libBc_All_Atmega256rfr2_Atmega256rfr2_Gcc.a(machwiManager.o)
 .text.machwiSendConfToUpperLayer
                0x0000af9a       0xf4 ../../../../BitCloud/lib/libBc_All_Atmega256rfr2_Atmega256rfr2_Gcc.a(machwiManager.o)
                0x0000af9a                machwiSendConfToUpperLayer
 .text.MAC_HWI_TaskHandler
                0x0000b08e       0xec ../../../../BitCloud/lib/libBc_All_Atmega256rfr2_Atmega256rfr2_Gcc.a(machwiManager.o)
                0x0000b08e                MAC_HWI_TaskHandler
 .text.MAC_AssociateReq
                0x0000b17a        0x8 ../../../../BitCloud/lib/libBc_All_Atmega256rfr2_Atmega256rfr2_Gcc.a(machwiManager.o)
                0x0000b17a                MAC_AssociateReq
 .text.MAC_AssociateResp
                0x0000b182        0x8 ../../../../BitCloud/lib/libBc_All_Atmega256rfr2_Atmega256rfr2_Gcc.a(machwiManager.o)
                0x0000b182                MAC_AssociateResp
 .text.MAC_OrphanResp
                0x0000b18a        0x8 ../../../../BitCloud/lib/libBc_All_Atmega256rfr2_Atmega256rfr2_Gcc.a(machwiManager.o)
                0x0000b18a                MAC_OrphanResp
 .text.MAC_GetReq
                0x0000b192        0x8 ../../../../BitCloud/lib/libBc_All_Atmega256rfr2_Atmega256rfr2_Gcc.a(machwiManager.o)
                0x0000b192                MAC_GetReq
 .text.MAC_ResetReq
                0x0000b19a       0x66 ../../../../BitCloud/lib/libBc_All_Atmega256rfr2_Atmega256rfr2_Gcc.a(machwiManager.o)
                0x0000b19a                MAC_ResetReq
 .text.MAC_RxEnableReq
                0x0000b200        0x8 ../../../../BitCloud/lib/libBc_All_Atmega256rfr2_Atmega256rfr2_Gcc.a(machwiManager.o)
                0x0000b200                MAC_RxEnableReq
 .text.MAC_ScanReq
                0x0000b208        0x8 ../../../../BitCloud/lib/libBc_All_Atmega256rfr2_Atmega256rfr2_Gcc.a(machwiManager.o)
                0x0000b208                MAC_ScanReq
 .text.MAC_SetReq
                0x0000b210        0x8 ../../../../BitCloud/lib/libBc_All_Atmega256rfr2_Atmega256rfr2_Gcc.a(machwiManager.o)
                0x0000b210                MAC_SetReq
 .text.MAC_StartReq
                0x0000b218        0x8 ../../../../BitCloud/lib/libBc_All_Atmega256rfr2_Atmega256rfr2_Gcc.a(machwiManager.o)
                0x0000b218                MAC_StartReq
 .text.MAC_PollReq
                0x0000b220        0x8 ../../../../BitCloud/lib/libBc_All_Atmega256rfr2_Atmega256rfr2_Gcc.a(machwiManager.o)
                0x0000b220                MAC_PollReq
 .text.MAC_DataReq
                0x0000b228        0x8 ../../../../BitCloud/lib/libBc_All_Atmega256rfr2_Atmega256rfr2_Gcc.a(machwiManager.o)
                0x0000b228                MAC_DataReq
 .text.machwiSendAssociateInd
                0x0000b230        0xe ../../../../BitCloud/lib/libBc_All_Atmega256rfr2_Atmega256rfr2_Gcc.a(machwiManager.o)
                0x0000b230                machwiSendAssociateInd
 .text.machwiSendDataInd
                0x0000b23e        0xe ../../../../BitCloud/lib/libBc_All_Atmega256rfr2_Atmega256rfr2_Gcc.a(machwiManager.o)
                0x0000b23e                machwiSendDataInd
 .text.machwiSendBeaconNotifyInd
                0x0000b24c        0xe ../../../../BitCloud/lib/libBc_All_Atmega256rfr2_Atmega256rfr2_Gcc.a(machwiManager.o)
                0x0000b24c                machwiSendBeaconNotifyInd
 .text.machwiSendSyncLossNotifyInd
                0x0000b25a        0xe ../../../../BitCloud/lib/libBc_All_Atmega256rfr2_Atmega256rfr2_Gcc.a(machwiManager.o)
                0x0000b25a                machwiSendSyncLossNotifyInd
 .text.machwiSendOrphanInd
                0x0000b268        0xe ../../../../BitCloud/lib/libBc_All_Atmega256rfr2_Atmega256rfr2_Gcc.a(machwiManager.o)
                0x0000b268                machwiSendOrphanInd
 .text.machwiSendPollInd
                0x0000b276        0xe ../../../../BitCloud/lib/libBc_All_Atmega256rfr2_Atmega256rfr2_Gcc.a(machwiManager.o)
                0x0000b276                machwiSendPollInd
 .text.machwiTxTransactionReq
                0x0000b284       0x16 ../../../../BitCloud/lib/libBc_All_Atmega256rfr2_Atmega256rfr2_Gcc.a(machwiManager.o)
                0x0000b284                machwiTxTransactionReq
 .text.machwiTxBeaconReq
                0x0000b29a       0x16 ../../../../BitCloud/lib/libBc_All_Atmega256rfr2_Atmega256rfr2_Gcc.a(machwiManager.o)
                0x0000b29a                machwiTxBeaconReq
 .text.machwiTxEmptyDataFrameReq
                0x0000b2b0       0x12 ../../../../BitCloud/lib/libBc_All_Atmega256rfr2_Atmega256rfr2_Gcc.a(machwiManager.o)
                0x0000b2b0                machwiTxEmptyDataFrameReq
 .text.MAC_IsActiveTransaction
                0x0000b2c2       0x18 ../../../../BitCloud/lib/libBc_All_Atmega256rfr2_Atmega256rfr2_Gcc.a(machwiManager.o)
                0x0000b2c2                MAC_IsActiveTransaction
 .text.isMacBusyRequest
                0x0000b2da       0x1c ../../../../BitCloud/lib/libBc_All_Atmega256rfr2_Atmega256rfr2_Gcc.a(machwiManager.o)
 .text.machwdDataConfirm
                0x0000b2f6       0x20 ../../../../BitCloud/lib/libBc_All_Atmega256rfr2_Atmega256rfr2_Gcc.a(machwiOrphanHandler.o)
 .text.machwiOrphanRespHandler
                0x0000b316      0x158 ../../../../BitCloud/lib/libBc_All_Atmega256rfr2_Atmega256rfr2_Gcc.a(machwiOrphanHandler.o)
                0x0000b316                machwiOrphanRespHandler
 .text.machwiOrphanNotificationInd
                0x0000b46e       0x42 ../../../../BitCloud/lib/libBc_All_Atmega256rfr2_Atmega256rfr2_Gcc.a(machwiOrphanHandler.o)
                0x0000b46e                machwiOrphanNotificationInd
 .text.MACHWD_DataInd
                0x0000b4b0       0xc0 ../../../../BitCloud/lib/libBc_All_Atmega256rfr2_Atmega256rfr2_Gcc.a(machwiPanServer.o)
                0x0000b4b0                MACHWD_DataInd
 .text.machwiEnableBeaconTransmission
                0x0000b570        0x8 ../../../../BitCloud/lib/libBc_All_Atmega256rfr2_Atmega256rfr2_Gcc.a(machwiPanServer.o)
                0x0000b570                machwiEnableBeaconTransmission
 .text.machwiResetPanServer
                0x0000b578        0x6 ../../../../BitCloud/lib/libBc_All_Atmega256rfr2_Atmega256rfr2_Gcc.a(machwiPanServer.o)
                0x0000b578                machwiResetPanServer
 .text.completeHandling
                0x0000b57e       0x16 ../../../../BitCloud/lib/libBc_All_Atmega256rfr2_Atmega256rfr2_Gcc.a(machwiPollHandler.o)
 .text.halPollTimerFired
                0x0000b594        0x4 ../../../../BitCloud/lib/libBc_All_Atmega256rfr2_Atmega256rfr2_Gcc.a(machwiPollHandler.o)
 .text.switchingCompleted
                0x0000b598       0x10 ../../../../BitCloud/lib/libBc_All_Atmega256rfr2_Atmega256rfr2_Gcc.a(machwiPollHandler.o)
 .text.machwdDataConfirmEmptyData
                0x0000b5a8       0x1e ../../../../BitCloud/lib/libBc_All_Atmega256rfr2_Atmega256rfr2_Gcc.a(machwiPollHandler.o)
 .text.machwdDataConfirm
                0x0000b5c6       0x68 ../../../../BitCloud/lib/libBc_All_Atmega256rfr2_Atmega256rfr2_Gcc.a(machwiPollHandler.o)
 .text.machwiResetPollHandler
                0x0000b62e        0x6 ../../../../BitCloud/lib/libBc_All_Atmega256rfr2_Atmega256rfr2_Gcc.a(machwiPollHandler.o)
                0x0000b62e                machwiResetPollHandler
 .text.machwiPollInd
                0x0000b634       0x4e ../../../../BitCloud/lib/libBc_All_Atmega256rfr2_Atmega256rfr2_Gcc.a(machwiPollHandler.o)
                0x0000b634                machwiPollInd
 .text.machwiDataIndication
                0x0000b682      0x160 ../../../../BitCloud/lib/libBc_All_Atmega256rfr2_Atmega256rfr2_Gcc.a(machwiPollHandler.o)
                0x0000b682                machwiDataIndication
 .text.machwiPollReqHandler
                0x0000b7e2      0x118 ../../../../BitCloud/lib/libBc_All_Atmega256rfr2_Atmega256rfr2_Gcc.a(machwiPollHandler.o)
                0x0000b7e2                machwiPollReqHandler
 .text.machwiPollHandlerReplyWithEmptyDataFrame
                0x0000b8fa       0x8a ../../../../BitCloud/lib/libBc_All_Atmega256rfr2_Atmega256rfr2_Gcc.a(machwiPollHandler.o)
                0x0000b8fa                machwiPollHandlerReplyWithEmptyDataFrame
 .text.machwiPurgeReqHandler
                0x0000b984       0x2c ../../../../BitCloud/lib/libBc_All_Atmega256rfr2_Atmega256rfr2_Gcc.a(machwiPurgeHandler.o)
                0x0000b984                machwiPurgeReqHandler
 .text.machwdSetConfirm
                0x0000b9b0       0x1a ../../../../BitCloud/lib/libBc_All_Atmega256rfr2_Atmega256rfr2_Gcc.a(machwiResetHandler.o)
 .text.machwdSetTrxStateConfirm
                0x0000b9ca        0xa ../../../../BitCloud/lib/libBc_All_Atmega256rfr2_Atmega256rfr2_Gcc.a(machwiResetHandler.o)
 .text.machwiResetReqHandler
                0x0000b9d4       0x96 ../../../../BitCloud/lib/libBc_All_Atmega256rfr2_Atmega256rfr2_Gcc.a(machwiResetHandler.o)
                0x0000b9d4                machwiResetReqHandler
 .text.machwdSetTrxStateConfirm
                0x0000ba6a        0xe ../../../../BitCloud/lib/libBc_All_Atmega256rfr2_Atmega256rfr2_Gcc.a(machwiRxEnableHandler.o)
 .text.machwiRxEnableReqHandler
                0x0000ba78       0x3a ../../../../BitCloud/lib/libBc_All_Atmega256rfr2_Atmega256rfr2_Gcc.a(machwiRxEnableHandler.o)
                0x0000ba78                machwiRxEnableReqHandler
 .text.switchToActiveChannel
                0x0000bab2       0x2a ../../../../BitCloud/lib/libBc_All_Atmega256rfr2_Atmega256rfr2_Gcc.a(machwiScanHandler.o)
 .text.trxStateHandling
                0x0000badc       0x18 ../../../../BitCloud/lib/libBc_All_Atmega256rfr2_Atmega256rfr2_Gcc.a(machwiScanHandler.o)
 .text.finishScan
                0x0000baf4       0x18 ../../../../BitCloud/lib/libBc_All_Atmega256rfr2_Atmega256rfr2_Gcc.a(machwiScanHandler.o)
 .text.setNextChannel
                0x0000bb0c       0x74 ../../../../BitCloud/lib/libBc_All_Atmega256rfr2_Atmega256rfr2_Gcc.a(machwiScanHandler.o)
 .text.machwdSetConfirm
                0x0000bb80      0x2c4 ../../../../BitCloud/lib/libBc_All_Atmega256rfr2_Atmega256rfr2_Gcc.a(machwiScanHandler.o)
 .text.halScanTimerFired
                0x0000be44       0x24 ../../../../BitCloud/lib/libBc_All_Atmega256rfr2_Atmega256rfr2_Gcc.a(machwiScanHandler.o)
 .text.machwdDataConfirm
                0x0000be68       0x6e ../../../../BitCloud/lib/libBc_All_Atmega256rfr2_Atmega256rfr2_Gcc.a(machwiScanHandler.o)
 .text.machwdEdConfirm
                0x0000bed6       0xde ../../../../BitCloud/lib/libBc_All_Atmega256rfr2_Atmega256rfr2_Gcc.a(machwiScanHandler.o)
 .text.machwdSetTrxStateConfirm
                0x0000bfb4       0xfa ../../../../BitCloud/lib/libBc_All_Atmega256rfr2_Atmega256rfr2_Gcc.a(machwiScanHandler.o)
 .text.machwiScanReqHandler
                0x0000c0ae      0x18e ../../../../BitCloud/lib/libBc_All_Atmega256rfr2_Atmega256rfr2_Gcc.a(machwiScanHandler.o)
                0x0000c0ae                machwiScanReqHandler
 .text.machwiBeaconInd
                0x0000c23c      0x278 ../../../../BitCloud/lib/libBc_All_Atmega256rfr2_Atmega256rfr2_Gcc.a(machwiScanHandler.o)
                0x0000c23c                machwiBeaconInd
 .text.machwiCoordRealignmentCommandInd
                0x0000c4b4      0x11c ../../../../BitCloud/lib/libBc_All_Atmega256rfr2_Atmega256rfr2_Gcc.a(machwiScanHandler.o)
                0x0000c4b4                machwiCoordRealignmentCommandInd
 .text.machwiResetScanHandler
                0x0000c5d0        0x6 ../../../../BitCloud/lib/libBc_All_Atmega256rfr2_Atmega256rfr2_Gcc.a(machwiScanHandler.o)
                0x0000c5d0                machwiResetScanHandler
 .text.machwdSetConfirm
                0x0000c5d6        0xc ../../../../BitCloud/lib/libBc_All_Atmega256rfr2_Atmega256rfr2_Gcc.a(machwiSetGetHandler.o)
 .text.machwiGetReqHandler
                0x0000c5e2       0x4c ../../../../BitCloud/lib/libBc_All_Atmega256rfr2_Atmega256rfr2_Gcc.a(machwiSetGetHandler.o)
                0x0000c5e2                machwiGetReqHandler
 .text.machwiSetReqHandler
                0x0000c62e       0xd0 ../../../../BitCloud/lib/libBc_All_Atmega256rfr2_Atmega256rfr2_Gcc.a(machwiSetGetHandler.o)
                0x0000c62e                machwiSetReqHandler
 .text.setHandling
                0x0000c6fe       0x64 ../../../../BitCloud/lib/libBc_All_Atmega256rfr2_Atmega256rfr2_Gcc.a(machwiStartHandler.o)
 .text.setStartReqParam
                0x0000c762       0xa2 ../../../../BitCloud/lib/libBc_All_Atmega256rfr2_Atmega256rfr2_Gcc.a(machwiStartHandler.o)
 .text.generateConfirm
                0x0000c804       0x38 ../../../../BitCloud/lib/libBc_All_Atmega256rfr2_Atmega256rfr2_Gcc.a(machwiStartHandler.o)
 .text.machwdSetConfirm
                0x0000c83c      0x15e ../../../../BitCloud/lib/libBc_All_Atmega256rfr2_Atmega256rfr2_Gcc.a(machwiStartHandler.o)
 .text.machwdDataConfirm
                0x0000c99a       0x32 ../../../../BitCloud/lib/libBc_All_Atmega256rfr2_Atmega256rfr2_Gcc.a(machwiStartHandler.o)
 .text.machwiStartReqHandler
                0x0000c9cc       0x3c ../../../../BitCloud/lib/libBc_All_Atmega256rfr2_Atmega256rfr2_Gcc.a(machwiStartHandler.o)
                0x0000c9cc                machwiStartReqHandler
 .text.machwiResetStartHandler
                0x0000ca08        0xa ../../../../BitCloud/lib/libBc_All_Atmega256rfr2_Atmega256rfr2_Gcc.a(machwiStartHandler.o)
                0x0000ca08                machwiResetStartHandler
 .text.machwdSetTrxStateConfirm
                0x0000ca12        0xc ../../../../BitCloud/lib/libBc_All_Atmega256rfr2_Atmega256rfr2_Gcc.a(machwiSwitchRxCtrl.o)
 .text.machwiSwitchRxAccordToRxOnWhenIdle
                0x0000ca1e       0x28 ../../../../BitCloud/lib/libBc_All_Atmega256rfr2_Atmega256rfr2_Gcc.a(machwiSwitchRxCtrl.o)
                0x0000ca1e                machwiSwitchRxAccordToRxOnWhenIdle
 .text.machwiResetTransactionHandler
                0x0000ca46        0xa ../../../../BitCloud/lib/libBc_All_Atmega256rfr2_Atmega256rfr2_Gcc.a(machwiTransactionHandler.o)
                0x0000ca46                machwiResetTransactionHandler
 .text.machwiSendTransactionEvent
                0x0000ca50      0x190 ../../../../BitCloud/lib/libBc_All_Atmega256rfr2_Atmega256rfr2_Gcc.a(machwiTransactionHandler.o)
                0x0000ca50                machwiSendTransactionEvent
 .text.finishTransactionHandling
                0x0000cbe0       0xbe ../../../../BitCloud/lib/libBc_All_Atmega256rfr2_Atmega256rfr2_Gcc.a(machwiTransactionHandler.o)
 .text.machwdDataConfirm
                0x0000cc9e       0x54 ../../../../BitCloud/lib/libBc_All_Atmega256rfr2_Atmega256rfr2_Gcc.a(machwiTransactionHandler.o)
 .text.transactionTimerFired
                0x0000ccf2       0x4e ../../../../BitCloud/lib/libBc_All_Atmega256rfr2_Atmega256rfr2_Gcc.a(machwiTransactionQueue.o)
 .text.machwiPutTransactionToQueue
                0x0000cd40       0x60 ../../../../BitCloud/lib/libBc_All_Atmega256rfr2_Atmega256rfr2_Gcc.a(machwiTransactionQueue.o)
                0x0000cd40                machwiPutTransactionToQueue
 .text.machwiGetActivatedTransactionFromQueue
                0x0000cda0       0x1c ../../../../BitCloud/lib/libBc_All_Atmega256rfr2_Atmega256rfr2_Gcc.a(machwiTransactionQueue.o)
                0x0000cda0                machwiGetActivatedTransactionFromQueue
 .text.machwiTestAndKickQueueTransactions
                0x0000cdbc      0x1ea ../../../../BitCloud/lib/libBc_All_Atmega256rfr2_Atmega256rfr2_Gcc.a(machwiTransactionQueue.o)
                0x0000cdbc                machwiTestAndKickQueueTransactions
 .text.machwiFillPendingAddrSpecAndList
                0x0000cfa6        0xa ../../../../BitCloud/lib/libBc_All_Atmega256rfr2_Atmega256rfr2_Gcc.a(machwiTransactionQueue.o)
                0x0000cfa6                machwiFillPendingAddrSpecAndList
 .text.machwiDeleteTransactionFromQueue
                0x0000cfb0       0x30 ../../../../BitCloud/lib/libBc_All_Atmega256rfr2_Atmega256rfr2_Gcc.a(machwiTransactionQueue.o)
                0x0000cfb0                machwiDeleteTransactionFromQueue
 .text.machwiPurgeTransactionFromQueue
                0x0000cfe0       0x36 ../../../../BitCloud/lib/libBc_All_Atmega256rfr2_Atmega256rfr2_Gcc.a(machwiTransactionQueue.o)
                0x0000cfe0                machwiPurgeTransactionFromQueue
 .text.machwiResetTransactionQueue
                0x0000d016       0x60 ../../../../BitCloud/lib/libBc_All_Atmega256rfr2_Atmega256rfr2_Gcc.a(machwiTransactionQueue.o)
                0x0000d016                machwiResetTransactionQueue
 .text.machwiTransactionQueueEmpty
                0x0000d076       0x12 ../../../../BitCloud/lib/libBc_All_Atmega256rfr2_Atmega256rfr2_Gcc.a(machwiTransactionQueue.o)
                0x0000d076                machwiTransactionQueueEmpty
 .text.nwkAddressConflictIsIdle
                0x0000d088        0xe ../../../../BitCloud/lib/libBc_All_Atmega256rfr2_Atmega256rfr2_Gcc.a(nwk.o)
 .text.nwkFindAddressMapEntryByShortAddr
                0x0000d096       0x32 ../../../../BitCloud/lib/libBc_All_Atmega256rfr2_Atmega256rfr2_Gcc.a(nwk.o)
 .text.unlikely.nwkClearBTR
                0x0000d0c8       0x44 ../../../../BitCloud/lib/libBc_All_Atmega256rfr2_Atmega256rfr2_Gcc.a(nwk.o)
 .text.nwkDataReqIsIdle
                0x0000d10c        0xe ../../../../BitCloud/lib/libBc_All_Atmega256rfr2_Atmega256rfr2_Gcc.a(nwk.o)
 .text.nwkDiscoveryIsIdle
                0x0000d11a        0xe ../../../../BitCloud/lib/libBc_All_Atmega256rfr2_Atmega256rfr2_Gcc.a(nwk.o)
 .text.nwkEDScanIsIdle
                0x0000d128        0xe ../../../../BitCloud/lib/libBc_All_Atmega256rfr2_Atmega256rfr2_Gcc.a(nwk.o)
 .text.nwkFormationIsIdle
                0x0000d136        0xe ../../../../BitCloud/lib/libBc_All_Atmega256rfr2_Atmega256rfr2_Gcc.a(nwk.o)
 .text.unlikely.nwkParseHeader
                0x0000d144       0x9e ../../../../BitCloud/lib/libBc_All_Atmega256rfr2_Atmega256rfr2_Gcc.a(nwk.o)
 .text.nwkJoinIndIsIdle
                0x0000d1e2       0x32 ../../../../BitCloud/lib/libBc_All_Atmega256rfr2_Atmega256rfr2_Gcc.a(nwk.o)
 .text.nwkJoinReqIsIdle
                0x0000d214        0xe ../../../../BitCloud/lib/libBc_All_Atmega256rfr2_Atmega256rfr2_Gcc.a(nwk.o)
 .text.nwkJoinComplete
                0x0000d222        0x8 ../../../../BitCloud/lib/libBc_All_Atmega256rfr2_Atmega256rfr2_Gcc.a(nwk.o)
 .text.nwkLeaveReqIsIdle
                0x0000d22a        0xe ../../../../BitCloud/lib/libBc_All_Atmega256rfr2_Atmega256rfr2_Gcc.a(nwk.o)
 .text.nwkLinkStatusIsIdle
                0x0000d238        0xe ../../../../BitCloud/lib/libBc_All_Atmega256rfr2_Atmega256rfr2_Gcc.a(nwk.o)
 .text.nwkLoopbackIsIdle
                0x0000d246        0xe ../../../../BitCloud/lib/libBc_All_Atmega256rfr2_Atmega256rfr2_Gcc.a(nwk.o)
 .text.nwkNextSleepingChildForIndirectTx
                0x0000d254       0x4a ../../../../BitCloud/lib/libBc_All_Atmega256rfr2_Atmega256rfr2_Gcc.a(nwk.o)
 .text.nwkGetOutgoingCost
                0x0000d29e       0x40 ../../../../BitCloud/lib/libBc_All_Atmega256rfr2_Atmega256rfr2_Gcc.a(nwk.o)
 .text.nwkClearNeighborTable
                0x0000d2de       0x64 ../../../../BitCloud/lib/libBc_All_Atmega256rfr2_Atmega256rfr2_Gcc.a(nwk.o)
 .text.nwkFreeNeighbor
                0x0000d342       0x24 ../../../../BitCloud/lib/libBc_All_Atmega256rfr2_Atmega256rfr2_Gcc.a(nwk.o)
 .text.nwkFindEndDeviceChild
                0x0000d366       0x3e ../../../../BitCloud/lib/libBc_All_Atmega256rfr2_Atmega256rfr2_Gcc.a(nwk.o)
 .text.nwkOrphanMacCommStatusInd
                0x0000d3a4        0x8 ../../../../BitCloud/lib/libBc_All_Atmega256rfr2_Atmega256rfr2_Gcc.a(nwk.o)
 .text.nwkFindPassiveAck
                0x0000d3ac       0x2e ../../../../BitCloud/lib/libBc_All_Atmega256rfr2_Atmega256rfr2_Gcc.a(nwk.o)
 .text.nwkNewPassiveAck
                0x0000d3da      0x104 ../../../../BitCloud/lib/libBc_All_Atmega256rfr2_Atmega256rfr2_Gcc.a(nwk.o)
 .text.nwkFreePassiveAck
                0x0000d4de       0x22 ../../../../BitCloud/lib/libBc_All_Atmega256rfr2_Atmega256rfr2_Gcc.a(nwk.o)
 .text.nwkPermitJoiningIsIdle
                0x0000d500       0x10 ../../../../BitCloud/lib/libBc_All_Atmega256rfr2_Atmega256rfr2_Gcc.a(nwk.o)
 .text.nwkResetIsIdle
                0x0000d510        0xe ../../../../BitCloud/lib/libBc_All_Atmega256rfr2_Atmega256rfr2_Gcc.a(nwk.o)
 .text.nwkRouteDiscoveryIsIdle
                0x0000d51e       0x12 ../../../../BitCloud/lib/libBc_All_Atmega256rfr2_Atmega256rfr2_Gcc.a(nwk.o)
 .text.nwkFindRouteDiscoveryEntry
                0x0000d530       0x38 ../../../../BitCloud/lib/libBc_All_Atmega256rfr2_Atmega256rfr2_Gcc.a(nwk.o)
 .text.nwkFreeRouteDiscoveryEntry
                0x0000d568       0x3a ../../../../BitCloud/lib/libBc_All_Atmega256rfr2_Atmega256rfr2_Gcc.a(nwk.o)
 .text.nwkConfirmRouteRequestTx
                0x0000d5a2       0x5a ../../../../BitCloud/lib/libBc_All_Atmega256rfr2_Atmega256rfr2_Gcc.a(nwk.o)
 .text.nwkRouteDiscoveryTableIsIdle
                0x0000d5fc        0xc ../../../../BitCloud/lib/libBc_All_Atmega256rfr2_Atmega256rfr2_Gcc.a(nwk.o)
 .text.nwkFindRoutingEntry
                0x0000d608       0x4a ../../../../BitCloud/lib/libBc_All_Atmega256rfr2_Atmega256rfr2_Gcc.a(nwk.o)
 .text.nwkFreeRoutingEntry
                0x0000d652       0x10 ../../../../BitCloud/lib/libBc_All_Atmega256rfr2_Atmega256rfr2_Gcc.a(nwk.o)
 .text.nwkUpdateNextHop
                0x0000d662       0xb6 ../../../../BitCloud/lib/libBc_All_Atmega256rfr2_Atmega256rfr2_Gcc.a(nwk.o)
 .text.nwkStartRouterIsIdle
                0x0000d718        0xe ../../../../BitCloud/lib/libBc_All_Atmega256rfr2_Atmega256rfr2_Gcc.a(nwk.o)
 .text.nwkSendRouteErrorConf
                0x0000d726        0x6 ../../../../BitCloud/lib/libBc_All_Atmega256rfr2_Atmega256rfr2_Gcc.a(nwk.o)
 .text.nwkSyncIsIdle
                0x0000d72c        0xe ../../../../BitCloud/lib/libBc_All_Atmega256rfr2_Atmega256rfr2_Gcc.a(nwk.o)
 .text.nwkPostTask
                0x0000d73a       0x4c ../../../../BitCloud/lib/libBc_All_Atmega256rfr2_Atmega256rfr2_Gcc.a(nwk.o)
 .text.nwkStartRouterMacStartConf
                0x0000d786       0x18 ../../../../BitCloud/lib/libBc_All_Atmega256rfr2_Atmega256rfr2_Gcc.a(nwk.o)
 .text.nwkClearTaskBit
                0x0000d79e       0x2e ../../../../BitCloud/lib/libBc_All_Atmega256rfr2_Atmega256rfr2_Gcc.a(nwk.o)
 .text.nwkTxDelayIsIdle
                0x0000d7cc       0x12 ../../../../BitCloud/lib/libBc_All_Atmega256rfr2_Atmega256rfr2_Gcc.a(nwk.o)
 .text.nwkPermitJoinTimerFired
                0x0000d7de       0x24 ../../../../BitCloud/lib/libBc_All_Atmega256rfr2_Atmega256rfr2_Gcc.a(nwk.o)
 .text.nwkStatusConf
                0x0000d802       0x2e ../../../../BitCloud/lib/libBc_All_Atmega256rfr2_Atmega256rfr2_Gcc.a(nwk.o)
 .text.nwkEDScanMacEDScanConf
                0x0000d830       0x8e ../../../../BitCloud/lib/libBc_All_Atmega256rfr2_Atmega256rfr2_Gcc.a(nwk.o)
 .text.nwkFormationMacRxEnableConf
                0x0000d8be       0x72 ../../../../BitCloud/lib/libBc_All_Atmega256rfr2_Atmega256rfr2_Gcc.a(nwk.o)
 .text.nwkDiscoveryMacActiveScanConf
                0x0000d930       0x7e ../../../../BitCloud/lib/libBc_All_Atmega256rfr2_Atmega256rfr2_Gcc.a(nwk.o)
 .text.NWK_JoinConf
                0x0000d9ae       0x7c ../../../../BitCloud/lib/libBc_All_Atmega256rfr2_Atmega256rfr2_Gcc.a(nwk.o)
 .text.nwkFindAddressMapEntryByExtAddr
                0x0000da2a       0x52 ../../../../BitCloud/lib/libBc_All_Atmega256rfr2_Atmega256rfr2_Gcc.a(nwk.o)
 .text.nwkAddToAddressMap
                0x0000da7c      0x11a ../../../../BitCloud/lib/libBc_All_Atmega256rfr2_Atmega256rfr2_Gcc.a(nwk.o)
 .text.findFreeJoinIndObjFor
                0x0000db96       0xbc ../../../../BitCloud/lib/libBc_All_Atmega256rfr2_Atmega256rfr2_Gcc.a(nwk.o)
 .text.nwkTxReq
                0x0000dc52        0xe ../../../../BitCloud/lib/libBc_All_Atmega256rfr2_Atmega256rfr2_Gcc.a(nwk.o)
 .text.nwkResetTaskManager
                0x0000dc60       0x18 ../../../../BitCloud/lib/libBc_All_Atmega256rfr2_Atmega256rfr2_Gcc.a(nwk.o)
 .text.getEnddeviceLifeTimeInMs
                0x0000dc78       0x60 ../../../../BitCloud/lib/libBc_All_Atmega256rfr2_Atmega256rfr2_Gcc.a(nwk.o)
 .text.nwkSetLifeTimeOfNeighbor
                0x0000dcd8       0xa2 ../../../../BitCloud/lib/libBc_All_Atmega256rfr2_Atmega256rfr2_Gcc.a(nwk.o)
 .text.nwkAddBTTEntry
                0x0000dd7a      0x1c8 ../../../../BitCloud/lib/libBc_All_Atmega256rfr2_Atmega256rfr2_Gcc.a(nwk.o)
 .text.nwkAddOwnBTR
                0x0000df42        0xc ../../../../BitCloud/lib/libBc_All_Atmega256rfr2_Atmega256rfr2_Gcc.a(nwk.o)
 .text.nwkPermitJoiningMacSetConf
                0x0000df4e       0x52 ../../../../BitCloud/lib/libBc_All_Atmega256rfr2_Atmega256rfr2_Gcc.a(nwk.o)
 .text.nwkResetAddressMap
                0x0000dfa0       0x86 ../../../../BitCloud/lib/libBc_All_Atmega256rfr2_Atmega256rfr2_Gcc.a(nwk.o)
 .text.nwkStopLinkStatusTimer
                0x0000e026        0xc ../../../../BitCloud/lib/libBc_All_Atmega256rfr2_Atmega256rfr2_Gcc.a(nwk.o)
 .text.nwkResetRouteDiscoveryTable
                0x0000e032       0x98 ../../../../BitCloud/lib/libBc_All_Atmega256rfr2_Atmega256rfr2_Gcc.a(nwk.o)
 .text.nwkRouteDiscoveryTableTimerFired
                0x0000e0ca       0x54 ../../../../BitCloud/lib/libBc_All_Atmega256rfr2_Atmega256rfr2_Gcc.a(nwk.o)
 .text.nwkResetNeighborTable
                0x0000e11e       0x4e ../../../../BitCloud/lib/libBc_All_Atmega256rfr2_Atmega256rfr2_Gcc.a(nwk.o)
 .text.nwkAllocPacket
                0x0000e16c       0xb8 ../../../../BitCloud/lib/libBc_All_Atmega256rfr2_Atmega256rfr2_Gcc.a(nwk.o)
 .text.nwkAllocOutputPacket
                0x0000e224       0x56 ../../../../BitCloud/lib/libBc_All_Atmega256rfr2_Atmega256rfr2_Gcc.a(nwk.o)
 .text.nwkTryToProcessCommandReq
                0x0000e27a       0x2a ../../../../BitCloud/lib/libBc_All_Atmega256rfr2_Atmega256rfr2_Gcc.a(nwk.o)
 .text.nwkCommandReq
                0x0000e2a4       0x54 ../../../../BitCloud/lib/libBc_All_Atmega256rfr2_Atmega256rfr2_Gcc.a(nwk.o)
 .text.nwkFreePacket
                0x0000e2f8       0x4e ../../../../BitCloud/lib/libBc_All_Atmega256rfr2_Atmega256rfr2_Gcc.a(nwk.o)
 .text.nwkAllocInputPacket
                0x0000e346       0x26 ../../../../BitCloud/lib/libBc_All_Atmega256rfr2_Atmega256rfr2_Gcc.a(nwk.o)
 .text.nwkStartLinkStatusTimer
                0x0000e36c        0xe ../../../../BitCloud/lib/libBc_All_Atmega256rfr2_Atmega256rfr2_Gcc.a(nwk.o)
 .text.nwkAllocRouteDiscoveryEntry
                0x0000e37a       0x92 ../../../../BitCloud/lib/libBc_All_Atmega256rfr2_Atmega256rfr2_Gcc.a(nwk.o)
 .text.nwkStartAgeTimerOfNeighborTable
                0x0000e40c       0x30 ../../../../BitCloud/lib/libBc_All_Atmega256rfr2_Atmega256rfr2_Gcc.a(nwk.o)
 .text.nwkFormationMacStartConf
                0x0000e43c       0x9e ../../../../BitCloud/lib/libBc_All_Atmega256rfr2_Atmega256rfr2_Gcc.a(nwk.o)
 .text.unlikely.nwkInitInputPacket
                0x0000e4da       0xac ../../../../BitCloud/lib/libBc_All_Atmega256rfr2_Atmega256rfr2_Gcc.a(nwk.o)
 .text.nwkPerformMacDataReq
                0x0000e586       0x28 ../../../../BitCloud/lib/libBc_All_Atmega256rfr2_Atmega256rfr2_Gcc.a(nwk.o)
 .text.nwkConfirmLeaveItselfTx
                0x0000e5ae       0x20 ../../../../BitCloud/lib/libBc_All_Atmega256rfr2_Atmega256rfr2_Gcc.a(nwk.o)
 .text.nwkConfirmNetworkStatusTx
                0x0000e5ce       0x6a ../../../../BitCloud/lib/libBc_All_Atmega256rfr2_Atmega256rfr2_Gcc.a(nwk.o)
 .text.nwkOrphanTaskHandler
                0x0000e638       0x6c ../../../../BitCloud/lib/libBc_All_Atmega256rfr2_Atmega256rfr2_Gcc.a(nwk.o)
 .text.nwkLoopbackTaskHandler
                0x0000e6a4      0x130 ../../../../BitCloud/lib/libBc_All_Atmega256rfr2_Atmega256rfr2_Gcc.a(nwk.o)
 .text.nwkDiscoveryTaskHandler
                0x0000e7d4       0xfe ../../../../BitCloud/lib/libBc_All_Atmega256rfr2_Atmega256rfr2_Gcc.a(nwk.o)
 .text.nwkDataConfTaskHandler
                0x0000e8d2       0xa2 ../../../../BitCloud/lib/libBc_All_Atmega256rfr2_Atmega256rfr2_Gcc.a(nwk.o)
 .text.nwkBroadcastForMe
                0x0000e974       0x50 ../../../../BitCloud/lib/libBc_All_Atmega256rfr2_Atmega256rfr2_Gcc.a(nwk.o)
 .text.nwkMacEventHandler
                0x0000e9c4       0x1a ../../../../BitCloud/lib/libBc_All_Atmega256rfr2_Atmega256rfr2_Gcc.a(nwk.o)
 .text.nwkIsJoiningForbidden
                0x0000e9de       0x4c ../../../../BitCloud/lib/libBc_All_Atmega256rfr2_Atmega256rfr2_Gcc.a(nwk.o)
 .text.unlikely.nwkIsPassiveAckDone.isra.6
                0x0000ea2a       0x9e ../../../../BitCloud/lib/libBc_All_Atmega256rfr2_Atmega256rfr2_Gcc.a(nwk.o)
 .text.nwkRouteDiscoveryTaskHandler
                0x0000eac8      0x17c ../../../../BitCloud/lib/libBc_All_Atmega256rfr2_Atmega256rfr2_Gcc.a(nwk.o)
 .text.nwkOrphanConfirmRequest
                0x0000ec44       0xb2 ../../../../BitCloud/lib/libBc_All_Atmega256rfr2_Atmega256rfr2_Gcc.a(nwk.o)
 .text.nwkOrphanMacScanConf
                0x0000ecf6       0x3c ../../../../BitCloud/lib/libBc_All_Atmega256rfr2_Atmega256rfr2_Gcc.a(nwk.o)
 .text.nwkDataConf
                0x0000ed32       0x56 ../../../../BitCloud/lib/libBc_All_Atmega256rfr2_Atmega256rfr2_Gcc.a(nwk.o)
 .text.nwkConfirmDataTx
                0x0000ed88       0x34 ../../../../BitCloud/lib/libBc_All_Atmega256rfr2_Atmega256rfr2_Gcc.a(nwk.o)
 .text.freeJoinIndObj
                0x0000edbc       0x3e ../../../../BitCloud/lib/libBc_All_Atmega256rfr2_Atmega256rfr2_Gcc.a(nwk.o)
 .text.nwkJoinIndTaskHandler
                0x0000edfa      0x15a ../../../../BitCloud/lib/libBc_All_Atmega256rfr2_Atmega256rfr2_Gcc.a(nwk.o)
 .text.NWK_NetworkDiscoveryConf.part.20
                0x0000ef54       0x2e ../../../../BitCloud/lib/libBc_All_Atmega256rfr2_Atmega256rfr2_Gcc.a(nwk.o)
 .text.NWK_NetworkDiscoveryConf
                0x0000ef82       0x22 ../../../../BitCloud/lib/libBc_All_Atmega256rfr2_Atmega256rfr2_Gcc.a(nwk.o)
 .text.nwkBTTTimerFired
                0x0000efa4       0xbe ../../../../BitCloud/lib/libBc_All_Atmega256rfr2_Atmega256rfr2_Gcc.a(nwk.o)
 .text.nwkLinkStatusTimerFired
                0x0000f062       0x14 ../../../../BitCloud/lib/libBc_All_Atmega256rfr2_Atmega256rfr2_Gcc.a(nwk.o)
 .text.nwkConfirmLinkStatusTx
                0x0000f076       0x8e ../../../../BitCloud/lib/libBc_All_Atmega256rfr2_Atmega256rfr2_Gcc.a(nwk.o)
 .text.nwkOrphanMacRxEnableConf
                0x0000f104       0x2a ../../../../BitCloud/lib/libBc_All_Atmega256rfr2_Atmega256rfr2_Gcc.a(nwk.o)
 .text.nwkSilentJoinConfirmRequest
                0x0000f12e       0x8e ../../../../BitCloud/lib/libBc_All_Atmega256rfr2_Atmega256rfr2_Gcc.a(nwk.o)
 .text.nwkSilentJoinMacSetConf
                0x0000f1bc       0xf0 ../../../../BitCloud/lib/libBc_All_Atmega256rfr2_Atmega256rfr2_Gcc.a(nwk.o)
 .text.nwkSilentJoinMacRxEnableConf
                0x0000f2ac       0x12 ../../../../BitCloud/lib/libBc_All_Atmega256rfr2_Atmega256rfr2_Gcc.a(nwk.o)
 .text.nwkResetTaskHandler
                0x0000f2be       0x5e ../../../../BitCloud/lib/libBc_All_Atmega256rfr2_Atmega256rfr2_Gcc.a(nwk.o)
 .text.nwkOrphanMacSetConf
                0x0000f31c       0xda ../../../../BitCloud/lib/libBc_All_Atmega256rfr2_Atmega256rfr2_Gcc.a(nwk.o)
 .text.nwkEDScanTaskHandler
                0x0000f3f6       0xf2 ../../../../BitCloud/lib/libBc_All_Atmega256rfr2_Atmega256rfr2_Gcc.a(nwk.o)
 .text.nwkStartRouterTaskHandler
                0x0000f4e8       0xc8 ../../../../BitCloud/lib/libBc_All_Atmega256rfr2_Atmega256rfr2_Gcc.a(nwk.o)
 .text.nwkSyncMacPollConf
                0x0000f5b0       0x5a ../../../../BitCloud/lib/libBc_All_Atmega256rfr2_Atmega256rfr2_Gcc.a(nwk.o)
 .text.nwkRemoveItself.constprop.75
                0x0000f60a       0x2a ../../../../BitCloud/lib/libBc_All_Atmega256rfr2_Atmega256rfr2_Gcc.a(nwk.o)
 .text.nwkPermitJoiningTaskHandler
                0x0000f634      0x134 ../../../../BitCloud/lib/libBc_All_Atmega256rfr2_Atmega256rfr2_Gcc.a(nwk.o)
 .text.NWK_LeaveConf
                0x0000f768       0x4a ../../../../BitCloud/lib/libBc_All_Atmega256rfr2_Atmega256rfr2_Gcc.a(nwk.o)
 .text.nwkPrepareCommonFrame
                0x0000f7b2       0x4a ../../../../BitCloud/lib/libBc_All_Atmega256rfr2_Atmega256rfr2_Gcc.a(nwk.o)
 .text.nwkPrepareLeaveChildTx
                0x0000f7fc       0xb0 ../../../../BitCloud/lib/libBc_All_Atmega256rfr2_Atmega256rfr2_Gcc.a(nwk.o)
 .text.nwkPrepareLeaveItselfTx
                0x0000f8ac       0x96 ../../../../BitCloud/lib/libBc_All_Atmega256rfr2_Atmega256rfr2_Gcc.a(nwk.o)
 .text.nwkPrepareJoinRespTx
                0x0000f942       0xf6 ../../../../BitCloud/lib/libBc_All_Atmega256rfr2_Atmega256rfr2_Gcc.a(nwk.o)
 .text.nwkPrepareJoinReqTx
                0x0000fa38       0x82 ../../../../BitCloud/lib/libBc_All_Atmega256rfr2_Atmega256rfr2_Gcc.a(nwk.o)
 .text.nwkPrepareLinkStatusTx
                0x0000faba      0x30a ../../../../BitCloud/lib/libBc_All_Atmega256rfr2_Atmega256rfr2_Gcc.a(nwk.o)
 .text.nwkStatusReq
                0x0000fdc4       0x42 ../../../../BitCloud/lib/libBc_All_Atmega256rfr2_Atmega256rfr2_Gcc.a(nwk.o)
 .text.nwkSendRouteErrorStatus.constprop.65
                0x0000fe06       0x3a ../../../../BitCloud/lib/libBc_All_Atmega256rfr2_Atmega256rfr2_Gcc.a(nwk.o)
 .text.nwkLinkFrameFragmentationTimerFired
                0x0000fe40       0x22 ../../../../BitCloud/lib/libBc_All_Atmega256rfr2_Atmega256rfr2_Gcc.a(nwk.o)
 .text.nwkSyncTaskHandler
                0x0000fe62       0xa6 ../../../../BitCloud/lib/libBc_All_Atmega256rfr2_Atmega256rfr2_Gcc.a(nwk.o)
 .text.nwkUpdateCapacityBits
                0x0000ff08       0x62 ../../../../BitCloud/lib/libBc_All_Atmega256rfr2_Atmega256rfr2_Gcc.a(nwk.o)
 .text.nwkUpdateCapacityBitsInBeacon
                0x0000ff6a       0x36 ../../../../BitCloud/lib/libBc_All_Atmega256rfr2_Atmega256rfr2_Gcc.a(nwk.o)
 .text.nwkUpdateBeaconPayload
                0x0000ffa0       0x88 ../../../../BitCloud/lib/libBc_All_Atmega256rfr2_Atmega256rfr2_Gcc.a(nwk.o)
 .text.nwkOrphanMacGetConf
                0x00010028       0x94 ../../../../BitCloud/lib/libBc_All_Atmega256rfr2_Atmega256rfr2_Gcc.a(nwk.o)
 .text.nwkFormationMacSetConf
                0x000100bc      0x18c ../../../../BitCloud/lib/libBc_All_Atmega256rfr2_Atmega256rfr2_Gcc.a(nwk.o)
 .text.nwkReloadNibFromConfigServer
                0x00010248       0xf6 ../../../../BitCloud/lib/libBc_All_Atmega256rfr2_Atmega256rfr2_Gcc.a(nwk.o)
 .text.nwkSilentJoinTaskHandler
                0x0001033e       0x70 ../../../../BitCloud/lib/libBc_All_Atmega256rfr2_Atmega256rfr2_Gcc.a(nwk.o)
 .text.nwkFormationTaskHandler
                0x000103ae      0x202 ../../../../BitCloud/lib/libBc_All_Atmega256rfr2_Atmega256rfr2_Gcc.a(nwk.o)
 .text.nwkTxConf
                0x000105b0      0x1cc ../../../../BitCloud/lib/libBc_All_Atmega256rfr2_Atmega256rfr2_Gcc.a(nwk.o)
 .text.nwkProcessDelayStatus
                0x0001077c      0x212 ../../../../BitCloud/lib/libBc_All_Atmega256rfr2_Atmega256rfr2_Gcc.a(nwk.o)
 .text.nwkTxDelayTimerFired
                0x0001098e       0x80 ../../../../BitCloud/lib/libBc_All_Atmega256rfr2_Atmega256rfr2_Gcc.a(nwk.o)
 .text.nwkAddressConflictMacSetConf
                0x00010a0e       0xc8 ../../../../BitCloud/lib/libBc_All_Atmega256rfr2_Atmega256rfr2_Gcc.a(nwk.o)
 .text.nwkRemoveAllChildren.constprop.73
                0x00010ad6       0xbc ../../../../BitCloud/lib/libBc_All_Atmega256rfr2_Atmega256rfr2_Gcc.a(nwk.o)
 .text.nwkConfirmLeaveChildTx
                0x00010b92       0x34 ../../../../BitCloud/lib/libBc_All_Atmega256rfr2_Atmega256rfr2_Gcc.a(nwk.o)
 .text.nwkFormationMacEDScanConf
                0x00010bc6      0x17a ../../../../BitCloud/lib/libBc_All_Atmega256rfr2_Atmega256rfr2_Gcc.a(nwk.o)
 .text.nwkFormationMacActiveScanConf
                0x00010d40      0x29e ../../../../BitCloud/lib/libBc_All_Atmega256rfr2_Atmega256rfr2_Gcc.a(nwk.o)
 .text.NWK_GetShortAddr
                0x00010fde        0xa ../../../../BitCloud/lib/libBc_All_Atmega256rfr2_Atmega256rfr2_Gcc.a(nwk.o)
                0x00010fde                NWK_GetShortAddr
 .text.NWK_IsStaticAddressingMode
                0x00010fe8        0x6 ../../../../BitCloud/lib/libBc_All_Atmega256rfr2_Atmega256rfr2_Gcc.a(nwk.o)
                0x00010fe8                NWK_IsStaticAddressingMode
 .text.NWK_RemoveFromAddressMap
                0x00010fee       0x12 ../../../../BitCloud/lib/libBc_All_Atmega256rfr2_Atmega256rfr2_Gcc.a(nwk.o)
                0x00010fee                NWK_RemoveFromAddressMap
 .text.NWK_NetworkDiscoveryReq
                0x00011000       0x40 ../../../../BitCloud/lib/libBc_All_Atmega256rfr2_Atmega256rfr2_Gcc.a(nwk.o)
                0x00011000                NWK_NetworkDiscoveryReq
 .text.nwkJoinReqTaskHandler
                0x00011040      0x188 ../../../../BitCloud/lib/libBc_All_Atmega256rfr2_Atmega256rfr2_Gcc.a(nwk.o)
 .text.NWK_EDScanReq
                0x000111c8       0x40 ../../../../BitCloud/lib/libBc_All_Atmega256rfr2_Atmega256rfr2_Gcc.a(nwk.o)
                0x000111c8                NWK_EDScanReq
 .text.NWK_NetworkFormationReq
                0x00011208       0x40 ../../../../BitCloud/lib/libBc_All_Atmega256rfr2_Atmega256rfr2_Gcc.a(nwk.o)
                0x00011208                NWK_NetworkFormationReq
 .text.NWK_IsGroupMember
                0x00011248       0x50 ../../../../BitCloud/lib/libBc_All_Atmega256rfr2_Atmega256rfr2_Gcc.a(nwk.o)
                0x00011248                NWK_IsGroupMember
 .text.nwkRetransmitInputPacket
                0x00011298      0x152 ../../../../BitCloud/lib/libBc_All_Atmega256rfr2_Atmega256rfr2_Gcc.a(nwk.o)
 .text.unlikely.nwkRxRetransmit
                0x000113ea       0x90 ../../../../BitCloud/lib/libBc_All_Atmega256rfr2_Atmega256rfr2_Gcc.a(nwk.o)
 .text.NWK_DataResp
                0x0001147a       0x18 ../../../../BitCloud/lib/libBc_All_Atmega256rfr2_Atmega256rfr2_Gcc.a(nwk.o)
                0x0001147a                NWK_DataResp
 .text.NWK_ResetGroups
                0x00011492       0x56 ../../../../BitCloud/lib/libBc_All_Atmega256rfr2_Atmega256rfr2_Gcc.a(nwk.o)
                0x00011492                NWK_ResetGroups
 .text.nwkLeaveReqMacResetConf
                0x000114e8      0x11e ../../../../BitCloud/lib/libBc_All_Atmega256rfr2_Atmega256rfr2_Gcc.a(nwk.o)
 .text.nwkResetMacResetConf
                0x00011606      0x4f0 ../../../../BitCloud/lib/libBc_All_Atmega256rfr2_Atmega256rfr2_Gcc.a(nwk.o)
 .text.NWK_GetParentShortAddr
                0x00011af6        0xa ../../../../BitCloud/lib/libBc_All_Atmega256rfr2_Atmega256rfr2_Gcc.a(nwk.o)
                0x00011af6                NWK_GetParentShortAddr
 .text.NWK_GetPanId
                0x00011b00        0xa ../../../../BitCloud/lib/libBc_All_Atmega256rfr2_Atmega256rfr2_Gcc.a(nwk.o)
                0x00011b00                NWK_GetPanId
 .text.NWK_GetExtPanId
                0x00011b0a       0x16 ../../../../BitCloud/lib/libBc_All_Atmega256rfr2_Atmega256rfr2_Gcc.a(nwk.o)
                0x00011b0a                NWK_GetExtPanId
 .text.NWK_SetExtPanId
                0x00011b20       0x28 ../../../../BitCloud/lib/libBc_All_Atmega256rfr2_Atmega256rfr2_Gcc.a(nwk.o)
                0x00011b20                NWK_SetExtPanId
 .text.NWK_GetDeviceType
                0x00011b48        0x6 ../../../../BitCloud/lib/libBc_All_Atmega256rfr2_Atmega256rfr2_Gcc.a(nwk.o)
                0x00011b48                NWK_GetDeviceType
 .text.NWK_GetLogicalChannel
                0x00011b4e        0x6 ../../../../BitCloud/lib/libBc_All_Atmega256rfr2_Atmega256rfr2_Gcc.a(nwk.o)
                0x00011b4e                NWK_GetLogicalChannel
 .text.NWK_SetLogicalChannel
                0x00011b54        0xe ../../../../BitCloud/lib/libBc_All_Atmega256rfr2_Atmega256rfr2_Gcc.a(nwk.o)
                0x00011b54                NWK_SetLogicalChannel
 .text.NWK_GetBroadcastDeliveryTime
                0x00011b62       0x12 ../../../../BitCloud/lib/libBc_All_Atmega256rfr2_Atmega256rfr2_Gcc.a(nwk.o)
                0x00011b62                NWK_GetBroadcastDeliveryTime
 .text.NWK_SetManagerAddr
                0x00011b74        0xa ../../../../BitCloud/lib/libBc_All_Atmega256rfr2_Atmega256rfr2_Gcc.a(nwk.o)
                0x00011b74                NWK_SetManagerAddr
 .text.NWK_SetUpdateId
                0x00011b7e       0x12 ../../../../BitCloud/lib/libBc_All_Atmega256rfr2_Atmega256rfr2_Gcc.a(nwk.o)
                0x00011b7e                NWK_SetUpdateId
 .text.NWK_GetTransmitCouner
                0x00011b90        0xa ../../../../BitCloud/lib/libBc_All_Atmega256rfr2_Atmega256rfr2_Gcc.a(nwk.o)
                0x00011b90                NWK_GetTransmitCouner
 .text.NWK_GetTransmitFailureCounter
                0x00011b9a        0xa ../../../../BitCloud/lib/libBc_All_Atmega256rfr2_Atmega256rfr2_Gcc.a(nwk.o)
                0x00011b9a                NWK_GetTransmitFailureCounter
 .text.NWK_ResetTransmitCounters
                0x00011ba4       0x12 ../../../../BitCloud/lib/libBc_All_Atmega256rfr2_Atmega256rfr2_Gcc.a(nwk.o)
                0x00011ba4                NWK_ResetTransmitCounters
 .text.NWK_IsNewUpdateIdNonLess
                0x00011bb6       0x38 ../../../../BitCloud/lib/libBc_All_Atmega256rfr2_Atmega256rfr2_Gcc.a(nwk.o)
                0x00011bb6                NWK_IsNewUpdateIdNonLess
 .text.nwkFindDeviceToJoin
                0x00011bee      0x17a ../../../../BitCloud/lib/libBc_All_Atmega256rfr2_Atmega256rfr2_Gcc.a(nwk.o)
 .text.nwkAssociate
                0x00011d68       0x9c ../../../../BitCloud/lib/libBc_All_Atmega256rfr2_Atmega256rfr2_Gcc.a(nwk.o)
 .text.nwkGetSuitableParent
                0x00011e04       0x7e ../../../../BitCloud/lib/libBc_All_Atmega256rfr2_Atmega256rfr2_Gcc.a(nwk.o)
 .text.nwkRejoinResponseFrameInd
                0x00011e82      0x14a ../../../../BitCloud/lib/libBc_All_Atmega256rfr2_Atmega256rfr2_Gcc.a(nwk.o)
 .text.nwkRejoinCmdPrepareAndSend
                0x00011fcc       0x2a ../../../../BitCloud/lib/libBc_All_Atmega256rfr2_Atmega256rfr2_Gcc.a(nwk.o)
 .text.nwkJoinReqMacRxEnableConf
                0x00011ff6       0x6c ../../../../BitCloud/lib/libBc_All_Atmega256rfr2_Atmega256rfr2_Gcc.a(nwk.o)
 .text.nwkJoinReqMacGetConf
                0x00012062       0x3a ../../../../BitCloud/lib/libBc_All_Atmega256rfr2_Atmega256rfr2_Gcc.a(nwk.o)
 .text.nwkConfirmJoinReqTx
                0x0001209c       0x5e ../../../../BitCloud/lib/libBc_All_Atmega256rfr2_Atmega256rfr2_Gcc.a(nwk.o)
 .text.responseWaitTimerFired
                0x000120fa       0x4a ../../../../BitCloud/lib/libBc_All_Atmega256rfr2_Atmega256rfr2_Gcc.a(nwk.o)
 .text.nwkJoinReqMacPollConf
                0x00012144       0x5c ../../../../BitCloud/lib/libBc_All_Atmega256rfr2_Atmega256rfr2_Gcc.a(nwk.o)
 .text.macLatencyFired
                0x000121a0        0x4 ../../../../BitCloud/lib/libBc_All_Atmega256rfr2_Atmega256rfr2_Gcc.a(nwk.o)
 .text.NWK_JoinReq
                0x000121a4       0x62 ../../../../BitCloud/lib/libBc_All_Atmega256rfr2_Atmega256rfr2_Gcc.a(nwk.o)
                0x000121a4                NWK_JoinReq
 .text.NWK_RemoveNeighbor
                0x00012206       0x8e ../../../../BitCloud/lib/libBc_All_Atmega256rfr2_Atmega256rfr2_Gcc.a(nwk.o)
                0x00012206                NWK_RemoveNeighbor
 .text.neighborTimerFired
                0x00012294       0xd8 ../../../../BitCloud/lib/libBc_All_Atmega256rfr2_Atmega256rfr2_Gcc.a(nwk.o)
 .text.NWK_LeaveReq
                0x0001236c       0x20 ../../../../BitCloud/lib/libBc_All_Atmega256rfr2_Atmega256rfr2_Gcc.a(nwk.o)
                0x0001236c                NWK_LeaveReq
 .text.nwkUpdateOutgoingCostAndLifeTime
                0x0001238c       0x46 ../../../../BitCloud/lib/libBc_All_Atmega256rfr2_Atmega256rfr2_Gcc.a(nwk.o)
                0x0001238c                nwkUpdateOutgoingCostAndLifeTime
 .text.NWK_ForceLinkStatusSending
                0x000123d2       0x18 ../../../../BitCloud/lib/libBc_All_Atmega256rfr2_Atmega256rfr2_Gcc.a(nwk.o)
                0x000123d2                NWK_ForceLinkStatusSending
 .text.NWK_LoopbackTxReq
                0x000123ea       0x20 ../../../../BitCloud/lib/libBc_All_Atmega256rfr2_Atmega256rfr2_Gcc.a(nwk.o)
                0x000123ea                NWK_LoopbackTxReq
 .text.NWK_DataReq
                0x0001240a      0x2ba ../../../../BitCloud/lib/libBc_All_Atmega256rfr2_Atmega256rfr2_Gcc.a(nwk.o)
                0x0001240a                NWK_DataReq
 .text.NWK_NextEDChild
                0x000126c4       0x4a ../../../../BitCloud/lib/libBc_All_Atmega256rfr2_Atmega256rfr2_Gcc.a(nwk.o)
                0x000126c4                NWK_NextEDChild
 .text.NWK_FindNeighborByShortAddr
                0x0001270e       0x44 ../../../../BitCloud/lib/libBc_All_Atmega256rfr2_Atmega256rfr2_Gcc.a(nwk.o)
                0x0001270e                NWK_FindNeighborByShortAddr
 .text.NWK_GetExtByShortAddress
                0x00012752       0x58 ../../../../BitCloud/lib/libBc_All_Atmega256rfr2_Atmega256rfr2_Gcc.a(nwk.o)
                0x00012752                NWK_GetExtByShortAddress
 .text.nwkPrepareRouteRequestTx
                0x000127aa      0x14e ../../../../BitCloud/lib/libBc_All_Atmega256rfr2_Atmega256rfr2_Gcc.a(nwk.o)
 .text.nwkAllocNonConflAddr
                0x000128f8       0xdc ../../../../BitCloud/lib/libBc_All_Atmega256rfr2_Atmega256rfr2_Gcc.a(nwk.o)
 .text.nwkAllocateShortAddr.isra.55
                0x000129d4       0x92 ../../../../BitCloud/lib/libBc_All_Atmega256rfr2_Atmega256rfr2_Gcc.a(nwk.o)
 .text.nwkResolveAddressConflict
                0x00012a66      0x21e ../../../../BitCloud/lib/libBc_All_Atmega256rfr2_Atmega256rfr2_Gcc.a(nwk.o)
 .text.nwkStatusFrameInd
                0x00012c84       0x44 ../../../../BitCloud/lib/libBc_All_Atmega256rfr2_Atmega256rfr2_Gcc.a(nwk.o)
 .text.nwkAddressConflictTaskHandler
                0x00012cc8       0x9e ../../../../BitCloud/lib/libBc_All_Atmega256rfr2_Atmega256rfr2_Gcc.a(nwk.o)
 .text.nwkJoinReqMacSetConf
                0x00012d66      0x20a ../../../../BitCloud/lib/libBc_All_Atmega256rfr2_Atmega256rfr2_Gcc.a(nwk.o)
 .text.nwkGetNextHop
                0x00012f70      0x1da ../../../../BitCloud/lib/libBc_All_Atmega256rfr2_Atmega256rfr2_Gcc.a(nwk.o)
 .text.nwkPrepareNetworkStatusTx
                0x0001314a      0x132 ../../../../BitCloud/lib/libBc_All_Atmega256rfr2_Atmega256rfr2_Gcc.a(nwk.o)
 .text.nwkPrepareRouteReplyTx
                0x0001327c      0x2dc ../../../../BitCloud/lib/libBc_All_Atmega256rfr2_Atmega256rfr2_Gcc.a(nwk.o)
 .text.nwkTxDelayReq
                0x00013558      0x29e ../../../../BitCloud/lib/libBc_All_Atmega256rfr2_Atmega256rfr2_Gcc.a(nwk.o)
 .text.MAC_DataConf
                0x000137f6       0x2e ../../../../BitCloud/lib/libBc_All_Atmega256rfr2_Atmega256rfr2_Gcc.a(nwk.o)
 .text.nwkTransmitOutputPacket.constprop.61
                0x00013824       0x46 ../../../../BitCloud/lib/libBc_All_Atmega256rfr2_Atmega256rfr2_Gcc.a(nwk.o)
 .text.nwkMeshRouteDiscoveryConf
                0x0001386a       0x5e ../../../../BitCloud/lib/libBc_All_Atmega256rfr2_Atmega256rfr2_Gcc.a(nwk.o)
 .text.nwkSendDiscoveryCommand
                0x000138c8       0x6c ../../../../BitCloud/lib/libBc_All_Atmega256rfr2_Atmega256rfr2_Gcc.a(nwk.o)
 .text.nwkRouteDiscoveryTableTaskHandler
                0x00013934       0xae ../../../../BitCloud/lib/libBc_All_Atmega256rfr2_Atmega256rfr2_Gcc.a(nwk.o)
 .text.NWK_FindNeighborByExtAddr
                0x000139e2       0x64 ../../../../BitCloud/lib/libBc_All_Atmega256rfr2_Atmega256rfr2_Gcc.a(nwk.o)
                0x000139e2                NWK_FindNeighborByExtAddr
 .text.NWK_LinkShortAndExtAddress
                0x00013a46       0xd0 ../../../../BitCloud/lib/libBc_All_Atmega256rfr2_Atmega256rfr2_Gcc.a(nwk.o)
                0x00013a46                NWK_LinkShortAndExtAddress
 .text.nwkRouteReplyFrameInd
                0x00013b16      0x18c ../../../../BitCloud/lib/libBc_All_Atmega256rfr2_Atmega256rfr2_Gcc.a(nwk.o)
 .text.NWK_GetShortByExtAddress
                0x00013ca2       0x66 ../../../../BitCloud/lib/libBc_All_Atmega256rfr2_Atmega256rfr2_Gcc.a(nwk.o)
                0x00013ca2                NWK_GetShortByExtAddress
 .text.nwkJoinIndMacCommStatusInd
                0x00013d08       0x74 ../../../../BitCloud/lib/libBc_All_Atmega256rfr2_Atmega256rfr2_Gcc.a(nwk.o)
 .text.nwkLeaveFrameInd
                0x00013d7c      0x17c ../../../../BitCloud/lib/libBc_All_Atmega256rfr2_Atmega256rfr2_Gcc.a(nwk.o)
 .text.nwkConfirmJoinRespTx
                0x00013ef8       0x62 ../../../../BitCloud/lib/libBc_All_Atmega256rfr2_Atmega256rfr2_Gcc.a(nwk.o)
 .text.nwkConfirmAddrConflictJoinRespTx
                0x00013f5a       0x52 ../../../../BitCloud/lib/libBc_All_Atmega256rfr2_Atmega256rfr2_Gcc.a(nwk.o)
 .text.nwkLeaveTaskHandler
                0x00013fac      0x138 ../../../../BitCloud/lib/libBc_All_Atmega256rfr2_Atmega256rfr2_Gcc.a(nwk.o)
 .text.NWK_CostFromLqi