Archive member included because of file (symbol)

../../../../BitCloud/lib/libBc_All_Atmega256rfr2_Atmega256rfr2_Gcc.a(aps.o)
                              All_MegaRf_Atmega256rfr2_8Mhz_Gcc/Obj/sysTaskManager.o (APS_TaskHandler)
../../../../BitCloud/lib/libBc_All_Atmega256rfr2_Atmega256rfr2_Gcc.a(macenvPib.o)
                              All_MegaRf_Atmega256rfr2_8Mhz_Gcc/Obj/sysUtils.o (MAC_GetExtAddr)
../../../../BitCloud/lib/libBc_All_Atmega256rfr2_Atmega256rfr2_Gcc.a(machwdManager.o)
                              All_MegaRf_Atmega256rfr2_8Mhz_Gcc/Obj/sysUtils.o (RF_RandomReq)
../../../../BitCloud/lib/libBc_All_Atmega256rfr2_Atmega256rfr2_Gcc.a(machwdRegAccessHandler.o)
                              ../../../../BitCloud/lib/libBc_All_Atmega256rfr2_Atmega256rfr2_Gcc.a(machwdManager.o) (machwdRegAccessReqHandler)
../../../../BitCloud/lib/libBc_All_Atmega256rfr2_Atmega256rfr2_Gcc.a(machwdResetHandler.o)
                              ../../../../BitCloud/lib/libBc_All_Atmega256rfr2_Atmega256rfr2_Gcc.a(machwdManager.o) (machwdReset)
../../../../BitCloud/lib/libBc_All_Atmega256rfr2_Atmega256rfr2_Gcc.a(machwdRndHandler.o)
                              ../../../../BitCloud/lib/libBc_All_Atmega256rfr2_Atmega256rfr2_Gcc.a(machwdManager.o) (machwdRndReqHandler)
../../../../BitCloud/lib/libBc_All_Atmega256rfr2_Atmega256rfr2_Gcc.a(machwdRxBuffer.o)
                              ../../../../BitCloud/lib/libBc_All_Atmega256rfr2_Atmega256rfr2_Gcc.a(machwdResetHandler.o) (machwdResetRxBuffers)
../../../../BitCloud/lib/libBc_All_Atmega256rfr2_Atmega256rfr2_Gcc.a(machwdRxFrameHandler.o)
                              ../../../../BitCloud/lib/libBc_All_Atmega256rfr2_Atmega256rfr2_Gcc.a(machwdManager.o) (machwdDataReqIndTaskHandler)
../../../../BitCloud/lib/libBc_All_Atmega256rfr2_Atmega256rfr2_Gcc.a(machwdSetHandler.o)
                              ../../../../BitCloud/lib/libBc_All_Atmega256rfr2_Atmega256rfr2_Gcc.a(machwdManager.o) (machwdSetReqHandler)
../../../../BitCloud/lib/libBc_All_Atmega256rfr2_Atmega256rfr2_Gcc.a(machwdTrxCtrl.o)
                              ../../../../BitCloud/lib/libBc_All_Atmega256rfr2_Atmega256rfr2_Gcc.a(machwdSetHandler.o) (machwdSendTrxCmd)
../../../../BitCloud/lib/libBc_All_Atmega256rfr2_Atmega256rfr2_Gcc.a(machwdTrxHandler.o)
                              ../../../../BitCloud/lib/libBc_All_Atmega256rfr2_Atmega256rfr2_Gcc.a(machwdManager.o) (machwdTrxReqHandler)
../../../../BitCloud/lib/libBc_All_Atmega256rfr2_Atmega256rfr2_Gcc.a(machwdTxFrameHandler.o)
                              ../../../../BitCloud/lib/libBc_All_Atmega256rfr2_Atmega256rfr2_Gcc.a(machwdManager.o) (machwdTxFrameHandlerSubState)
../../../../BitCloud/lib/libBc_All_Atmega256rfr2_Atmega256rfr2_Gcc.a(machwiManager.o)
                              All_MegaRf_Atmega256rfr2_8Mhz_Gcc/Obj/sysTaskManager.o (MAC_HWI_TaskHandler)
../../../../BitCloud/lib/libBc_All_Atmega256rfr2_Atmega256rfr2_Gcc.a(machwiOrphanHandler.o)
                              ../../../../BitCloud/lib/libBc_All_Atmega256rfr2_Atmega256rfr2_Gcc.a(machwiManager.o) (machwiOrphanRespHandler)
../../../../BitCloud/lib/libBc_All_Atmega256rfr2_Atmega256rfr2_Gcc.a(machwiPanServer.o)
                              ../../../../BitCloud/lib/libBc_All_Atmega256rfr2_Atmega256rfr2_Gcc.a(machwdRxFrameHandler.o) (MACHWD_DataInd)
../../../../BitCloud/lib/libBc_All_Atmega256rfr2_Atmega256rfr2_Gcc.a(machwiPollHandler.o)
                              ../../../../BitCloud/lib/libBc_All_Atmega256rfr2_Atmega256rfr2_Gcc.a(machwiPanServer.o) (machwiPollInd)
../../../../BitCloud/lib/libBc_All_Atmega256rfr2_Atmega256rfr2_Gcc.a(machwiPurgeHandler.o)
                              ../../../../BitCloud/lib/libBc_All_Atmega256rfr2_Atmega256rfr2_Gcc.a(machwiManager.o) (machwiPurgeReqHandler)
../../../../BitCloud/lib/libBc_All_Atmega256rfr2_Atmega256rfr2_Gcc.a(machwiResetHandler.o)
                              ../../../../BitCloud/lib/libBc_All_Atmega256rfr2_Atmega256rfr2_Gcc.a(machwiManager.o) (machwiResetReqHandler)
../../../../BitCloud/lib/libBc_All_Atmega256rfr2_Atmega256rfr2_Gcc.a(machwiRxEnableHandler.o)
                              ../../../../BitCloud/lib/libBc_All_Atmega256rfr2_Atmega256rfr2_Gcc.a(machwiManager.o) (machwiRxEnableReqHandler)
../../../../BitCloud/lib/libBc_All_Atmega256rfr2_Atmega256rfr2_Gcc.a(machwiScanHandler.o)
                              ../../../../BitCloud/lib/libBc_All_Atmega256rfr2_Atmega256rfr2_Gcc.a(machwiManager.o) (machwiScanReqHandler)
../../../../BitCloud/lib/libBc_All_Atmega256rfr2_Atmega256rfr2_Gcc.a(machwiSetGetHandler.o)
                              ../../../../BitCloud/lib/libBc_All_Atmega256rfr2_Atmega256rfr2_Gcc.a(machwiManager.o) (machwiGetReqHandler)
../../../../BitCloud/lib/libBc_All_Atmega256rfr2_Atmega256rfr2_Gcc.a(machwiStartHandler.o)
                              ../../../../BitCloud/lib/libBc_All_Atmega256rfr2_Atmega256rfr2_Gcc.a(machwiManager.o) (machwiStartReqHandler)
[...]
Memory Configuration

Name             Origin             Length             Attributes
text             0x00000000         0x00040000         xr
boot             0x0003f000         0x00001000         xr
access           0x0003fff0         0x00000010         xr
data             0x00800200         0x00007e0c         rw !x
eeprom           0x00810000         0x00002000         rw !x
*default*        0x00000000         0xffffffff

Linker script and memory map

Address of section .data set to 0x800200
LOAD c:/program files (x86)/atmel/atmel toolchain/avr8 gcc/native/3.4.1061/avr8-gnu-toolchain/bin/../lib/gcc/avr/4.8.1/../../../../avr/lib/avr6/crtm256rfr2.o

.text           0x00000000    0x1ed20
                0x00000000                PROVIDE (__text_start, .)
 *(.vectors)
 .vectors       0x00000000      0x134 c:/program files (x86)/atmel/atmel toolchain/avr8 gcc/native/3.4.1061/avr8-gnu-toolchain/bin/../lib/gcc/avr/4.8.1/../../../../avr/lib/avr6/crtm256rfr2.o
                0x00000000                __vector_default
                0x00000000                __vectors
 *(.vectors)
                0x00000400                . = ALIGN (0x400)
 *fill*         0x00000134      0x2cc 
                0x00000400                PROVIDE (__d_nv_mem_start, .)
                0x00004400                . = ALIGN (0x4400)
 *fill*         0x00000400     0x4000 
                0x00004400                PROVIDE (__d_nv_mem_end, .)
                0x00004400                PROVIDE (__pds_ff_start, .)
 *(.pds_ff)
 .pds_ff        0x00004400       0x96 All_MegaRf_Atmega256rfr2_8Mhz_Gcc/Obj/csPersistentMem.o
                0x00004400                pds_ff_CS_APS_BINDING_TABLE_MEM_ID
                0x00004406                pds_ff_CS_GROUP_TABLE_MEM_ID
                0x0000440c                pds_ff_CS_NEIB_TABLE_MEM_ID
                0x00004412                pds_ff_CS_NWK_LOGICAL_CHANNEL_MEM_ID
                0x00004418                pds_ff_CS_NWK_EXT_PANID_MEM_ID
                0x0000441e                pds_ff_CS_NWK_DEPTH_MEM_ID
                0x00004424                pds_ff_CS_NWK_PARENT_ADDR_MEM_ID
                0x0000442a                pds_ff_NWK_RREQ_IDENTIFIER_MEM_ID
                0x00004430                pds_ff_NWK_UPDATE_ID_MEM_ID
                0x00004436                pds_ff_CS_DTR_WAKEUP_MEM_ID
                0x0000443c                pds_ff_CS_NWK_LEAVE_REQ_ALLOWED_MEM_ID
                0x00004442                pds_ff_CS_NWK_UNIQUE_ADDR_MEM_ID
                0x00004448                pds_ff_CS_NWK_ADDR_MEM_ID
                0x0000444e                pds_ff_CS_NWK_PREDEFINED_PANID_MEM_ID
                0x00004454                pds_ff_CS_NWK_PANID_MEM_ID
                0x0000445a                pds_ff_CS_ZDP_USER_DESCRIPTOR_MEM_ID
                0x00004460                pds_ff_CS_USER_DESCRIPTOR_AVAILABLE_MEM_ID
                0x00004466                pds_ff_CS_COMPLEX_DESCRIPTOR_AVAILABLE_MEM_ID
                0x0000446c                pds_ff_CS_RX_ON_WHEN_IDLE_MEM_ID
                0x00004472                pds_ff_CS_DEVICE_TYPE_MEM_ID
                0x00004478                pds_ff_CS_CHANNEL_PAGE_MEM_ID
                0x0000447e                pds_ff_CS_CHANNEL_MASK_MEM_ID
                0x00004484                pds_ff_CS_EXT_PANID_MEM_ID
                0x0000448a                pds_ff_CS_RF_TX_POWER_MEM_ID
                0x00004490                pds_ff_CS_UID_MEM_ID
                0x00004496                PROVIDE (__pds_ff_end, .)
                0x00004496                PROVIDE (__pds_fd_start, .)
 *(.pds_fd)
 .pds_fd        0x00004496       0x1e All_MegaRf_Atmega256rfr2_8Mhz_Gcc/Obj/csPersistentMem.o
                0x00004496                BCRejoinParamsDirDescr
                0x0000449c                BCExtGenParamsDirDescr
                0x000044a2                BCSystemDirDescr
                0x000044a8                csExtendedParamsDirDescr
                0x000044ae                csGeneralParamsDirDescr
                0x000044b4                PROVIDE (__pds_fd_end, .)
 *(.progmem.gcc*)
 .progmem.gcc_sw_table.macenvSetPibAttr
                0x000044b4       0x9a ../../../../BitCloud/lib/libBc_All_Atmega256rfr2_Atmega256rfr2_Gcc.a(macenvPib.o)
 .progmem.gcc_sw_table.macenvGetPibAttr
                0x0000454e       0x9a ../../../../BitCloud/lib/libBc_All_Atmega256rfr2_Atmega256rfr2_Gcc.a(macenvPib.o)
 .progmem.gcc_sw_table.MAC_PHY_HWD_TaskHandler
                0x000045e8       0x2a ../../../../BitCloud/lib/libBc_All_Atmega256rfr2_Atmega256rfr2_Gcc.a(machwdManager.o)
 .progmem.gcc_sw_table.machwiSendConfToUpperLayer
                0x00004612       0x20 ../../../../BitCloud/lib/libBc_All_Atmega256rfr2_Atmega256rfr2_Gcc.a(machwiManager.o)
 .progmem.gcc_sw_table.MAC_HWI_TaskHandler
                0x00004632       0x1c ../../../../BitCloud/lib/libBc_All_Atmega256rfr2_Atmega256rfr2_Gcc.a(machwiManager.o)
 .progmem.gcc_sw_table.MACHWD_DataInd
                0x0000464e       0x16 ../../../../BitCloud/lib/libBc_All_Atmega256rfr2_Atmega256rfr2_Gcc.a(machwiPanServer.o)
 .progmem.gcc_sw_table.machwdSetConfirm
                0x00004664       0x20 ../../../../BitCloud/lib/libBc_All_Atmega256rfr2_Atmega256rfr2_Gcc.a(machwiScanHandler.o)
 .progmem.gcc_sw_table.nwkJoinReqMacSetConf
                0x00004684       0x24 ../../../../BitCloud/lib/libBc_All_Atmega256rfr2_Atmega256rfr2_Gcc.a(nwk.o)
 .progmem.gcc_sw_table.nwkTxDelayReq
                0x000046a8       0x1e ../../../../BitCloud/lib/libBc_All_Atmega256rfr2_Atmega256rfr2_Gcc.a(nwk.o)
 .progmem.gcc_sw_table.nwkTxTaskHandler
                0x000046c6       0x14 ../../../../BitCloud/lib/libBc_All_Atmega256rfr2_Atmega256rfr2_Gcc.a(nwk.o)
 .progmem.gcc_sw_table.zdoZdpReqHandler
                0x000046da       0x2c ../../../../BitCloud/lib/libBc_All_Atmega256rfr2_Atmega256rfr2_Gcc.a(zdo.o)
 .progmem.gcc_sw_table.NWK_NwkStatusInd
                0x00004706       0x1c ../../../../BitCloud/lib/libBc_All_Atmega256rfr2_Atmega256rfr2_Gcc.a(zdo.o)
 .progmem.gcc_sw_table.APS_ZdoDataInd
                0x00004722       0x2c ../../../../BitCloud/lib/libBc_All_Atmega256rfr2_Atmega256rfr2_Gcc.a(zdo.o)
 .progmem.gcc_sw_table.machwdParseFrame
                0x0000474e       0x10 ../../../../BitCloud/lib/libBc_All_Atmega256rfr2_Atmega256rfr2_Gcc.a(machwdFrameRoutine.o)
 .progmem.gcc_sw_table.machwdComposeFrame
                0x0000475e       0x16 ../../../../BitCloud/lib/libBc_All_Atmega256rfr2_Atmega256rfr2_Gcc.a(machwdFrameRoutine.o)
 *(.progmem*)
 .progmem.data  0x00004774       0xaa All_MegaRf_Atmega256rfr2_8Mhz_Gcc/Obj/csPersistentMem.o
                0x00004774                BCRejoinParamsMemoryIdsTable
                0x00004798                BCExtGenParamsMemoryIdsTable
                0x000047c2                BCSystemMemoryIdsTable
                0x000047f4                CsExtendedMemoryIdsTable
                0x000047fc                CsGeneralMemoryIdsTable
 .progmem.data  0x0000481e      0x39f All_MegaRf_Atmega256rfr2_8Mhz_Gcc/Obj/csMem.o
                0x0000481e                csMemItems
                0x000048ae                csConstItems
                0x0000496a                csVarItems
                0x00004aa6                csReadOnlyItems
                0x00004ad8                defaultSIB
                0x00004b20                defaultAIB
                0x00004b23                defaultZIB
                0x00004b36                defaultNIB
 .progmem.data  0x00004bbd       0x10 ../../../../BitCloud/lib/libBc_All_Atmega256rfr2_Atmega256rfr2_Gcc.a(aps.o)
 .progmem.data  0x00004bcd      0x138 ../../../../BitCloud/lib/libBc_All_Atmega256rfr2_Atmega256rfr2_Gcc.a(nwk.o)
 .progmem.data  0x00004d05        0xc ../../../../BitCloud/lib/libBc_All_Atmega256rfr2_Atmega256rfr2_Gcc.a(zdo.o)
 .progmem.data  0x00004d11       0x20 ../../../../BitCloud/lib/libHAL_MegaRf_Atmega256rfr2_8Mhz_Gcc.a(halTaskManager.o)
                0x00004d11                halHandlers
 .progmem.data  0x00004d31        0xc ../../../../BitCloud/lib/libHAL_MegaRf_Atmega256rfr2_8Mhz_Gcc.a(usart.o)
                0x00004d3e                . = ALIGN (0x2)
 *fill*         0x00004d3d        0x1 
 *(.trampolines*)
 .trampolines   0x00004d3e        0x0 linker stubs
 *(.jumptables*)
 *(.lowtext*)
 *(.init0)
 .init0         0x00004d3e        0x0 c:/program files (x86)/atmel/atmel toolchain/avr8 gcc/native/3.4.1061/avr8-gnu-toolchain/bin/../lib/gcc/avr/4.8.1/../../../../avr/lib/avr6/crtm256rfr2.o
                0x00004d3e                __init
 .init0         0x00004d3e       0x36 ../../../../BitCloud/lib/WdtInitatmega256rfr2_Gcc.o
                0x00004d3e                halWdtInit
 *(.init0)
 *(.init1)
 .init1         0x00004d74       0x14 ../../../../BitCloud/lib/WdtInitatmega256rfr2_Gcc.o
                0x00004d74                halFillStack
 *(.init1)
 *(.init2)
 .init2         0x00004d88       0x10 c:/program files (x86)/atmel/atmel toolchain/avr8 gcc/native/3.4.1061/avr8-gnu-toolchain/bin/../lib/gcc/avr/4.8.1/../../../../avr/lib/avr6/crtm256rfr2.o
 *(.init2)
 *(.init3)
 *(.init3)
 *(.init4)
 .init4         0x00004d98       0x1a c:/program files (x86)/atmel/atmel toolchain/avr8 gcc/native/3.4.1061/avr8-gnu-toolchain/bin/../lib/gcc/avr/4.8.1/avr6\libgcc.a(_copy_data.o)
                0x00004d98                __do_copy_data
 .init4         0x00004db2       0x10 c:/program files (x86)/atmel/atmel toolchain/avr8 gcc/native/3.4.1061/avr8-gnu-toolchain/bin/../lib/gcc/avr/4.8.1/avr6\libgcc.a(_clear_bss.o)
                0x00004db2                __do_clear_bss
 *(.init4)
 *(.init5)
 *(.init5)
 *(.init6)
 *(.init6)
 *(.init7)
 *(.init7)
 *(.init8)
 *(.init8)
 *(.text.main)
 *(.text*main)
 .text.startup.main
                0x00004dc2        0xa All_MegaRf_Atmega256rfr2_8Mhz_Gcc/Obj/app.o
                0x00004dc2                main
 *(.text)
 .text          0x00004dcc        0x4 c:/program files (x86)/atmel/atmel toolchain/avr8 gcc/native/3.4.1061/avr8-gnu-toolchain/bin/../lib/gcc/avr/4.8.1/../../../../avr/lib/avr6/crtm256rfr2.o
                0x00004dcc                __vector_22
                0x00004dcc                __vector_28
                0x00004dcc                __vector_67
                0x00004dcc                __vector_32
                0x00004dcc                __vector_75
                0x00004dcc                __vector_34
                0x00004dcc                __vector_62
                0x00004dcc                __vector_12
                0x00004dcc                __vector_55
                0x00004dcc                __vector_69
                0x00004dcc                __vector_46
                0x00004dcc                __bad_interrupt
                0x00004dcc                __vector_72
                0x00004dcc                __vector_31
                0x00004dcc                __vector_35
                0x00004dcc                __vector_74
                0x00004dcc                __vector_23
                0x00004dcc                __vector_68
                0x00004dcc                __vector_73
                0x00004dcc                __vector_45
                0x00004dcc                __vector_61
                0x00004dcc                __vector_11
                0x00004dcc                __vector_54
                0x00004dcc                __vector_17
                0x00004dcc                __vector_19
                0x00004dcc                __vector_56
                0x00004dcc                __vector_49
                0x00004dcc                __vector_41
                0x00004dcc                __vector_64
                0x00004dcc                __vector_33
                0x00004dcc                __vector_76
                0x00004dcc                __vector_47
                0x00004dcc                __vector_52
                0x00004dcc                __vector_44
                0x00004dcc                __vector_51
                0x00004dcc                __vector_21
                0x00004dcc                __vector_66
                0x00004dcc                __vector_58
                0x00004dcc                __vector_70
                0x00004dcc                __vector_40
                0x00004dcc                __vector_48
                0x00004dcc                __vector_14
                0x00004dcc                __vector_57
                0x00004dcc                __vector_53
                0x00004dcc                __vector_50
                0x00004dcc                __vector_16
                0x00004dcc                __vector_59
                0x00004dcc                __vector_18
                0x00004dcc                __vector_20
                0x00004dcc                __vector_65
 .text          0x00004dd0       0xb8 ../../../../BitCloud/lib/libHAL_MegaRf_Atmega256rfr2_8Mhz_Gcc.a(halW1.o)
                0x00004dd0                halResetW1
                0x00004dfc                halReadW1Bit
                0x00004e26                halReadW1
                0x00004e40                halWriteW1bit
                0x00004e68                halWriteW1
                0x00004e78                __delay_us
 .text          0x00004e88       0x3a ../../../../BitCloud/lib/libHAL_MegaRf_Atmega256rfr2_8Mhz_Gcc.a(halCalibration.o)
                0x00004e88                halMeasurement
 *(.text.*)
 .text.sendeTimerFired
                0x00004ec2       0x20 All_MegaRf_Atmega256rfr2_8Mhz_Gcc/Obj/app.o
 .text.measureTimerFired
                0x00004ee2       0x20 All_MegaRf_Atmega256rfr2_8Mhz_Gcc/Obj/app.o
 .text.callbackrd
                0x00004f02       0x3a All_MegaRf_Atmega256rfr2_8Mhz_Gcc/Obj/app.o
 .text.callbackcmd
                0x00004f3c       0x42 All_MegaRf_Atmega256rfr2_8Mhz_Gcc/Obj/app.o
 .text.calculateOutput
                0x00004f7e       0x3c All_MegaRf_Atmega256rfr2_8Mhz_Gcc/Obj/app.o
                0x00004f7e                calculateOutput
 .text.APL_TaskHandler
                0x00004fba      0x150 All_MegaRf_Atmega256rfr2_8Mhz_Gcc/Obj/app.o
                0x00004fba                APL_TaskHandler
 .text.ZDO_MgmtNwkUpdateNotf
                0x0000510a        0x2 All_MegaRf_Atmega256rfr2_8Mhz_Gcc/Obj/app.o
                0x0000510a                ZDO_MgmtNwkUpdateNotf
 .text.ZDO_WakeUpInd
                0x0000510c        0x2 All_MegaRf_Atmega256rfr2_8Mhz_Gcc/Obj/app.o
                0x0000510c                ZDO_WakeUpInd
 .text.ZDO_BindIndication
                0x0000510e        0x2 All_MegaRf_Atmega256rfr2_8Mhz_Gcc/Obj/app.o
                0x0000510e                ZDO_BindIndication
 .text.ZDO_UnbindIndication
                0x00005110        0x2 All_MegaRf_Atmega256rfr2_8Mhz_Gcc/Obj/app.o
                0x00005110                ZDO_UnbindIndication
 .text.copyStrToBuffer
                0x00005112       0x80 All_MegaRf_Atmega256rfr2_8Mhz_Gcc/Obj/usartManager.o
 .text.usartWriteConf
                0x00005192       0xac All_MegaRf_Atmega256rfr2_8Mhz_Gcc/Obj/usartManager.o
 .text.appInitUsartManager
                0x0000523e       0x5e All_MegaRf_Atmega256rfr2_8Mhz_Gcc/Obj/usartManager.o
                0x0000523e                appInitUsartManager
 .text.appWriteDataToUsart
                0x0000529c       0x68 All_MegaRf_Atmega256rfr2_8Mhz_Gcc/Obj/usartManager.o
                0x0000529c                appWriteDataToUsart
 .text.uint8_to_hexstr
                0x00005304       0x3a All_MegaRf_Atmega256rfr2_8Mhz_Gcc/Obj/usartManager.o
                0x00005304                uint8_to_hexstr
 .text.uint16_to_hexstr
                0x0000533e       0x46 All_MegaRf_Atmega256rfr2_8Mhz_Gcc/Obj/usartManager.o
                0x0000533e                uint16_to_hexstr
 .text.uint32_to_str
                0x00005384       0x62 All_MegaRf_Atmega256rfr2_8Mhz_Gcc/Obj/usartManager.o
                0x00005384                uint32_to_str
 .text.pdsGetFileDescrRec
                0x000053e6       0x62 All_MegaRf_Atmega256rfr2_8Mhz_Gcc/Obj/stdPdsMemAccess.o
                0x000053e6                pdsGetFileDescrRec
 .text.pdsGetFileOffset
                0x00005448      0x11a All_MegaRf_Atmega256rfr2_8Mhz_Gcc/Obj/stdPdsMemAccess.o
                0x00005448                pdsGetFileOffset
 .text.pdsPrepareMemoryAccess
                0x00005562       0xd0 All_MegaRf_Atmega256rfr2_8Mhz_Gcc/Obj/stdPdsMemAccess.o
                0x00005562                pdsPrepareMemoryAccess
 .text.pdsExpandWithDirContent
                0x00005632      0x122 All_MegaRf_Atmega256rfr2_8Mhz_Gcc/Obj/stdPdsMemAccess.o
                0x00005632                pdsExpandWithDirContent
 .text.pdsPrepareAccessContext
                0x00005754       0x3a All_MegaRf_Atmega256rfr2_8Mhz_Gcc/Obj/stdPdsMemAccess.o
                0x00005754                pdsPrepareAccessContext
 .text.pdsTimerFired
                0x0000578e        0xc All_MegaRf_Atmega256rfr2_8Mhz_Gcc/Obj/stdPdsTimer.o
 .text.pdsTimerInit
                0x0000579a       0x12 All_MegaRf_Atmega256rfr2_8Mhz_Gcc/Obj/stdPdsTimer.o
                0x0000579a                pdsTimerInit
 .text.pdsDummyCallback
                0x000057ac        0x2 All_MegaRf_Atmega256rfr2_8Mhz_Gcc/Obj/stdPdsWriteData.o
                0x000057ac                pdsDummyCallback
 .text.pdsAddDataForCommitment
                0x000057ae       0x24 All_MegaRf_Atmega256rfr2_8Mhz_Gcc/Obj/stdPdsWriteData.o
                0x000057ae                pdsAddDataForCommitment
 .text.pdsWaitMemoryFree
                0x000057d2        0xe All_MegaRf_Atmega256rfr2_8Mhz_Gcc/Obj/stdPdsWriteData.o
                0x000057d2                pdsWaitMemoryFree
 .text.pdsWrite
                0x000057e0       0x3c All_MegaRf_Atmega256rfr2_8Mhz_Gcc/Obj/stdPdsWriteData.o
                0x000057e0                pdsWrite
 .text.pdsRead  0x0000581c       0x3c All_MegaRf_Atmega256rfr2_8Mhz_Gcc/Obj/stdPdsWriteData.o
                0x0000581c                pdsRead
 .text.pdsStartCommitment
                0x00005858      0x176 All_MegaRf_Atmega256rfr2_8Mhz_Gcc/Obj/stdPdsWriteData.o
                0x00005858                pdsStartCommitment
 .text.pdsCalculateRAMDataCrc
                0x000059ce       0x14 All_MegaRf_Atmega256rfr2_8Mhz_Gcc/Obj/stdPdsCrcService.o
                0x000059ce                pdsCalculateRAMDataCrc
 .text.PDS_Init
                0x000059e2      0x29a All_MegaRf_Atmega256rfr2_8Mhz_Gcc/Obj/stdPdsInit.o
                0x000059e2                PDS_Init
 .text.pdsMemMaskIsAnyBitSet
                0x00005c7c       0x1a All_MegaRf_Atmega256rfr2_8Mhz_Gcc/Obj/stdPdsDataServer.o
 .text.pdsInitMemMask
                0x00005c96       0x36 All_MegaRf_Atmega256rfr2_8Mhz_Gcc/Obj/stdPdsDataServer.o
 .text.pdsGetMemoryAllowed.part.0
                0x00005ccc       0x1a All_MegaRf_Atmega256rfr2_8Mhz_Gcc/Obj/stdPdsDataServer.o
 .text.PDS_Store
                0x00005ce6       0x3e All_MegaRf_Atmega256rfr2_8Mhz_Gcc/Obj/stdPdsDataServer.o
                0x00005ce6                PDS_Store
 .text.PDS_TaskHandler
                0x00005d24        0x2 All_MegaRf_Atmega256rfr2_8Mhz_Gcc/Obj/stdPdsDataServer.o
                0x00005d24                PDS_TaskHandler
 .text.sysIdleHandlerSleepConf
                0x00005d26        0x2 All_MegaRf_Atmega256rfr2_8Mhz_Gcc/Obj/sysIdleHandler.o
 .text.SYS_IdleHandler
                0x00005d28       0x5a All_MegaRf_Atmega256rfr2_8Mhz_Gcc/Obj/sysIdleHandler.o
                0x00005d28                SYS_IdleHandler
 .text.SYS_IsSleepWhenIdleEnabled
                0x00005d82        0x6 All_MegaRf_Atmega256rfr2_8Mhz_Gcc/Obj/sysIdleHandler.o
                0x00005d82                SYS_IsSleepWhenIdleEnabled
 .text.SYS_Sleep
                0x00005d88        0x6 All_MegaRf_Atmega256rfr2_8Mhz_Gcc/Obj/sysSleep.o
                0x00005d88                SYS_Sleep
 .text.SYS_PostEvent
                0x00005d8e       0x9c All_MegaRf_Atmega256rfr2_8Mhz_Gcc/Obj/sysEventsHandler.o
                0x00005d8e                SYS_PostEvent
 .text.SYS_IsEventDeliverable
                0x00005e2a       0x34 All_MegaRf_Atmega256rfr2_8Mhz_Gcc/Obj/sysEventsHandler.o
                0x00005e2a                SYS_IsEventDeliverable
 .text.SYS_IsEventSubscriber
                0x00005e5e       0x2e All_MegaRf_Atmega256rfr2_8Mhz_Gcc/Obj/sysEventsHandler.o
                0x00005e5e                SYS_IsEventSubscriber
 .text.SYS_SubscribeToEvent
                0x00005e8c       0x82 All_MegaRf_Atmega256rfr2_8Mhz_Gcc/Obj/sysEventsHandler.o
                0x00005e8c                SYS_SubscribeToEvent
 .text.SYS_UnsubscribeFromEvent
                0x00005f0e       0x88 All_MegaRf_Atmega256rfr2_8Mhz_Gcc/Obj/sysEventsHandler.o
                0x00005f0e                SYS_UnsubscribeFromEvent
 .text.deleteHeadQueueElem
                0x00005f96       0x18 All_MegaRf_Atmega256rfr2_8Mhz_Gcc/Obj/sysQueue.o
                0x00005f96                deleteHeadQueueElem
 .text.deleteQueueElem
                0x00005fae       0x40 All_MegaRf_Atmega256rfr2_8Mhz_Gcc/Obj/sysQueue.o
                0x00005fae                deleteQueueElem
 .text.isQueueElem
                0x00005fee       0x20 All_MegaRf_Atmega256rfr2_8Mhz_Gcc/Obj/sysQueue.o
                0x00005fee                isQueueElem
 .text.putQueueElem
                0x0000600e       0x56 All_MegaRf_Atmega256rfr2_8Mhz_Gcc/Obj/sysQueue.o
                0x0000600e                putQueueElem
 .text.sysRndConfirm
                0x00006064       0x46 All_MegaRf_Atmega256rfr2_8Mhz_Gcc/Obj/sysUtils.o
 .text.sysUpdateRndSeedTimerFired
                0x000060aa        0xa All_MegaRf_Atmega256rfr2_8Mhz_Gcc/Obj/sysUtils.o
 .text.sysStartUpdatingRandSeed
                0x000060b4       0x24 All_MegaRf_Atmega256rfr2_8Mhz_Gcc/Obj/sysUtils.o
                0x000060b4                sysStartUpdatingRandSeed
 .text.sysStopUpdatingRandSeed
                0x000060d8        0xa All_MegaRf_Atmega256rfr2_8Mhz_Gcc/Obj/sysUtils.o
                0x000060d8                sysStopUpdatingRandSeed
 .text.SYS_DefAssertCallbackError
                0x000060e2       0x30 All_MegaRf_Atmega256rfr2_8Mhz_Gcc/Obj/sysAssert.o
                0x000060e2                SYS_DefAssertCallbackError
 .text.SYS_DefAssertCallbackFatal
                0x00006112       0x30 All_MegaRf_Atmega256rfr2_8Mhz_Gcc/Obj/sysAssert.o
                0x00006112                SYS_DefAssertCallbackFatal
 .text.SYS_DuplicateTableReset
                0x00006142       0x64 All_MegaRf_Atmega256rfr2_8Mhz_Gcc/Obj/sysDuplicateTable.o
                0x00006142                SYS_DuplicateTableReset
 .text.SYS_DuplicateTableCheck
                0x000061a6      0x110 All_MegaRf_Atmega256rfr2_8Mhz_Gcc/Obj/sysDuplicateTable.o
                0x000061a6                SYS_DuplicateTableCheck
 .text.SYS_InitZsiLayer
                0x000062b6        0x4 All_MegaRf_Atmega256rfr2_8Mhz_Gcc/Obj/sysInit.o
                0x000062b6                SYS_InitZsiLayer
 .text.SYS_InitZclLayer
                0x000062ba        0x2 All_MegaRf_Atmega256rfr2_8Mhz_Gcc/Obj/sysInit.o
                0x000062ba                SYS_InitZclLayer
 .text.processManagerTask
                0x000062bc       0x88 All_MegaRf_Atmega256rfr2_8Mhz_Gcc/Obj/sysTaskManager.o
 .text.SYS_SysInit
                0x00006344       0x2c All_MegaRf_Atmega256rfr2_8Mhz_Gcc/Obj/sysTaskManager.o
                0x00006344                SYS_SysInit
 .text.SYS_RunTask
                0x00006370       0x2a All_MegaRf_Atmega256rfr2_8Mhz_Gcc/Obj/sysTaskManager.o
                0x00006370                SYS_RunTask
 .text.SYS_ForceRunTask
                0x0000639a        0x4 All_MegaRf_Atmega256rfr2_8Mhz_Gcc/Obj/sysTaskManager.o
                0x0000639a                SYS_ForceRunTask
 .text.SYS_StartTimer
                0x0000639e       0x14 All_MegaRf_Atmega256rfr2_8Mhz_Gcc/Obj/sysTimer.o
                0x0000639e                SYS_StartTimer
 .text.SYS_StopTimer
                0x000063b2       0x12 All_MegaRf_Atmega256rfr2_8Mhz_Gcc/Obj/sysTimer.o
                0x000063b2                SYS_StopTimer
 .text.SYS_InitTimer
                0x000063c4       0x3e All_MegaRf_Atmega256rfr2_8Mhz_Gcc/Obj/sysTimer.o
                0x000063c4                SYS_InitTimer
 .text.BSP_TaskHandler
                0x00006402        0x2 All_MegaRf_Atmega256rfr2_8Mhz_Gcc/Obj/bspTaskManager.o
                0x00006402                BSP_TaskHandler
 .text.csSetToDefault
                0x00006404       0x8c All_MegaRf_Atmega256rfr2_8Mhz_Gcc/Obj/csMem.o
                0x00006404                csSetToDefault
 .text.csGetItem
                0x00006490       0x84 All_MegaRf_Atmega256rfr2_8Mhz_Gcc/Obj/configServer.o
 .text.CS_Init  0x00006514        0x6 All_MegaRf_Atmega256rfr2_8Mhz_Gcc/Obj/configServer.o
                0x00006514                CS_Init
 .text.CS_GetMemory
                0x0000651a       0x44 All_MegaRf_Atmega256rfr2_8Mhz_Gcc/Obj/configServer.o
                0x0000651a                CS_GetMemory
 .text.CS_ReadParameter
                0x0000655e       0x70 All_MegaRf_Atmega256rfr2_8Mhz_Gcc/Obj/configServer.o
                0x0000655e                CS_ReadParameter
 .text.CS_WriteParameter
                0x000065ce       0x52 All_MegaRf_Atmega256rfr2_8Mhz_Gcc/Obj/configServer.o
                0x000065ce                CS_WriteParameter
 .text.apsIsFragmentationDataReq
                0x00006620       0x34 ../../../../BitCloud/lib/libBc_All_Atmega256rfr2_Atmega256rfr2_Gcc.a(aps.o)
 .text.apsPostTask
                0x00006654       0x30 ../../../../BitCloud/lib/libBc_All_Atmega256rfr2_Atmega256rfr2_Gcc.a(aps.o)
 .text.apsFreeBuffer
                0x00006684       0xce ../../../../BitCloud/lib/libBc_All_Atmega256rfr2_Atmega256rfr2_Gcc.a(aps.o)
 .text.apsMakeNwkDataResp
                0x00006752       0x2e ../../../../BitCloud/lib/libBc_All_Atmega256rfr2_Atmega256rfr2_Gcc.a(aps.o)
 .text.apsGetBuffer
                0x00006780      0x10c ../../../../BitCloud/lib/libBc_All_Atmega256rfr2_Atmega256rfr2_Gcc.a(aps.o)
 .text.apsDataManagerNwkDataConf
                0x0000688c       0x16 ../../../../BitCloud/lib/libBc_All_Atmega256rfr2_Atmega256rfr2_Gcc.a(aps.o)
 .text.apsProcessEvent
                0x000068a2       0x50 ../../../../BitCloud/lib/libBc_All_Atmega256rfr2_Atmega256rfr2_Gcc.a(aps.o)
 .text.dataIndAddrResolvingConf
                0x000068f2       0x10 ../../../../BitCloud/lib/libBc_All_Atmega256rfr2_Atmega256rfr2_Gcc.a(aps.o)
 .text.apsSendNwkDataReq
                0x00006902        0xe ../../../../BitCloud/lib/libBc_All_Atmega256rfr2_Atmega256rfr2_Gcc.a(aps.o)
 .text.apsProcessShortAddrModeDataReq
                0x00006910      0x286 ../../../../BitCloud/lib/libBc_All_Atmega256rfr2_Atmega256rfr2_Gcc.a(aps.o)
 .text.apsSendNextBlock
                0x00006b96       0x10 ../../../../BitCloud/lib/libBc_All_Atmega256rfr2_Atmega256rfr2_Gcc.a(aps.o)
 .text.apsSendAckForFragmentedReceive
                0x00006ba6       0xc8 ../../../../BitCloud/lib/libBc_All_Atmega256rfr2_Atmega256rfr2_Gcc.a(aps.o)
 .text.apsCalculateApsAckTimeout
                0x00006c6e       0x4a ../../../../BitCloud/lib/libBc_All_Atmega256rfr2_Atmega256rfr2_Gcc.a(aps.o)
 .text.apsGroupNwkDataConf
                0x00006cb8       0x4e ../../../../BitCloud/lib/libBc_All_Atmega256rfr2_Atmega256rfr2_Gcc.a(aps.o)
 .text.apsResetMemoryManager
                0x00006d06       0xe0 ../../../../BitCloud/lib/libBc_All_Atmega256rfr2_Atmega256rfr2_Gcc.a(aps.o)
 .text.apsResetBindingTable
                0x00006de6       0x54 ../../../../BitCloud/lib/libBc_All_Atmega256rfr2_Atmega256rfr2_Gcc.a(aps.o)
 .text.apsStopConf
                0x00006e3a       0x52 ../../../../BitCloud/lib/libBc_All_Atmega256rfr2_Atmega256rfr2_Gcc.a(aps.o)
 .text.apsStartAckTimer
                0x00006e8c      0x1e6 ../../../../BitCloud/lib/libBc_All_Atmega256rfr2_Atmega256rfr2_Gcc.a(aps.o)
 .text.apsAckForFragmentedReceiveConfirmHandler
                0x00007072       0xa2 ../../../../BitCloud/lib/libBc_All_Atmega256rfr2_Atmega256rfr2_Gcc.a(aps.o)
 .text.apsAckOnTimerFired
                0x00007114      0x166 ../../../../BitCloud/lib/libBc_All_Atmega256rfr2_Atmega256rfr2_Gcc.a(aps.o)
 .text.apsFindBindingEntry
                0x0000727a      0x106 ../../../../BitCloud/lib/libBc_All_Atmega256rfr2_Atmega256rfr2_Gcc.a(aps.o)
 .text.apsIsValidBindingParameters
                0x00007380       0x7e ../../../../BitCloud/lib/libBc_All_Atmega256rfr2_Atmega256rfr2_Gcc.a(aps.o)
 .text.apsMakeApsDataConf
                0x000073fe       0x68 ../../../../BitCloud/lib/libBc_All_Atmega256rfr2_Atmega256rfr2_Gcc.a(aps.o)
 .text.apsGetAckByDataBuffer.isra.5
                0x00007466       0x82 ../../../../BitCloud/lib/libBc_All_Atmega256rfr2_Atmega256rfr2_Gcc.a(aps.o)
 .text.dataReqAddrResolvingConf
                0x000074e8       0x20 ../../../../BitCloud/lib/libBc_All_Atmega256rfr2_Atmega256rfr2_Gcc.a(aps.o)
 .text.apsProcessGroupAddrModeDataReq
                0x00007508      0x1ac ../../../../BitCloud/lib/libBc_All_Atmega256rfr2_Atmega256rfr2_Gcc.a(aps.o)
 .text.apsPrepareFragmentedTransmission
                0x000076b4       0x74 ../../../../BitCloud/lib/libBc_All_Atmega256rfr2_Atmega256rfr2_Gcc.a(aps.o)
 .text.apsNextBind
                0x00007728       0xc0 ../../../../BitCloud/lib/libBc_All_Atmega256rfr2_Atmega256rfr2_Gcc.a(aps.o)
 .text.apsSendToNextBoundDevice
                0x000077e8      0x140 ../../../../BitCloud/lib/libBc_All_Atmega256rfr2_Atmega256rfr2_Gcc.a(aps.o)
 .text.bindDataReqAddrResolvingConf
                0x00007928       0x7e ../../../../BitCloud/lib/libBc_All_Atmega256rfr2_Atmega256rfr2_Gcc.a(aps.o)
                0x00007928                bindDataReqAddrResolvingConf
 .text.apsProcessIndirectDataReq
                0x000079a6       0x6c ../../../../BitCloud/lib/libBc_All_Atmega256rfr2_Atmega256rfr2_Gcc.a(aps.o)
 .text.apsHandleTransmittedData.constprop.14
                0x00007a12       0xc2 ../../../../BitCloud/lib/libBc_All_Atmega256rfr2_Atmega256rfr2_Gcc.a(aps.o)
 .text.APS_BindReq
                0x00007ad4       0xbc ../../../../BitCloud/lib/libBc_All_Atmega256rfr2_Atmega256rfr2_Gcc.a(aps.o)
                0x00007ad4                APS_BindReq
 .text.APS_FreeBindingEntry
                0x00007b90       0x64 ../../../../BitCloud/lib/libBc_All_Atmega256rfr2_Atmega256rfr2_Gcc.a(aps.o)
                0x00007b90                APS_FreeBindingEntry
 .text.APS_UnbindReq
                0x00007bf4       0x28 ../../../../BitCloud/lib/libBc_All_Atmega256rfr2_Atmega256rfr2_Gcc.a(aps.o)
                0x00007bf4                APS_UnbindReq
 .text.APS_NextBindingEntry
                0x00007c1c       0x40 ../../../../BitCloud/lib/libBc_All_Atmega256rfr2_Atmega256rfr2_Gcc.a(aps.o)
                0x00007c1c                APS_NextBindingEntry
 .text.APS_DataReq
                0x00007c5c       0x20 ../../../../BitCloud/lib/libBc_All_Atmega256rfr2_Atmega256rfr2_Gcc.a(aps.o)
                0x00007c5c                APS_DataReq
 .text.NWK_DataInd
                0x00007c7c       0x20 ../../../../BitCloud/lib/libBc_All_Atmega256rfr2_Atmega256rfr2_Gcc.a(aps.o)
                0x00007c7c                NWK_DataInd
 .text.APS_CalculateTimes
                0x00007c9c      0x1ca ../../../../BitCloud/lib/libBc_All_Atmega256rfr2_Atmega256rfr2_Gcc.a(aps.o)
                0x00007c9c                APS_CalculateTimes
 .text.apsResetDataManager
                0x00007e66       0xee ../../../../BitCloud/lib/libBc_All_Atmega256rfr2_Atmega256rfr2_Gcc.a(aps.o)
 .text.apsNwkResetConf
                0x00007f54      0x214 ../../../../BitCloud/lib/libBc_All_Atmega256rfr2_Atmega256rfr2_Gcc.a(aps.o)
 .text.apsStateMachineTaskHandler
                0x00008168      0x120 ../../../../BitCloud/lib/libBc_All_Atmega256rfr2_Atmega256rfr2_Gcc.a(aps.o)
 .text.APS_IsProfileIdMatched
                0x00008288       0x74 ../../../../BitCloud/lib/libBc_All_Atmega256rfr2_Atmega256rfr2_Gcc.a(aps.o)
                0x00008288                APS_IsProfileIdMatched
 .text.APS_NextEndpoint
                0x000082fc       0x16 ../../../../BitCloud/lib/libBc_All_Atmega256rfr2_Atmega256rfr2_Gcc.a(aps.o)
                0x000082fc                APS_NextEndpoint
 .text.apsFindEndpoint
                0x00008312       0x28 ../../../../BitCloud/lib/libBc_All_Atmega256rfr2_Atmega256rfr2_Gcc.a(aps.o)
 .text.apsGroupIndication
                0x0000833a       0xa6 ../../../../BitCloud/lib/libBc_All_Atmega256rfr2_Atmega256rfr2_Gcc.a(aps.o)
 .text.apsUnicastDataInd
                0x000083e0      0x26a ../../../../BitCloud/lib/libBc_All_Atmega256rfr2_Atmega256rfr2_Gcc.a(aps.o)
 .text.apsApduUnicastHandler.constprop.12
                0x0000864a      0x596 ../../../../BitCloud/lib/libBc_All_Atmega256rfr2_Atmega256rfr2_Gcc.a(aps.o)
 .text.apsDataTaskHandler
                0x00008be0      0xc0a ../../../../BitCloud/lib/libBc_All_Atmega256rfr2_Atmega256rfr2_Gcc.a(aps.o)
 .text.NWK_IntrpDataInd
                0x000097ea      0x12e ../../../../BitCloud/lib/libBc_All_Atmega256rfr2_Atmega256rfr2_Gcc.a(aps.o)
                0x000097ea                NWK_IntrpDataInd
 .text.APS_Init
                0x00009918       0x2c ../../../../BitCloud/lib/libBc_All_Atmega256rfr2_Atmega256rfr2_Gcc.a(aps.o)
                0x00009918                APS_Init
 .text.APS_ResetReq
                0x00009944       0x40 ../../../../BitCloud/lib/libBc_All_Atmega256rfr2_Atmega256rfr2_Gcc.a(aps.o)
                0x00009944                APS_ResetReq
 .text.APS_StartReq
                0x00009984       0x1e ../../../../BitCloud/lib/libBc_All_Atmega256rfr2_Atmega256rfr2_Gcc.a(aps.o)
                0x00009984                APS_StartReq
 .text.APS_StopReq
                0x000099a2       0x1e ../../../../BitCloud/lib/libBc_All_Atmega256rfr2_Atmega256rfr2_Gcc.a(aps.o)
                0x000099a2                APS_StopReq
 .text.APS_IsActiveTransaction
                0x000099c0       0x7a ../../../../BitCloud/lib/libBc_All_Atmega256rfr2_Atmega256rfr2_Gcc.a(aps.o)
                0x000099c0                APS_IsActiveTransaction
 .text.isApsBusyOrPollCheck
                0x00009a3a       0x60 ../../../../BitCloud/lib/libBc_All_Atmega256rfr2_Atmega256rfr2_Gcc.a(aps.o)
 .text.APS_HandleLeave
                0x00009a9a        0xc ../../../../BitCloud/lib/libBc_All_Atmega256rfr2_Atmega256rfr2_Gcc.a(aps.o)
                0x00009a9a                APS_HandleLeave
 .text.APS_TaskHandler
                0x00009aa6       0xb4 ../../../../BitCloud/lib/libBc_All_Atmega256rfr2_Atmega256rfr2_Gcc.a(aps.o)
                0x00009aa6                APS_TaskHandler
 .text.getSymbolsPerOctet
                0x00009b5a       0x30 ../../../../BitCloud/lib/libBc_All_Atmega256rfr2_Atmega256rfr2_Gcc.a(macenvPib.o)
 .text.storeTransmitPower
                0x00009b8a       0x44 ../../../../BitCloud/lib/libBc_All_Atmega256rfr2_Atmega256rfr2_Gcc.a(macenvPib.o)
 .text.calculateMaxFrameDuration
                0x00009bce       0x1c ../../../../BitCloud/lib/libBc_All_Atmega256rfr2_Atmega256rfr2_Gcc.a(macenvPib.o)
 .text.macenvGetPhySymbolDuration
                0x00009bea       0x46 ../../../../BitCloud/lib/libBc_All_Atmega256rfr2_Atmega256rfr2_Gcc.a(macenvPib.o)
                0x00009bea                macenvGetPhySymbolDuration
 .text.macenvConvertTransPersistTimeFromUnitsToMs
                0x00009c30       0x36 ../../../../BitCloud/lib/libBc_All_Atmega256rfr2_Atmega256rfr2_Gcc.a(macenvPib.o)
                0x00009c30                macenvConvertTransPersistTimeFromUnitsToMs
 .text.updateMaxFrameTxTime
                0x00009c66       0x34 ../../../../BitCloud/lib/libBc_All_Atmega256rfr2_Atmega256rfr2_Gcc.a(macenvPib.o)
 .text.macenvResetPib
                0x00009c9a      0x10a ../../../../BitCloud/lib/libBc_All_Atmega256rfr2_Atmega256rfr2_Gcc.a(macenvPib.o)
                0x00009c9a                macenvResetPib
 .text.macenvSetPibAttr
                0x00009da4      0x27a ../../../../BitCloud/lib/libBc_All_Atmega256rfr2_Atmega256rfr2_Gcc.a(macenvPib.o)
                0x00009da4                macenvSetPibAttr
 .text.macenvCalculateMaxFrameTotalWaitTimeInMs
                0x0000a01e      0x12a ../../../../BitCloud/lib/libBc_All_Atmega256rfr2_Atmega256rfr2_Gcc.a(macenvPib.o)
                0x0000a01e                macenvCalculateMaxFrameTotalWaitTimeInMs
 .text.macenvCalculateResponceWaitTimeInMs
                0x0000a148       0x30 ../../../../BitCloud/lib/libBc_All_Atmega256rfr2_Atmega256rfr2_Gcc.a(macenvPib.o)
                0x0000a148                macenvCalculateResponceWaitTimeInMs
 .text.macenvGetPibAttr
                0x0000a178      0x1e8 ../../../../BitCloud/lib/libBc_All_Atmega256rfr2_Atmega256rfr2_Gcc.a(macenvPib.o)
                0x0000a178                macenvGetPibAttr
 .text.MAC_GetExtAddr
                0x0000a360        0x6 ../../../../BitCloud/lib/libBc_All_Atmega256rfr2_Atmega256rfr2_Gcc.a(macenvPib.o)
                0x0000a360                MAC_GetExtAddr
 .text.MAC_IsOwnExtAddr
                0x0000a366       0x1a ../../../../BitCloud/lib/libBc_All_Atmega256rfr2_Atmega256rfr2_Gcc.a(macenvPib.o)
                0x0000a366                MAC_IsOwnExtAddr
 .text.MAC_GetOctetsTransmissionTimeInMs
                0x0000a380       0x48 ../../../../BitCloud/lib/libBc_All_Atmega256rfr2_Atmega256rfr2_Gcc.a(macenvPib.o)
                0x0000a380                MAC_GetOctetsTransmissionTimeInMs
 .text.postNewMacRequest
                0x0000a3c8       0x46 ../../../../BitCloud/lib/libBc_All_Atmega256rfr2_Atmega256rfr2_Gcc.a(machwdManager.o)
 .text.putReqInQueue
                0x0000a40e       0x16 ../../../../BitCloud/lib/libBc_All_Atmega256rfr2_Atmega256rfr2_Gcc.a(machwdManager.o)
 .text.MACHWD_DataReq
                0x0000a424        0x6 ../../../../BitCloud/lib/libBc_All_Atmega256rfr2_Atmega256rfr2_Gcc.a(machwdManager.o)
                0x0000a424                MACHWD_DataReq
 .text.MACHWD_SetTrxStateReq
                0x0000a42a        0x8 ../../../../BitCloud/lib/libBc_All_Atmega256rfr2_Atmega256rfr2_Gcc.a(machwdManager.o)
                0x0000a42a                MACHWD_SetTrxStateReq
 .text.MACHWD_SetReq
                0x0000a432        0x8 ../../../../BitCloud/lib/libBc_All_Atmega256rfr2_Atmega256rfr2_Gcc.a(machwdManager.o)
                0x0000a432                MACHWD_SetReq
 .text.MACHWD_EdReq
                0x0000a43a        0x8 ../../../../BitCloud/lib/libBc_All_Atmega256rfr2_Atmega256rfr2_Gcc.a(machwdManager.o)
                0x0000a43a                MACHWD_EdReq
 .text.RF_RandomReq
                0x0000a442       0x10 ../../../../BitCloud/lib/libBc_All_Atmega256rfr2_Atmega256rfr2_Gcc.a(machwdManager.o)
                0x0000a442                RF_RandomReq
 .text.MACHWD_Reset
                0x0000a452       0x44 ../../../../BitCloud/lib/libBc_All_Atmega256rfr2_Atmega256rfr2_Gcc.a(machwdManager.o)
                0x0000a452                MACHWD_Reset
 .text.MAC_PHY_HWD_TaskHandler
                0x0000a496      0x1de ../../../../BitCloud/lib/libBc_All_Atmega256rfr2_Atmega256rfr2_Gcc.a(machwdManager.o)
                0x0000a496                MAC_PHY_HWD_TaskHandler
 .text.machwdRegAccessReqHandler
                0x0000a674       0x62 ../../../../BitCloud/lib/libBc_All_Atmega256rfr2_Atmega256rfr2_Gcc.a(machwdRegAccessHandler.o)
                0x0000a674                machwdRegAccessReqHandler
 .text.machwdRegAccessTaskHandler
                0x0000a6d6       0x46 ../../../../BitCloud/lib/libBc_All_Atmega256rfr2_Atmega256rfr2_Gcc.a(machwdRegAccessHandler.o)
                0x0000a6d6                machwdRegAccessTaskHandler
 .text.machwdReset
                0x0000a71c       0xa8 ../../../../BitCloud/lib/libBc_All_Atmega256rfr2_Atmega256rfr2_Gcc.a(machwdResetHandler.o)
                0x0000a71c                machwdReset
 .text.machwdRndReqHandler
                0x0000a7c4       0x38 ../../../../BitCloud/lib/libBc_All_Atmega256rfr2_Atmega256rfr2_Gcc.a(machwdRndHandler.o)
                0x0000a7c4                machwdRndReqHandler
 .text.machwdRndTaskHandler
                0x0000a7fc       0x32 ../../../../BitCloud/lib/libBc_All_Atmega256rfr2_Atmega256rfr2_Gcc.a(machwdRndHandler.o)
                0x0000a7fc                machwdRndTaskHandler
 .text.machwdResetRndHandler
                0x0000a82e        0x6 ../../../../BitCloud/lib/libBc_All_Atmega256rfr2_Atmega256rfr2_Gcc.a(machwdRndHandler.o)
                0x0000a82e                machwdResetRndHandler
 .text.machwdResetRxBuffers
                0x0000a834       0xb8 ../../../../BitCloud/lib/libBc_All_Atmega256rfr2_Atmega256rfr2_Gcc.a(machwdRxBuffer.o)
                0x0000a834                machwdResetRxBuffers
 .text.machwdNextBuffer
                0x0000a8ec       0x14 ../../../../BitCloud/lib/libBc_All_Atmega256rfr2_Atmega256rfr2_Gcc.a(machwdRxBuffer.o)
                0x0000a8ec                machwdNextBuffer
 .text.machwdReleaseBuffer
                0x0000a900       0x4a ../../../../BitCloud/lib/libBc_All_Atmega256rfr2_Atmega256rfr2_Gcc.a(machwdRxBuffer.o)
                0x0000a900                machwdReleaseBuffer
 .text.machwdNextBufferPresent
                0x0000a94a       0x26 ../../../../BitCloud/lib/libBc_All_Atmega256rfr2_Atmega256rfr2_Gcc.a(machwdRxBuffer.o)
                0x0000a94a                machwdNextBufferPresent
 .text.checkRxBuffer
                0x0000a970       0x8e ../../../../BitCloud/lib/libBc_All_Atmega256rfr2_Atmega256rfr2_Gcc.a(machwdRxFrameHandler.o)
 .text.machwdPerformIndicationFromBuffer.part.1
                0x0000a9fe       0xc4 ../../../../BitCloud/lib/libBc_All_Atmega256rfr2_Atmega256rfr2_Gcc.a(machwdRxFrameHandler.o)
 .text.machwdDataReqIndTaskHandler
                0x0000aac2       0x12 ../../../../BitCloud/lib/libBc_All_Atmega256rfr2_Atmega256rfr2_Gcc.a(machwdRxFrameHandler.o)
                0x0000aac2                machwdDataReqIndTaskHandler
 .text.machwdRxFrameIndTaskHandler
                0x0000aad4       0x12 ../../../../BitCloud/lib/libBc_All_Atmega256rfr2_Atmega256rfr2_Gcc.a(machwdRxFrameHandler.o)
                0x0000aad4                machwdRxFrameIndTaskHandler
 .text.executeSetReq
                0x0000aae6       0x6c ../../../../BitCloud/lib/libBc_All_Atmega256rfr2_Atmega256rfr2_Gcc.a(machwdSetHandler.o)
 .text.machwdSetReqHandler
                0x0000ab52       0xdc ../../../../BitCloud/lib/libBc_All_Atmega256rfr2_Atmega256rfr2_Gcc.a(machwdSetHandler.o)
                0x0000ab52                machwdSetReqHandler
 .text.machwdSetTaskHandler
                0x0000ac2e       0x38 ../../../../BitCloud/lib/libBc_All_Atmega256rfr2_Atmega256rfr2_Gcc.a(machwdSetHandler.o)
                0x0000ac2e                machwdSetTaskHandler
 .text.machwdResetSetHandler
                0x0000ac66        0xe ../../../../BitCloud/lib/libBc_All_Atmega256rfr2_Atmega256rfr2_Gcc.a(machwdSetHandler.o)
                0x0000ac66                machwdResetSetHandler
 .text.machwdGetPhyTrxCmd
                0x0000ac74       0x14 ../../../../BitCloud/lib/libBc_All_Atmega256rfr2_Atmega256rfr2_Gcc.a(machwdTrxCtrl.o)
                0x0000ac74                machwdGetPhyTrxCmd
 .text.machwdSendTrxCmd
                0x0000ac88        0xa ../../../../BitCloud/lib/libBc_All_Atmega256rfr2_Atmega256rfr2_Gcc.a(machwdTrxCtrl.o)
                0x0000ac88                machwdSendTrxCmd
 .text.machwdConvertTrxCmdToTrxState
                0x0000ac92       0x14 ../../../../BitCloud/lib/libBc_All_Atmega256rfr2_Atmega256rfr2_Gcc.a(machwdTrxCtrl.o)
                0x0000ac92                machwdConvertTrxCmdToTrxState
 .text.machwdConvertTrxStateToTrxCmd
                0x0000aca6       0x16 ../../../../BitCloud/lib/libBc_All_Atmega256rfr2_Atmega256rfr2_Gcc.a(machwdTrxCtrl.o)
                0x0000aca6                machwdConvertTrxStateToTrxCmd
 .text.machwdTrxReqHandler
                0x0000acbc       0x3c ../../../../BitCloud/lib/libBc_All_Atmega256rfr2_Atmega256rfr2_Gcc.a(machwdTrxHandler.o)
                0x0000acbc                machwdTrxReqHandler
 .text.machwdTrxTaskHandler
                0x0000acf8       0x3e ../../../../BitCloud/lib/libBc_All_Atmega256rfr2_Atmega256rfr2_Gcc.a(machwdTrxHandler.o)
                0x0000acf8                machwdTrxTaskHandler
 .text.machwdResetTrxHandler
                0x0000ad36        0x6 ../../../../BitCloud/lib/libBc_All_Atmega256rfr2_Atmega256rfr2_Gcc.a(machwdTrxHandler.o)
                0x0000ad36                machwdResetTrxHandler
 .text.executeDataReq
                0x0000ad3c       0x28 ../../../../BitCloud/lib/libBc_All_Atmega256rfr2_Atmega256rfr2_Gcc.a(machwdTxFrameHandler.o)
 .text.machwdTxFrameReqHandler
                0x0000ad64       0x5a ../../../../BitCloud/lib/libBc_All_Atmega256rfr2_Atmega256rfr2_Gcc.a(machwdTxFrameHandler.o)
                0x0000ad64                machwdTxFrameReqHandler
 .text.machwdTxFrameTaskHandler
                0x0000adbe       0x76 ../../../../BitCloud/lib/libBc_All_Atmega256rfr2_Atmega256rfr2_Gcc.a(machwdTxFrameHandler.o)
                0x0000adbe                machwdTxFrameTaskHandler
 .text.machwdResetTxFrameHandler
                0x0000ae34        0xa ../../../../BitCloud/lib/libBc_All_Atmega256rfr2_Atmega256rfr2_Gcc.a(machwdTxFrameHandler.o)
                0x0000ae34                machwdResetTxFrameHandler
 .text.machwdTxRetryHandler
                0x0000ae3e       0x7a ../../../../BitCloud/lib/libBc_All_Atmega256rfr2_Atmega256rfr2_Gcc.a(machwdTxFrameHandler.o)
                0x0000ae3e                machwdTxRetryHandler
 .text.postponeAction.part.0
                0x0000aeb8       0x1a ../../../../BitCloud/lib/libBc_All_Atmega256rfr2_Atmega256rfr2_Gcc.a(machwiManager.o)
 .text.putReqInQueue
                0x0000aed2       0x2c ../../../../BitCloud/lib/libBc_All_Atmega256rfr2_Atmega256rfr2_Gcc.a(machwiManager.o)
 .text.machwiSendConfToUpperLayer
                0x0000aefe       0xf4 ../../../../BitCloud/lib/libBc_All_Atmega256rfr2_Atmega256rfr2_Gcc.a(machwiManager.o)
                0x0000aefe                machwiSendConfToUpperLayer
 .text.MAC_HWI_TaskHandler
                0x0000aff2       0xec ../../../../BitCloud/lib/libBc_All_Atmega256rfr2_Atmega256rfr2_Gcc.a(machwiManager.o)
                0x0000aff2                MAC_HWI_TaskHandler
 .text.MAC_AssociateReq
                0x0000b0de        0x8 ../../../../BitCloud/lib/libBc_All_Atmega256rfr2_Atmega256rfr2_Gcc.a(machwiManager.o)
                0x0000b0de                MAC_AssociateReq
 .text.MAC_AssociateResp
                0x0000b0e6        0x8 ../../../../BitCloud/lib/libBc_All_Atmega256rfr2_Atmega256rfr2_Gcc.a(machwiManager.o)
                0x0000b0e6                MAC_AssociateResp
 .text.MAC_OrphanResp
                0x0000b0ee        0x8 ../../../../BitCloud/lib/libBc_All_Atmega256rfr2_Atmega256rfr2_Gcc.a(machwiManager.o)
                0x0000b0ee                MAC_OrphanResp
 .text.MAC_GetReq
                0x0000b0f6        0x8 ../../../../BitCloud/lib/libBc_All_Atmega256rfr2_Atmega256rfr2_Gcc.a(machwiManager.o)
                0x0000b0f6                MAC_GetReq
 .text.MAC_ResetReq
                0x0000b0fe       0x66 ../../../../BitCloud/lib/libBc_All_Atmega256rfr2_Atmega256rfr2_Gcc.a(machwiManager.o)
                0x0000b0fe                MAC_ResetReq
 .text.MAC_RxEnableReq
                0x0000b164        0x8 ../../../../BitCloud/lib/libBc_All_Atmega256rfr2_Atmega256rfr2_Gcc.a(machwiManager.o)
                0x0000b164                MAC_RxEnableReq
 .text.MAC_ScanReq
                0x0000b16c        0x8 ../../../../BitCloud/lib/libBc_All_Atmega256rfr2_Atmega256rfr2_Gcc.a(machwiManager.o)
                0x0000b16c                MAC_ScanReq
 .text.MAC_SetReq
                0x0000b174        0x8 ../../../../BitCloud/lib/libBc_All_Atmega256rfr2_Atmega256rfr2_Gcc.a(machwiManager.o)
                0x0000b174                MAC_SetReq
 .text.MAC_StartReq
                0x0000b17c        0x8 ../../../../BitCloud/lib/libBc_All_Atmega256rfr2_Atmega256rfr2_Gcc.a(machwiManager.o)
                0x0000b17c                MAC_StartReq
 .text.MAC_PollReq
                0x0000b184        0x8 ../../../../BitCloud/lib/libBc_All_Atmega256rfr2_Atmega256rfr2_Gcc.a(machwiManager.o)
                0x0000b184                MAC_PollReq
 .text.MAC_DataReq
                0x0000b18c        0x8 ../../../../BitCloud/lib/libBc_All_Atmega256rfr2_Atmega256rfr2_Gcc.a(machwiManager.o)
                0x0000b18c                MAC_DataReq
 .text.machwiSendAssociateInd
                0x0000b194        0xe ../../../../BitCloud/lib/libBc_All_Atmega256rfr2_Atmega256rfr2_Gcc.a(machwiManager.o)
                0x0000b194                machwiSendAssociateInd
 .text.machwiSendDataInd
                0x0000b1a2        0xe ../../../../BitCloud/lib/libBc_All_Atmega256rfr2_Atmega256rfr2_Gcc.a(machwiManager.o)
                0x0000b1a2                machwiSendDataInd
 .text.machwiSendBeaconNotifyInd
                0x0000b1b0        0xe ../../../../BitCloud/lib/libBc_All_Atmega256rfr2_Atmega256rfr2_Gcc.a(machwiManager.o)
                0x0000b1b0                machwiSendBeaconNotifyInd
 .text.machwiSendSyncLossNotifyInd
                0x0000b1be        0xe ../../../../BitCloud/lib/libBc_All_Atmega256rfr2_Atmega256rfr2_Gcc.a(machwiManager.o)
                0x0000b1be                machwiSendSyncLossNotifyInd
 .text.machwiSendOrphanInd
                0x0000b1cc        0xe ../../../../BitCloud/lib/libBc_All_Atmega256rfr2_Atmega256rfr2_Gcc.a(machwiManager.o)
                0x0000b1cc                machwiSendOrphanInd
 .text.machwiSendPollInd
                0x0000b1da        0xe ../../../../BitCloud/lib/libBc_All_Atmega256rfr2_Atmega256rfr2_Gcc.a(machwiManager.o)
                0x0000b1da                machwiSendPollInd
 .text.machwiTxTransactionReq
                0x0000b1e8       0x16 ../../../../BitCloud/lib/libBc_All_Atmega256rfr2_Atmega256rfr2_Gcc.a(machwiManager.o)
                0x0000b1e8                machwiTxTransactionReq
 .text.machwiTxBeaconReq
                0x0000b1fe       0x16 ../../../../BitCloud/lib/libBc_All_Atmega256rfr2_Atmega256rfr2_Gcc.a(machwiManager.o)
                0x0000b1fe                machwiTxBeaconReq
 .text.machwiTxEmptyDataFrameReq
                0x0000b214       0x12 ../../../../BitCloud/lib/libBc_All_Atmega256rfr2_Atmega256rfr2_Gcc.a(machwiManager.o)
                0x0000b214                machwiTxEmptyDataFrameReq
 .text.MAC_IsActiveTransaction
                0x0000b226       0x18 ../../../../BitCloud/lib/libBc_All_Atmega256rfr2_Atmega256rfr2_Gcc.a(machwiManager.o)
                0x0000b226                MAC_IsActiveTransaction
 .text.isMacBusyRequest
                0x0000b23e       0x1c ../../../../BitCloud/lib/libBc_All_Atmega256rfr2_Atmega256rfr2_Gcc.a(machwiManager.o)
 .text.machwdDataConfirm
                0x0000b25a       0x20 ../../../../BitCloud/lib/libBc_All_Atmega256rfr2_Atmega256rfr2_Gcc.a(machwiOrphanHandler.o)
 .text.machwiOrphanRespHandler
                0x0000b27a      0x158 ../../../../BitCloud/lib/libBc_All_Atmega256rfr2_Atmega256rfr2_Gcc.a(machwiOrphanHandler.o)
                0x0000b27a                machwiOrphanRespHandler
 .text.machwiOrphanNotificationInd
                0x0000b3d2       0x42 ../../../../BitCloud/lib/libBc_All_Atmega256rfr2_Atmega256rfr2_Gcc.a(machwiOrphanHandler.o)
                0x0000b3d2                machwiOrphanNotificationInd
 .text.MACHWD_DataInd
                0x0000b414       0xc0 ../../../../BitCloud/lib/libBc_All_Atmega256rfr2_Atmega256rfr2_Gcc.a(machwiPanServer.o)
                0x0000b414                MACHWD_DataInd
 .text.machwiEnableBeaconTransmission
                0x0000b4d4        0x8 ../../../../BitCloud/lib/libBc_All_Atmega256rfr2_Atmega256rfr2_Gcc.a(machwiPanServer.o)
                0x0000b4d4                machwiEnableBeaconTransmission
 .text.machwiResetPanServer
                0x0000b4dc        0x6 ../../../../BitCloud/lib/libBc_All_Atmega256rfr2_Atmega256rfr2_Gcc.a(machwiPanServer.o)
                0x0000b4dc                machwiResetPanServer
 .text.completeHandling
                0x0000b4e2       0x16 ../../../../BitCloud/lib/libBc_All_Atmega256rfr2_Atmega256rfr2_Gcc.a(machwiPollHandler.o)
 .text.halPollTimerFired
                0x0000b4f8        0x4 ../../../../BitCloud/lib/libBc_All_Atmega256rfr2_Atmega256rfr2_Gcc.a(machwiPollHandler.o)
 .text.switchingCompleted
                0x0000b4fc       0x10 ../../../../BitCloud/lib/libBc_All_Atmega256rfr2_Atmega256rfr2_Gcc.a(machwiPollHandler.o)
 .text.machwdDataConfirmEmptyData
                0x0000b50c       0x1e ../../../../BitCloud/lib/libBc_All_Atmega256rfr2_Atmega256rfr2_Gcc.a(machwiPollHandler.o)
 .text.machwdDataConfirm
                0x0000b52a       0x68 ../../../../BitCloud/lib/libBc_All_Atmega256rfr2_Atmega256rfr2_Gcc.a(machwiPollHandler.o)
 .text.machwiResetPollHandler
                0x0000b592        0x6 ../../../../BitCloud/lib/libBc_All_Atmega256rfr2_Atmega256rfr2_Gcc.a(machwiPollHandler.o)
                0x0000b592                machwiResetPollHandler
 .text.machwiPollInd
                0x0000b598       0x4e ../../../../BitCloud/lib/libBc_All_Atmega256rfr2_Atmega256rfr2_Gcc.a(machwiPollHandler.o)
                0x0000b598                machwiPollInd
 .text.machwiDataIndication
                0x0000b5e6      0x160 ../../../../BitCloud/lib/libBc_All_Atmega256rfr2_Atmega256rfr2_Gcc.a(machwiPollHandler.o)
                0x0000b5e6                machwiDataIndication
 .text.machwiPollReqHandler
                0x0000b746      0x118 ../../../../BitCloud/lib/libBc_All_Atmega256rfr2_Atmega256rfr2_Gcc.a(machwiPollHandler.o)
                0x0000b746                machwiPollReqHandler
 .text.machwiPollHandlerReplyWithEmptyDataFrame
                0x0000b85e       0x8a ../../../../BitCloud/lib/libBc_All_Atmega256rfr2_Atmega256rfr2_Gcc.a(machwiPollHandler.o)
                0x0000b85e                machwiPollHandlerReplyWithEmptyDataFrame
 .text.machwiPurgeReqHandler
                0x0000b8e8       0x2c ../../../../BitCloud/lib/libBc_All_Atmega256rfr2_Atmega256rfr2_Gcc.a(machwiPurgeHandler.o)
                0x0000b8e8                machwiPurgeReqHandler
 .text.machwdSetConfirm
                0x0000b914       0x1a ../../../../BitCloud/lib/libBc_All_Atmega256rfr2_Atmega256rfr2_Gcc.a(machwiResetHandler.o)
 .text.machwdSetTrxStateConfirm
                0x0000b92e        0xa ../../../../BitCloud/lib/libBc_All_Atmega256rfr2_Atmega256rfr2_Gcc.a(machwiResetHandler.o)
 .text.machwiResetReqHandler
                0x0000b938       0x96 ../../../../BitCloud/lib/libBc_All_Atmega256rfr2_Atmega256rfr2_Gcc.a(machwiResetHandler.o)
                0x0000b938                machwiResetReqHandler
 .text.machwdSetTrxStateConfirm
                0x0000b9ce        0xe ../../../../BitCloud/lib/libBc_All_Atmega256rfr2_Atmega256rfr2_Gcc.a(machwiRxEnableHandler.o)
 .text.machwiRxEnableReqHandler
                0x0000b9dc       0x3a ../../../../BitCloud/lib/libBc_All_Atmega256rfr2_Atmega256rfr2_Gcc.a(machwiRxEnableHandler.o)
                0x0000b9dc                machwiRxEnableReqHandler
 .text.switchToActiveChannel
                0x0000ba16       0x2a ../../../../BitCloud/lib/libBc_All_Atmega256rfr2_Atmega256rfr2_Gcc.a(machwiScanHandler.o)
 .text.trxStateHandling
                0x0000ba40       0x18 ../../../../BitCloud/lib/libBc_All_Atmega256rfr2_Atmega256rfr2_Gcc.a(machwiScanHandler.o)
 .text.finishScan
                0x0000ba58       0x18 ../../../../BitCloud/lib/libBc_All_Atmega256rfr2_Atmega256rfr2_Gcc.a(machwiScanHandler.o)
 .text.setNextChannel
                0x0000ba70       0x74 ../../../../BitCloud/lib/libBc_All_Atmega256rfr2_Atmega256rfr2_Gcc.a(machwiScanHandler.o)
 .text.machwdSetConfirm
                0x0000bae4      0x2c4 ../../../../BitCloud/lib/libBc_All_Atmega256rfr2_Atmega256rfr2_Gcc.a(machwiScanHandler.o)
 .text.halScanTimerFired
                0x0000bda8       0x24 ../../../../BitCloud/lib/libBc_All_Atmega256rfr2_Atmega256rfr2_Gcc.a(machwiScanHandler.o)
 .text.machwdDataConfirm
                0x0000bdcc       0x6e ../../../../BitCloud/lib/libBc_All_Atmega256rfr2_Atmega256rfr2_Gcc.a(machwiScanHandler.o)
 .text.machwdEdConfirm
                0x0000be3a       0xde ../../../../BitCloud/lib/libBc_All_Atmega256rfr2_Atmega256rfr2_Gcc.a(machwiScanHandler.o)
 .text.machwdSetTrxStateConfirm
                0x0000bf18       0xfa ../../../../BitCloud/lib/libBc_All_Atmega256rfr2_Atmega256rfr2_Gcc.a(machwiScanHandler.o)
 .text.machwiScanReqHandler
                0x0000c012      0x18e ../../../../BitCloud/lib/libBc_All_Atmega256rfr2_Atmega256rfr2_Gcc.a(machwiScanHandler.o)
                0x0000c012                machwiScanReqHandler
 .text.machwiBeaconInd
                0x0000c1a0      0x278 ../../../../BitCloud/lib/libBc_All_Atmega256rfr2_Atmega256rfr2_Gcc.a(machwiScanHandler.o)
                0x0000c1a0                machwiBeaconInd
 .text.machwiCoordRealignmentCommandInd
                0x0000c418      0x11c ../../../../BitCloud/lib/libBc_All_Atmega256rfr2_Atmega256rfr2_Gcc.a(machwiScanHandler.o)
                0x0000c418                machwiCoordRealignmentCommandInd
 .text.machwiResetScanHandler
                0x0000c534        0x6 ../../../../BitCloud/lib/libBc_All_Atmega256rfr2_Atmega256rfr2_Gcc.a(machwiScanHandler.o)
                0x0000c534                machwiResetScanHandler
 .text.machwdSetConfirm
                0x0000c53a        0xc ../../../../BitCloud/lib/libBc_All_Atmega256rfr2_Atmega256rfr2_Gcc.a(machwiSetGetHandler.o)
 .text.machwiGetReqHandler
                0x0000c546       0x4c ../../../../BitCloud/lib/libBc_All_Atmega256rfr2_Atmega256rfr2_Gcc.a(machwiSetGetHandler.o)
                0x0000c546                machwiGetReqHandler
 .text.machwiSetReqHandler
                0x0000c592       0xd0 ../../../../BitCloud/lib/libBc_All_Atmega256rfr2_Atmega256rfr2_Gcc.a(machwiSetGetHandler.o)
                0x0000c592                machwiSetReqHandler
 .text.setHandling
                0x0000c662       0x64 ../../../../BitCloud/lib/libBc_All_Atmega256rfr2_Atmega256rfr2_Gcc.a(machwiStartHandler.o)
 .text.setStartReqParam
                0x0000c6c6       0xa2 ../../../../BitCloud/lib/libBc_All_Atmega256rfr2_Atmega256rfr2_Gcc.a(machwiStartHandler.o)
 .text.generateConfirm
                0x0000c768       0x38 ../../../../BitCloud/lib/libBc_All_Atmega256rfr2_Atmega256rfr2_Gcc.a(machwiStartHandler.o)
 .text.machwdSetConfirm
                0x0000c7a0      0x15e ../../../../BitCloud/lib/libBc_All_Atmega256rfr2_Atmega256rfr2_Gcc.a(machwiStartHandler.o)
 .text.machwdDataConfirm
                0x0000c8fe       0x32 ../../../../BitCloud/lib/libBc_All_Atmega256rfr2_Atmega256rfr2_Gcc.a(machwiStartHandler.o)
 .text.machwiStartReqHandler
                0x0000c930       0x3c ../../../../BitCloud/lib/libBc_All_Atmega256rfr2_Atmega256rfr2_Gcc.a(machwiStartHandler.o)
                0x0000c930                machwiStartReqHandler
 .text.machwiResetStartHandler
                0x0000c96c        0xa ../../../../BitCloud/lib/libBc_All_Atmega256rfr2_Atmega256rfr2_Gcc.a(machwiStartHandler.o)
                0x0000c96c                machwiResetStartHandler
 .text.machwdSetTrxStateConfirm
                0x0000c976        0xc ../../../../BitCloud/lib/libBc_All_Atmega256rfr2_Atmega256rfr2_Gcc.a(machwiSwitchRxCtrl.o)
 .text.machwiSwitchRxAccordToRxOnWhenIdle
                0x0000c982       0x28 ../../../../BitCloud/lib/libBc_All_Atmega256rfr2_Atmega256rfr2_Gcc.a(machwiSwitchRxCtrl.o)
                0x0000c982                machwiSwitchRxAccordToRxOnWhenIdle
 .text.machwiResetTransactionHandler
                0x0000c9aa        0xa ../../../../BitCloud/lib/libBc_All_Atmega256rfr2_Atmega256rfr2_Gcc.a(machwiTransactionHandler.o)
                0x0000c9aa                machwiResetTransactionHandler
 .text.machwiSendTransactionEvent
                0x0000c9b4      0x190 ../../../../BitCloud/lib/libBc_All_Atmega256rfr2_Atmega256rfr2_Gcc.a(machwiTransactionHandler.o)
                0x0000c9b4                machwiSendTransactionEvent
 .text.finishTransactionHandling
                0x0000cb44       0xbe ../../../../BitCloud/lib/libBc_All_Atmega256rfr2_Atmega256rfr2_Gcc.a(machwiTransactionHandler.o)
 .text.machwdDataConfirm
                0x0000cc02       0x54 ../../../../BitCloud/lib/libBc_All_Atmega256rfr2_Atmega256rfr2_Gcc.a(machwiTransactionHandler.o)
 .text.transactionTimerFired
                0x0000cc56       0x4e ../../../../BitCloud/lib/libBc_All_Atmega256rfr2_Atmega256rfr2_Gcc.a(machwiTransactionQueue.o)
 .text.machwiPutTransactionToQueue
                0x0000cca4       0x60 ../../../../BitCloud/lib/libBc_All_Atmega256rfr2_Atmega256rfr2_Gcc.a(machwiTransactionQueue.o)
                0x0000cca4                machwiPutTransactionToQueue
 .text.machwiGetActivatedTransactionFromQueue
                0x0000cd04       0x1c ../../../../BitCloud/lib/libBc_All_Atmega256rfr2_Atmega256rfr2_Gcc.a(machwiTransactionQueue.o)
                0x0000cd04                machwiGetActivatedTransactionFromQueue
 .text.machwiTestAndKickQueueTransactions
                0x0000cd20      0x1ea ../../../../BitCloud/lib/libBc_All_Atmega256rfr2_Atmega256rfr2_Gcc.a(machwiTransactionQueue.o)
                0x0000cd20                machwiTestAndKickQueueTransactions
 .text.machwiFillPendingAddrSpecAndList
                0x0000cf0a        0xa ../../../../BitCloud/lib/libBc_All_Atmega256rfr2_Atmega256rfr2_Gcc.a(machwiTransactionQueue.o)
                0x0000cf0a                machwiFillPendingAddrSpecAndList
 .text.machwiDeleteTransactionFromQueue
                0x0000cf14       0x30 ../../../../BitCloud/lib/libBc_All_Atmega256rfr2_Atmega256rfr2_Gcc.a(machwiTransactionQueue.o)
                0x0000cf14                machwiDeleteTransactionFromQueue
 .text.machwiPurgeTransactionFromQueue
                0x0000cf44       0x36 ../../../../BitCloud/lib/libBc_All_Atmega256rfr2_Atmega256rfr2_Gcc.a(machwiTransactionQueue.o)
                0x0000cf44                machwiPurgeTransactionFromQueue
 .text.machwiResetTransactionQueue
                0x0000cf7a       0x60 ../../../../BitCloud/lib/libBc_All_Atmega256rfr2_Atmega256rfr2_Gcc.a(machwiTransactionQueue.o)
                0x0000cf7a                machwiResetTransactionQueue
 .text.machwiTransactionQueueEmpty
                0x0000cfda       0x12 ../../../../BitCloud/lib/libBc_All_Atmega256rfr2_Atmega256rfr2_Gcc.a(machwiTransactionQueue.o)
                0x0000cfda                machwiTransactionQueueEmpty
 .text.nwkAddressConflictIsIdle
                0x0000cfec        0xe ../../../../BitCloud/lib/libBc_All_Atmega256rfr2_Atmega256rfr2_Gcc.a(nwk.o)
 .text.nwkFindAddressMapEntryByShortAddr
                0x0000cffa       0x32 ../../../../BitCloud/lib/libBc_All_Atmega256rfr2_Atmega256rfr2_Gcc.a(nwk.o)
 .text.unlikely.nwkClearBTR
                0x0000d02c       0x44 ../../../../BitCloud/lib/libBc_All_Atmega256rfr2_Atmega256rfr2_Gcc.a(nwk.o)
 .text.nwkDataReqIsIdle
                0x0000d070        0xe ../../../../BitCloud/lib/libBc_All_Atmega256rfr2_Atmega256rfr2_Gcc.a(nwk.o)
 .text.nwkDiscoveryIsIdle
                0x0000d07e        0xe ../../../../BitCloud/lib/libBc_All_Atmega256rfr2_Atmega256rfr2_Gcc.a(nwk.o)
 .text.nwkEDScanIsIdle
                0x0000d08c        0xe ../../../../BitCloud/lib/libBc_All_Atmega256rfr2_Atmega256rfr2_Gcc.a(nwk.o)
 .text.nwkFormationIsIdle
                0x0000d09a        0xe ../../../../BitCloud/lib/libBc_All_Atmega256rfr2_Atmega256rfr2_Gcc.a(nwk.o)
 .text.unlikely.nwkParseHeader
                0x0000d0a8       0x9e ../../../../BitCloud/lib/libBc_All_Atmega256rfr2_Atmega256rfr2_Gcc.a(nwk.o)
 .text.nwkJoinIndIsIdle
                0x0000d146       0x32 ../../../../BitCloud/lib/libBc_All_Atmega256rfr2_Atmega256rfr2_Gcc.a(nwk.o)
 .text.nwkJoinReqIsIdle
                0x0000d178        0xe ../../../../BitCloud/lib/libBc_All_Atmega256rfr2_Atmega256rfr2_Gcc.a(nwk.o)
 .text.nwkJoinComplete
                0x0000d186        0x8 ../../../../BitCloud/lib/libBc_All_Atmega256rfr2_Atmega256rfr2_Gcc.a(nwk.o)
 .text.nwkLeaveReqIsIdle
                0x0000d18e        0xe ../../../../BitCloud/lib/libBc_All_Atmega256rfr2_Atmega256rfr2_Gcc.a(nwk.o)
 .text.nwkLinkStatusIsIdle
                0x0000d19c        0xe ../../../../BitCloud/lib/libBc_All_Atmega256rfr2_Atmega256rfr2_Gcc.a(nwk.o)
 .text.nwkLoopbackIsIdle
                0x0000d1aa        0xe ../../../../BitCloud/lib/libBc_All_Atmega256rfr2_Atmega256rfr2_Gcc.a(nwk.o)
 .text.nwkNextSleepingChildForIndirectTx
                0x0000d1b8       0x4a ../../../../BitCloud/lib/libBc_All_Atmega256rfr2_Atmega256rfr2_Gcc.a(nwk.o)
 .text.nwkGetOutgoingCost
                0x0000d202       0x40 ../../../../BitCloud/lib/libBc_All_Atmega256rfr2_Atmega256rfr2_Gcc.a(nwk.o)
 .text.nwkClearNeighborTable
                0x0000d242       0x64 ../../../../BitCloud/lib/libBc_All_Atmega256rfr2_Atmega256rfr2_Gcc.a(nwk.o)
 .text.nwkFreeNeighbor
                0x0000d2a6       0x24 ../../../../BitCloud/lib/libBc_All_Atmega256rfr2_Atmega256rfr2_Gcc.a(nwk.o)
 .text.nwkFindEndDeviceChild
                0x0000d2ca       0x3e ../../../../BitCloud/lib/libBc_All_Atmega256rfr2_Atmega256rfr2_Gcc.a(nwk.o)
 .text.nwkOrphanMacCommStatusInd
                0x0000d308        0x8 ../../../../BitCloud/lib/libBc_All_Atmega256rfr2_Atmega256rfr2_Gcc.a(nwk.o)
 .text.nwkFindPassiveAck
                0x0000d310       0x2e ../../../../BitCloud/lib/libBc_All_Atmega256rfr2_Atmega256rfr2_Gcc.a(nwk.o)
 .text.nwkNewPassiveAck
                0x0000d33e      0x104 ../../../../BitCloud/lib/libBc_All_Atmega256rfr2_Atmega256rfr2_Gcc.a(nwk.o)
 .text.nwkFreePassiveAck
                0x0000d442       0x22 ../../../../BitCloud/lib/libBc_All_Atmega256rfr2_Atmega256rfr2_Gcc.a(nwk.o)
 .text.nwkPermitJoiningIsIdle
                0x0000d464       0x10 ../../../../BitCloud/lib/libBc_All_Atmega256rfr2_Atmega256rfr2_Gcc.a(nwk.o)
 .text.nwkResetIsIdle
                0x0000d474        0xe ../../../../BitCloud/lib/libBc_All_Atmega256rfr2_Atmega256rfr2_Gcc.a(nwk.o)
 .text.nwkRouteDiscoveryIsIdle
                0x0000d482       0x12 ../../../../BitCloud/lib/libBc_All_Atmega256rfr2_Atmega256rfr2_Gcc.a(nwk.o)
 .text.nwkFindRouteDiscoveryEntry
                0x0000d494       0x38 ../../../../BitCloud/lib/libBc_All_Atmega256rfr2_Atmega256rfr2_Gcc.a(nwk.o)
 .text.nwkFreeRouteDiscoveryEntry
                0x0000d4cc       0x3a ../../../../BitCloud/lib/libBc_All_Atmega256rfr2_Atmega256rfr2_Gcc.a(nwk.o)
 .text.nwkConfirmRouteRequestTx
                0x0000d506       0x5a ../../../../BitCloud/lib/libBc_All_Atmega256rfr2_Atmega256rfr2_Gcc.a(nwk.o)
 .text.nwkRouteDiscoveryTableIsIdle
                0x0000d560        0xc ../../../../BitCloud/lib/libBc_All_Atmega256rfr2_Atmega256rfr2_Gcc.a(nwk.o)
 .text.nwkFindRoutingEntry
                0x0000d56c       0x4a ../../../../BitCloud/lib/libBc_All_Atmega256rfr2_Atmega256rfr2_Gcc.a(nwk.o)
 .text.nwkFreeRoutingEntry
                0x0000d5b6       0x10 ../../../../BitCloud/lib/libBc_All_Atmega256rfr2_Atmega256rfr2_Gcc.a(nwk.o)
 .text.nwkUpdateNextHop
                0x0000d5c6       0xb6 ../../../../BitCloud/lib/libBc_All_Atmega256rfr2_Atmega256rfr2_Gcc.a(nwk.o)
 .text.nwkStartRouterIsIdle
                0x0000d67c        0xe ../../../../BitCloud/lib/libBc_All_Atmega256rfr2_Atmega256rfr2_Gcc.a(nwk.o)
 .text.nwkSendRouteErrorConf
                0x0000d68a        0x6 ../../../../BitCloud/lib/libBc_All_Atmega256rfr2_Atmega256rfr2_Gcc.a(nwk.o)
 .text.nwkSyncIsIdle
                0x0000d690        0xe ../../../../BitCloud/lib/libBc_All_Atmega256rfr2_Atmega256rfr2_Gcc.a(nwk.o)
 .text.nwkPostTask
                0x0000d69e       0x4c ../../../../BitCloud/lib/libBc_All_Atmega256rfr2_Atmega256rfr2_Gcc.a(nwk.o)
 .text.nwkStartRouterMacStartConf
                0x0000d6ea       0x18 ../../../../BitCloud/lib/libBc_All_Atmega256rfr2_Atmega256rfr2_Gcc.a(nwk.o)
 .text.nwkClearTaskBit
                0x0000d702       0x2e ../../../../BitCloud/lib/libBc_All_Atmega256rfr2_Atmega256rfr2_Gcc.a(nwk.o)
 .text.nwkTxDelayIsIdle
                0x0000d730       0x12 ../../../../BitCloud/lib/libBc_All_Atmega256rfr2_Atmega256rfr2_Gcc.a(nwk.o)
 .text.nwkPermitJoinTimerFired
                0x0000d742       0x24 ../../../../BitCloud/lib/libBc_All_Atmega256rfr2_Atmega256rfr2_Gcc.a(nwk.o)
 .text.nwkStatusConf
                0x0000d766       0x2e ../../../../BitCloud/lib/libBc_All_Atmega256rfr2_Atmega256rfr2_Gcc.a(nwk.o)
 .text.nwkEDScanMacEDScanConf
                0x0000d794       0x8e ../../../../BitCloud/lib/libBc_All_Atmega256rfr2_Atmega256rfr2_Gcc.a(nwk.o)
 .text.nwkFormationMacRxEnableConf
                0x0000d822       0x72 ../../../../BitCloud/lib/libBc_All_Atmega256rfr2_Atmega256rfr2_Gcc.a(nwk.o)
 .text.nwkDiscoveryMacActiveScanConf
                0x0000d894       0x7e ../../../../BitCloud/lib/libBc_All_Atmega256rfr2_Atmega256rfr2_Gcc.a(nwk.o)
 .text.NWK_JoinConf
                0x0000d912       0x7c ../../../../BitCloud/lib/libBc_All_Atmega256rfr2_Atmega256rfr2_Gcc.a(nwk.o)
 .text.nwkFindAddressMapEntryByExtAddr
                0x0000d98e       0x52 ../../../../BitCloud/lib/libBc_All_Atmega256rfr2_Atmega256rfr2_Gcc.a(nwk.o)
 .text.nwkAddToAddressMap
                0x0000d9e0      0x11a ../../../../BitCloud/lib/libBc_All_Atmega256rfr2_Atmega256rfr2_Gcc.a(nwk.o)
 .text.findFreeJoinIndObjFor
                0x0000dafa       0xbc ../../../../BitCloud/lib/libBc_All_Atmega256rfr2_Atmega256rfr2_Gcc.a(nwk.o)
 .text.nwkTxReq
                0x0000dbb6        0xe ../../../../BitCloud/lib/libBc_All_Atmega256rfr2_Atmega256rfr2_Gcc.a(nwk.o)
 .text.nwkResetTaskManager
                0x0000dbc4       0x18 ../../../../BitCloud/lib/libBc_All_Atmega256rfr2_Atmega256rfr2_Gcc.a(nwk.o)
 .text.getEnddeviceLifeTimeInMs
                0x0000dbdc       0x60 ../../../../BitCloud/lib/libBc_All_Atmega256rfr2_Atmega256rfr2_Gcc.a(nwk.o)
 .text.nwkSetLifeTimeOfNeighbor
                0x0000dc3c       0xa2 ../../../../BitCloud/lib/libBc_All_Atmega256rfr2_Atmega256rfr2_Gcc.a(nwk.o)
 .text.nwkAddBTTEntry
                0x0000dcde      0x1c8 ../../../../BitCloud/lib/libBc_All_Atmega256rfr2_Atmega256rfr2_Gcc.a(nwk.o)
 .text.nwkAddOwnBTR
                0x0000dea6        0xc ../../../../BitCloud/lib/libBc_All_Atmega256rfr2_Atmega256rfr2_Gcc.a(nwk.o)
 .text.nwkPermitJoiningMacSetConf
                0x0000deb2       0x52 ../../../../BitCloud/lib/libBc_All_Atmega256rfr2_Atmega256rfr2_Gcc.a(nwk.o)
 .text.nwkResetAddressMap
                0x0000df04       0x86 ../../../../BitCloud/lib/libBc_All_Atmega256rfr2_Atmega256rfr2_Gcc.a(nwk.o)
 .text.nwkStopLinkStatusTimer
                0x0000df8a        0xc ../../../../BitCloud/lib/libBc_All_Atmega256rfr2_Atmega256rfr2_Gcc.a(nwk.o)
 .text.nwkResetRouteDiscoveryTable
                0x0000df96       0x98 ../../../../BitCloud/lib/libBc_All_Atmega256rfr2_Atmega256rfr2_Gcc.a(nwk.o)
 .text.nwkRouteDiscoveryTableTimerFired
                0x0000e02e       0x54 ../../../../BitCloud/lib/libBc_All_Atmega256rfr2_Atmega256rfr2_Gcc.a(nwk.o)
 .text.nwkResetNeighborTable
                0x0000e082       0x4e ../../../../BitCloud/lib/libBc_All_Atmega256rfr2_Atmega256rfr2_Gcc.a(nwk.o)
 .text.nwkAllocPacket
                0x0000e0d0       0xb8 ../../../../BitCloud/lib/libBc_All_Atmega256rfr2_Atmega256rfr2_Gcc.a(nwk.o)
 .text.nwkAllocOutputPacket
                0x0000e188       0x56 ../../../../BitCloud/lib/libBc_All_Atmega256rfr2_Atmega256rfr2_Gcc.a(nwk.o)
 .text.nwkTryToProcessCommandReq
                0x0000e1de       0x2a ../../../../BitCloud/lib/libBc_All_Atmega256rfr2_Atmega256rfr2_Gcc.a(nwk.o)
 .text.nwkCommandReq
                0x0000e208       0x54 ../../../../BitCloud/lib/libBc_All_Atmega256rfr2_Atmega256rfr2_Gcc.a(nwk.o)
 .text.nwkFreePacket
                0x0000e25c       0x4e ../../../../BitCloud/lib/libBc_All_Atmega256rfr2_Atmega256rfr2_Gcc.a(nwk.o)
 .text.nwkAllocInputPacket
                0x0000e2aa       0x26 ../../../../BitCloud/lib/libBc_All_Atmega256rfr2_Atmega256rfr2_Gcc.a(nwk.o)
 .text.nwkStartLinkStatusTimer
                0x0000e2d0        0xe ../../../../BitCloud/lib/libBc_All_Atmega256rfr2_Atmega256rfr2_Gcc.a(nwk.o)
 .text.nwkAllocRouteDiscoveryEntry
                0x0000e2de       0x92 ../../../../BitCloud/lib/libBc_All_Atmega256rfr2_Atmega256rfr2_Gcc.a(nwk.o)
 .text.nwkStartAgeTimerOfNeighborTable
                0x0000e370       0x30 ../../../../BitCloud/lib/libBc_All_Atmega256rfr2_Atmega256rfr2_Gcc.a(nwk.o)
 .text.nwkFormationMacStartConf
                0x0000e3a0       0x9e ../../../../BitCloud/lib/libBc_All_Atmega256rfr2_Atmega256rfr2_Gcc.a(nwk.o)
 .text.unlikely.nwkInitInputPacket
                0x0000e43e       0xac ../../../../BitCloud/lib/libBc_All_Atmega256rfr2_Atmega256rfr2_Gcc.a(nwk.o)
 .text.nwkPerformMacDataReq
                0x0000e4ea       0x28 ../../../../BitCloud/lib/libBc_All_Atmega256rfr2_Atmega256rfr2_Gcc.a(nwk.o)
 .text.nwkConfirmLeaveItselfTx
                0x0000e512       0x20 ../../../../BitCloud/lib/libBc_All_Atmega256rfr2_Atmega256rfr2_Gcc.a(nwk.o)
 .text.nwkConfirmNetworkStatusTx
                0x0000e532       0x6a ../../../../BitCloud/lib/libBc_All_Atmega256rfr2_Atmega256rfr2_Gcc.a(nwk.o)
 .text.nwkOrphanTaskHandler
                0x0000e59c       0x6c ../../../../BitCloud/lib/libBc_All_Atmega256rfr2_Atmega256rfr2_Gcc.a(nwk.o)
 .text.nwkLoopbackTaskHandler
                0x0000e608      0x130 ../../../../BitCloud/lib/libBc_All_Atmega256rfr2_Atmega256rfr2_Gcc.a(nwk.o)
 .text.nwkDiscoveryTaskHandler
                0x0000e738       0xfe ../../../../BitCloud/lib/libBc_All_Atmega256rfr2_Atmega256rfr2_Gcc.a(nwk.o)
 .text.nwkDataConfTaskHandler
                0x0000e836       0xa2 ../../../../BitCloud/lib/libBc_All_Atmega256rfr2_Atmega256rfr2_Gcc.a(nwk.o)
 .text.nwkBroadcastForMe
                0x0000e8d8       0x50 ../../../../BitCloud/lib/libBc_All_Atmega256rfr2_Atmega256rfr2_Gcc.a(nwk.o)
 .text.nwkMacEventHandler
                0x0000e928       0x1a ../../../../BitCloud/lib/libBc_All_Atmega256rfr2_Atmega256rfr2_Gcc.a(nwk.o)
 .text.nwkIsJoiningForbidden
                0x0000e942       0x4c ../../../../BitCloud/lib/libBc_All_Atmega256rfr2_Atmega256rfr2_Gcc.a(nwk.o)
 .text.unlikely.nwkIsPassiveAckDone.isra.6
                0x0000e98e       0x9e ../../../../BitCloud/lib/libBc_All_Atmega256rfr2_Atmega256rfr2_Gcc.a(nwk.o)
 .text.nwkRouteDiscoveryTaskHandler
                0x0000ea2c      0x17c ../../../../BitCloud/lib/libBc_All_Atmega256rfr2_Atmega256rfr2_Gcc.a(nwk.o)
 .text.nwkOrphanConfirmRequest
                0x0000eba8       0xb2 ../../../../BitCloud/lib/libBc_All_Atmega256rfr2_Atmega256rfr2_Gcc.a(nwk.o)
 .text.nwkOrphanMacScanConf
                0x0000ec5a       0x3c ../../../../BitCloud/lib/libBc_All_Atmega256rfr2_Atmega256rfr2_Gcc.a(nwk.o)
 .text.nwkDataConf
                0x0000ec96       0x56 ../../../../BitCloud/lib/libBc_All_Atmega256rfr2_Atmega256rfr2_Gcc.a(nwk.o)
 .text.nwkConfirmDataTx
                0x0000ecec       0x34 ../../../../BitCloud/lib/libBc_All_Atmega256rfr2_Atmega256rfr2_Gcc.a(nwk.o)
 .text.freeJoinIndObj
                0x0000ed20       0x3e ../../../../BitCloud/lib/libBc_All_Atmega256rfr2_Atmega256rfr2_Gcc.a(nwk.o)
 .text.nwkJoinIndTaskHandler
                0x0000ed5e      0x15a ../../../../BitCloud/lib/libBc_All_Atmega256rfr2_Atmega256rfr2_Gcc.a(nwk.o)
 .text.NWK_NetworkDiscoveryConf.part.20
                0x0000eeb8       0x2e ../../../../BitCloud/lib/libBc_All_Atmega256rfr2_Atmega256rfr2_Gcc.a(nwk.o)
 .text.NWK_NetworkDiscoveryConf
                0x0000eee6       0x22 ../../../../BitCloud/lib/libBc_All_Atmega256rfr2_Atmega256rfr2_Gcc.a(nwk.o)
 .text.nwkBTTTimerFired
                0x0000ef08       0xbe ../../../../BitCloud/lib/libBc_All_Atmega256rfr2_Atmega256rfr2_Gcc.a(nwk.o)
 .text.nwkLinkStatusTimerFired
                0x0000efc6       0x14 ../../../../BitCloud/lib/libBc_All_Atmega256rfr2_Atmega256rfr2_Gcc.a(nwk.o)
 .text.nwkConfirmLinkStatusTx
                0x0000efda       0x8e ../../../../BitCloud/lib/libBc_All_Atmega256rfr2_Atmega256rfr2_Gcc.a(nwk.o)
 .text.nwkOrphanMacRxEnableConf
                0x0000f068       0x2a ../../../../BitCloud/lib/libBc_All_Atmega256rfr2_Atmega256rfr2_Gcc.a(nwk.o)
 .text.nwkSilentJoinConfirmRequest
                0x0000f092       0x8e ../../../../BitCloud/lib/libBc_All_Atmega256rfr2_Atmega256rfr2_Gcc.a(nwk.o)
 .text.nwkSilentJoinMacSetConf
                0x0000f120       0xf0 ../../../../BitCloud/lib/libBc_All_Atmega256rfr2_Atmega256rfr2_Gcc.a(nwk.o)
 .text.nwkSilentJoinMacRxEnableConf
                0x0000f210       0x12 ../../../../BitCloud/lib/libBc_All_Atmega256rfr2_Atmega256rfr2_Gcc.a(nwk.o)
 .text.nwkResetTaskHandler
                0x0000f222       0x5e ../../../../BitCloud/lib/libBc_All_Atmega256rfr2_Atmega256rfr2_Gcc.a(nwk.o)
 .text.nwkOrphanMacSetConf
                0x0000f280       0xda ../../../../BitCloud/lib/libBc_All_Atmega256rfr2_Atmega256rfr2_Gcc.a(nwk.o)
 .text.nwkEDScanTaskHandler
                0x0000f35a       0xf2 ../../../../BitCloud/lib/libBc_All_Atmega256rfr2_Atmega256rfr2_Gcc.a(nwk.o)
 .text.nwkStartRouterTaskHandler
                0x0000f44c       0xc8 ../../../../BitCloud/lib/libBc_All_Atmega256rfr2_Atmega256rfr2_Gcc.a(nwk.o)
 .text.nwkSyncMacPollConf
                0x0000f514       0x5a ../../../../BitCloud/lib/libBc_All_Atmega256rfr2_Atmega256rfr2_Gcc.a(nwk.o)
 .text.nwkRemoveItself.constprop.75
                0x0000f56e       0x2a ../../../../BitCloud/lib/libBc_All_Atmega256rfr2_Atmega256rfr2_Gcc.a(nwk.o)
 .text.nwkPermitJoiningTaskHandler
                0x0000f598      0x134 ../../../../BitCloud/lib/libBc_All_Atmega256rfr2_Atmega256rfr2_Gcc.a(nwk.o)
 .text.NWK_LeaveConf
                0x0000f6cc       0x4a ../../../../BitCloud/lib/libBc_All_Atmega256rfr2_Atmega256rfr2_Gcc.a(nwk.o)
 .text.nwkPrepareCommonFrame
                0x0000f716       0x4a ../../../../BitCloud/lib/libBc_All_Atmega256rfr2_Atmega256rfr2_Gcc.a(nwk.o)
 .text.nwkPrepareLeaveChildTx
                0x0000f760       0xb0 ../../../../BitCloud/lib/libBc_All_Atmega256rfr2_Atmega256rfr2_Gcc.a(nwk.o)
 .text.nwkPrepareLeaveItselfTx
                0x0000f810       0x96 ../../../../BitCloud/lib/libBc_All_Atmega256rfr2_Atmega256rfr2_Gcc.a(nwk.o)
 .text.nwkPrepareJoinRespTx
                0x0000f8a6       0xf6 ../../../../BitCloud/lib/libBc_All_Atmega256rfr2_Atmega256rfr2_Gcc.a(nwk.o)
 .text.nwkPrepareJoinReqTx
                0x0000f99c       0x82 ../../../../BitCloud/lib/libBc_All_Atmega256rfr2_Atmega256rfr2_Gcc.a(nwk.o)
 .text.nwkPrepareLinkStatusTx
                0x0000fa1e      0x30a ../../../../BitCloud/lib/libBc_All_Atmega256rfr2_Atmega256rfr2_Gcc.a(nwk.o)
 .text.nwkStatusReq
                0x0000fd28       0x42 ../../../../BitCloud/lib/libBc_All_Atmega256rfr2_Atmega256rfr2_Gcc.a(nwk.o)
 .text.nwkSendRouteErrorStatus.constprop.65
                0x0000fd6a       0x3a ../../../../BitCloud/lib/libBc_All_Atmega256rfr2_Atmega256rfr2_Gcc.a(nwk.o)
 .text.nwkLinkFrameFragmentationTimerFired
                0x0000fda4       0x22 ../../../../BitCloud/lib/libBc_All_Atmega256rfr2_Atmega256rfr2_Gcc.a(nwk.o)
 .text.nwkSyncTaskHandler
                0x0000fdc6       0xa6 ../../../../BitCloud/lib/libBc_All_Atmega256rfr2_Atmega256rfr2_Gcc.a(nwk.o)
 .text.nwkUpdateCapacityBits
                0x0000fe6c       0x62 ../../../../BitCloud/lib/libBc_All_Atmega256rfr2_Atmega256rfr2_Gcc.a(nwk.o)
 .text.nwkUpdateCapacityBitsInBeacon
                0x0000fece       0x36 ../../../../BitCloud/lib/libBc_All_Atmega256rfr2_Atmega256rfr2_Gcc.a(nwk.o)
 .text.nwkUpdateBeaconPayload
                0x0000ff04       0x88 ../../../../BitCloud/lib/libBc_All_Atmega256rfr2_Atmega256rfr2_Gcc.a(nwk.o)
 .text.nwkOrphanMacGetConf
                0x0000ff8c       0x94 ../../../../BitCloud/lib/libBc_All_Atmega256rfr2_Atmega256rfr2_Gcc.a(nwk.o)
 .text.nwkFormationMacSetConf
                0x00010020      0x18c ../../../../BitCloud/lib/libBc_All_Atmega256rfr2_Atmega256rfr2_Gcc.a(nwk.o)
 .text.nwkReloadNibFromConfigServer
                0x000101ac       0xf6 ../../../../BitCloud/lib/libBc_All_Atmega256rfr2_Atmega256rfr2_Gcc.a(nwk.o)
 .text.nwkSilentJoinTaskHandler
                0x000102a2       0x70 ../../../../BitCloud/lib/libBc_All_Atmega256rfr2_Atmega256rfr2_Gcc.a(nwk.o)
 .text.nwkFormationTaskHandler
                0x00010312      0x202 ../../../../BitCloud/lib/libBc_All_Atmega256rfr2_Atmega256rfr2_Gcc.a(nwk.o)
 .text.nwkTxConf
                0x00010514      0x1cc ../../../../BitCloud/lib/libBc_All_Atmega256rfr2_Atmega256rfr2_Gcc.a(nwk.o)
 .text.nwkProcessDelayStatus
                0x000106e0      0x212 ../../../../BitCloud/lib/libBc_All_Atmega256rfr2_Atmega256rfr2_Gcc.a(nwk.o)
 .text.nwkTxDelayTimerFired
                0x000108f2       0x80 ../../../../BitCloud/lib/libBc_All_Atmega256rfr2_Atmega256rfr2_Gcc.a(nwk.o)
 .text.nwkAddressConflictMacSetConf
                0x00010972       0xc8 ../../../../BitCloud/lib/libBc_All_Atmega256rfr2_Atmega256rfr2_Gcc.a(nwk.o)
 .text.nwkRemoveAllChildren.constprop.73
                0x00010a3a       0xbc ../../../../BitCloud/lib/libBc_All_Atmega256rfr2_Atmega256rfr2_Gcc.a(nwk.o)
 .text.nwkConfirmLeaveChildTx
                0x00010af6       0x34 ../../../../BitCloud/lib/libBc_All_Atmega256rfr2_Atmega256rfr2_Gcc.a(nwk.o)
 .text.nwkFormationMacEDScanConf
                0x00010b2a      0x17a ../../../../BitCloud/lib/libBc_All_Atmega256rfr2_Atmega256rfr2_Gcc.a(nwk.o)
 .text.nwkFormationMacActiveScanConf
                0x00010ca4      0x29e ../../../../BitCloud/lib/libBc_All_Atmega256rfr2_Atmega256rfr2_Gcc.a(nwk.o)
 .text.NWK_GetShortAddr
                0x00010f42        0xa ../../../../BitCloud/lib/libBc_All_Atmega256rfr2_Atmega256rfr2_Gcc.a(nwk.o)
                0x00010f42                NWK_GetShortAddr
 .text.NWK_IsStaticAddressingMode
                0x00010f4c        0x6 ../../../../BitCloud/lib/libBc_All_Atmega256rfr2_Atmega256rfr2_Gcc.a(nwk.o)
                0x00010f4c                NWK_IsStaticAddressingMode
 .text.NWK_RemoveFromAddressMap
                0x00010f52       0x12 ../../../../BitCloud/lib/libBc_All_Atmega256rfr2_Atmega256rfr2_Gcc.a(nwk.o)
                0x00010f52                NWK_RemoveFromAddressMap
 .text.NWK_NetworkDiscoveryReq
                0x00010f64       0x40 ../../../../BitCloud/lib/libBc_All_Atmega256rfr2_Atmega256rfr2_Gcc.a(nwk.o)
                0x00010f64                NWK_NetworkDiscoveryReq
 .text.nwkJoinReqTaskHandler
                0x00010fa4      0x188 ../../../../BitCloud/lib/libBc_All_Atmega256rfr2_Atmega256rfr2_Gcc.a(nwk.o)
 .text.NWK_EDScanReq
                0x0001112c       0x40 ../../../../BitCloud/lib/libBc_All_Atmega256rfr2_Atmega256rfr2_Gcc.a(nwk.o)
                0x0001112c                NWK_EDScanReq
 .text.NWK_NetworkFormationReq
                0x0001116c       0x40 ../../../../BitCloud/lib/libBc_All_Atmega256rfr2_Atmega256rfr2_Gcc.a(nwk.o)
                0x0001116c                NWK_NetworkFormationReq
 .text.NWK_IsGroupMember
                0x000111ac       0x50 ../../../../BitCloud/lib/libBc_All_Atmega256rfr2_Atmega256rfr2_Gcc.a(nwk.o)
                0x000111ac                NWK_IsGroupMember
 .text.nwkRetransmitInputPacket
                0x000111fc      0x152 ../../../../BitCloud/lib/libBc_All_Atmega256rfr2_Atmega256rfr2_Gcc.a(nwk.o)
 .text.unlikely.nwkRxRetransmit
                0x0001134e       0x90 ../../../../BitCloud/lib/libBc_All_Atmega256rfr2_Atmega256rfr2_Gcc.a(nwk.o)
 .text.NWK_DataResp
                0x000113de       0x18 ../../../../BitCloud/lib/libBc_All_Atmega256rfr2_Atmega256rfr2_Gcc.a(nwk.o)
                0x000113de                NWK_DataResp
 .text.NWK_ResetGroups
                0x000113f6       0x56 ../../../../BitCloud/lib/libBc_All_Atmega256rfr2_Atmega256rfr2_Gcc.a(nwk.o)
                0x000113f6                NWK_ResetGroups
 .text.nwkLeaveReqMacResetConf
                0x0001144c      0x11e ../../../../BitCloud/lib/libBc_All_Atmega256rfr2_Atmega256rfr2_Gcc.a(nwk.o)
 .text.nwkResetMacResetConf
                0x0001156a      0x4f0 ../../../../BitCloud/lib/libBc_All_Atmega256rfr2_Atmega256rfr2_Gcc.a(nwk.o)
 .text.NWK_GetParentShortAddr
                0x00011a5a        0xa ../../../../BitCloud/lib/libBc_All_Atmega256rfr2_Atmega256rfr2_Gcc.a(nwk.o)
                0x00011a5a                NWK_GetParentShortAddr
 .text.NWK_GetPanId
                0x00011a64        0xa ../../../../BitCloud/lib/libBc_All_Atmega256rfr2_Atmega256rfr2_Gcc.a(nwk.o)
                0x00011a64                NWK_GetPanId
 .text.NWK_GetExtPanId
                0x00011a6e       0x16 ../../../../BitCloud/lib/libBc_All_Atmega256rfr2_Atmega256rfr2_Gcc.a(nwk.o)
                0x00011a6e                NWK_GetExtPanId
 .text.NWK_SetExtPanId
                0x00011a84       0x28 ../../../../BitCloud/lib/libBc_All_Atmega256rfr2_Atmega256rfr2_Gcc.a(nwk.o)
                0x00011a84                NWK_SetExtPanId
 .text.NWK_GetDeviceType
                0x00011aac        0x6 ../../../../BitCloud/lib/libBc_All_Atmega256rfr2_Atmega256rfr2_Gcc.a(nwk.o)
                0x00011aac                NWK_GetDeviceType
 .text.NWK_GetLogicalChannel
                0x00011ab2        0x6 ../../../../BitCloud/lib/libBc_All_Atmega256rfr2_Atmega256rfr2_Gcc.a(nwk.o)
                0x00011ab2                NWK_GetLogicalChannel
 .text.NWK_SetLogicalChannel
                0x00011ab8        0xe ../../../../BitCloud/lib/libBc_All_Atmega256rfr2_Atmega256rfr2_Gcc.a(nwk.o)
                0x00011ab8                NWK_SetLogicalChannel
 .text.NWK_GetBroadcastDeliveryTime
                0x00011ac6       0x12 ../../../../BitCloud/lib/libBc_All_Atmega256rfr2_Atmega256rfr2_Gcc.a(nwk.o)
                0x00011ac6                NWK_GetBroadcastDeliveryTime
 .text.NWK_SetManagerAddr
                0x00011ad8        0xa ../../../../BitCloud/lib/libBc_All_Atmega256rfr2_Atmega256rfr2_Gcc.a(nwk.o)
                0x00011ad8                NWK_SetManagerAddr
 .text.NWK_SetUpdateId
                0x00011ae2       0x12 ../../../../BitCloud/lib/libBc_All_Atmega256rfr2_Atmega256rfr2_Gcc.a(nwk.o)
                0x00011ae2                NWK_SetUpdateId
 .text.NWK_GetTransmitCouner
                0x00011af4        0xa ../../../../BitCloud/lib/libBc_All_Atmega256rfr2_Atmega256rfr2_Gcc.a(nwk.o)
                0x00011af4                NWK_GetTransmitCouner
 .text.NWK_GetTransmitFailureCounter
                0x00011afe        0xa ../../../../BitCloud/lib/libBc_All_Atmega256rfr2_Atmega256rfr2_Gcc.a(nwk.o)
                0x00011afe                NWK_GetTransmitFailureCounter
 .text.NWK_ResetTransmitCounters
                0x00011b08       0x12 ../../../../BitCloud/lib/libBc_All_Atmega256rfr2_Atmega256rfr2_Gcc.a(nwk.o)
                0x00011b08                NWK_ResetTransmitCounters
 .text.NWK_IsNewUpdateIdNonLess
                0x00011b1a       0x38 ../../../../BitCloud/lib/libBc_All_Atmega256rfr2_Atmega256rfr2_Gcc.a(nwk.o)
                0x00011b1a                NWK_IsNewUpdateIdNonLess
 .text.nwkFindDeviceToJoin
                0x00011b52      0x17a ../../../../BitCloud/lib/libBc_All_Atmega256rfr2_Atmega256rfr2_Gcc.a(nwk.o)
 .text.nwkAssociate
                0x00011ccc       0x9c ../../../../BitCloud/lib/libBc_All_Atmega256rfr2_Atmega256rfr2_Gcc.a(nwk.o)
 .text.nwkGetSuitableParent
                0x00011d68       0x7e ../../../../BitCloud/lib/libBc_All_Atmega256rfr2_Atmega256rfr2_Gcc.a(nwk.o)
 .text.nwkRejoinResponseFrameInd
                0x00011de6      0x14a ../../../../BitCloud/lib/libBc_All_Atmega256rfr2_Atmega256rfr2_Gcc.a(nwk.o)
 .text.nwkRejoinCmdPrepareAndSend
                0x00011f30       0x2a ../../../../BitCloud/lib/libBc_All_Atmega256rfr2_Atmega256rfr2_Gcc.a(nwk.o)
 .text.nwkJoinReqMacRxEnableConf
                0x00011f5a       0x6c ../../../../BitCloud/lib/libBc_All_Atmega256rfr2_Atmega256rfr2_Gcc.a(nwk.o)
 .text.nwkJoinReqMacGetConf
                0x00011fc6       0x3a ../../../../BitCloud/lib/libBc_All_Atmega256rfr2_Atmega256rfr2_Gcc.a(nwk.o)
 .text.nwkConfirmJoinReqTx
                0x00012000       0x5e ../../../../BitCloud/lib/libBc_All_Atmega256rfr2_Atmega256rfr2_Gcc.a(nwk.o)
 .text.responseWaitTimerFired
                0x0001205e       0x4a ../../../../BitCloud/lib/libBc_All_Atmega256rfr2_Atmega256rfr2_Gcc.a(nwk.o)
 .text.nwkJoinReqMacPollConf
                0x000120a8       0x5c ../../../../BitCloud/lib/libBc_All_Atmega256rfr2_Atmega256rfr2_Gcc.a(nwk.o)
 .text.macLatencyFired
                0x00012104        0x4 ../../../../BitCloud/lib/libBc_All_Atmega256rfr2_Atmega256rfr2_Gcc.a(nwk.o)
 .text.NWK_JoinReq
                0x00012108       0x62 ../../../../BitCloud/lib/libBc_All_Atmega256rfr2_Atmega256rfr2_Gcc.a(nwk.o)
                0x00012108                NWK_JoinReq
 .text.NWK_RemoveNeighbor
                0x0001216a       0x8e ../../../../BitCloud/lib/libBc_All_Atmega256rfr2_Atmega256rfr2_Gcc.a(nwk.o)
                0x0001216a                NWK_RemoveNeighbor
 .text.neighborTimerFired
                0x000121f8       0xd8 ../../../../BitCloud/lib/libBc_All_Atmega256rfr2_Atmega256rfr2_Gcc.a(nwk.o)
 .text.NWK_LeaveReq
                0x000122d0       0x20 ../../../../BitCloud/lib/libBc_All_Atmega256rfr2_Atmega256rfr2_Gcc.a(nwk.o)
                0x000122d0                NWK_LeaveReq
 .text.nwkUpdateOutgoingCostAndLifeTime
                0x000122f0       0x46 ../../../../BitCloud/lib/libBc_All_Atmega256rfr2_Atmega256rfr2_Gcc.a(nwk.o)
                0x000122f0                nwkUpdateOutgoingCostAndLifeTime
 .text.NWK_ForceLinkStatusSending
                0x00012336       0x18 ../../../../BitCloud/lib/libBc_All_Atmega256rfr2_Atmega256rfr2_Gcc.a(nwk.o)
                0x00012336                NWK_ForceLinkStatusSending
 .text.NWK_LoopbackTxReq
                0x0001234e       0x20 ../../../../BitCloud/lib/libBc_All_Atmega256rfr2_Atmega256rfr2_Gcc.a(nwk.o)
                0x0001234e                NWK_LoopbackTxReq
 .text.NWK_DataReq
                0x0001236e      0x2ba ../../../../BitCloud/lib/libBc_All_Atmega256rfr2_Atmega256rfr2_Gcc.a(nwk.o)
                0x0001236e                NWK_DataReq
 .text.NWK_NextEDChild
                0x00012628       0x4a ../../../../BitCloud/lib/libBc_All_Atmega256rfr2_Atmega256rfr2_Gcc.a(nwk.o)
                0x00012628                NWK_NextEDChild
 .text.NWK_FindNeighborByShortAddr
                0x00012672       0x44 ../../../../BitCloud/lib/libBc_All_Atmega256rfr2_Atmega256rfr2_Gcc.a(nwk.o)
                0x00012672                NWK_FindNeighborByShortAddr
 .text.NWK_GetExtByShortAddress
                0x000126b6       0x58 ../../../../BitCloud/lib/libBc_All_Atmega256rfr2_Atmega256rfr2_Gcc.a(nwk.o)
                0x000126b6                NWK_GetExtByShortAddress
 .text.nwkPrepareRouteRequestTx
                0x0001270e      0x14e ../../../../BitCloud/lib/libBc_All_Atmega256rfr2_Atmega256rfr2_Gcc.a(nwk.o)
 .text.nwkAllocNonConflAddr
                0x0001285c       0xdc ../../../../BitCloud/lib/libBc_All_Atmega256rfr2_Atmega256rfr2_Gcc.a(nwk.o)
 .text.nwkAllocateShortAddr.isra.55
                0x00012938       0x92 ../../../../BitCloud/lib/libBc_All_Atmega256rfr2_Atmega256rfr2_Gcc.a(nwk.o)
 .text.nwkResolveAddressConflict
                0x000129ca      0x21e ../../../../BitCloud/lib/libBc_All_Atmega256rfr2_Atmega256rfr2_Gcc.a(nwk.o)
 .text.nwkStatusFrameInd
                0x00012be8       0x44 ../../../../BitCloud/lib/libBc_All_Atmega256rfr2_Atmega256rfr2_Gcc.a(nwk.o)
 .text.nwkAddressConflictTaskHandler
                0x00012c2c       0x9e ../../../../BitCloud/lib/libBc_All_Atmega256rfr2_Atmega256rfr2_Gcc.a(nwk.o)
 .text.nwkJoinReqMacSetConf
                0x00012cca      0x20a ../../../../BitCloud/lib/libBc_All_Atmega256rfr2_Atmega256rfr2_Gcc.a(nwk.o)
 .text.nwkGetNextHop
                0x00012ed4      0x1da ../../../../BitCloud/lib/libBc_All_Atmega256rfr2_Atmega256rfr2_Gcc.a(nwk.o)
 .text.nwkPrepareNetworkStatusTx
                0x000130ae      0x132 ../../../../BitCloud/lib/libBc_All_Atmega256rfr2_Atmega256rfr2_Gcc.a(nwk.o)
 .text.nwkPrepareRouteReplyTx
                0x000131e0      0x2dc ../../../../BitCloud/lib/libBc_All_Atmega256rfr2_Atmega256rfr2_Gcc.a(nwk.o)
 .text.nwkTxDelayReq
                0x000134bc      0x29e ../../../../BitCloud/lib/libBc_All_Atmega256rfr2_Atmega256rfr2_Gcc.a(nwk.o)
 .text.MAC_DataConf
                0x0001375a       0x2e ../../../../BitCloud/lib/libBc_All_Atmega256rfr2_Atmega256rfr2_Gcc.a(nwk.o)
 .text.nwkTransmitOutputPacket.constprop.61
                0x00013788       0x46 ../../../../BitCloud/lib/libBc_All_Atmega256rfr2_Atmega256rfr2_Gcc.a(nwk.o)
 .text.nwkMeshRouteDiscoveryConf
                0x000137ce       0x5e ../../../../BitCloud/lib/libBc_All_Atmega256rfr2_Atmega256rfr2_Gcc.a(nwk.o)
 .text.nwkSendDiscoveryCommand
                0x0001382c       0x6c ../../../../BitCloud/lib/libBc_All_Atmega256rfr2_Atmega256rfr2_Gcc.a(nwk.o)
 .text.nwkRouteDiscoveryTableTaskHandler
                0x00013898       0xae ../../../../BitCloud/lib/libBc_All_Atmega256rfr2_Atmega256rfr2_Gcc.a(nwk.o)
 .text.NWK_FindNeighborByExtAddr
                0x00013946       0x64 ../../../../BitCloud/lib/libBc_All_Atmega256rfr2_Atmega256rfr2_Gcc.a(nwk.o)
                0x00013946                NWK_FindNeighborByExtAddr
 .text.NWK_LinkShortAndExtAddress
                0x000139aa       0xd0 ../../../../BitCloud/lib/libBc_All_Atmega256rfr2_Atmega256rfr2_Gcc.a(nwk.o)
                0x000139aa                NWK_LinkShortAndExtAddress
 .text.nwkRouteReplyFrameInd
                0x00013a7a      0x18c ../../../../BitCloud/lib/libBc_All_Atmega256rfr2_Atmega256rfr2_Gcc.a(nwk.o)
 .text.NWK_GetShortByExtAddress
                0x00013c06       0x66 ../../../../BitCloud/lib/libBc_All_Atmega256rfr2_Atmega256rfr2_Gcc.a(nwk.o)
                0x00013c06                NWK_GetShortByExtAddress
 .text.nwkJoinIndMacCommStatusInd
                0x00013c6c       0x74 ../../../../BitCloud/lib/libBc_All_Atmega256rfr2_Atmega256rfr2_Gcc.a(nwk.o)
 .text.nwkLeaveFrameInd
                0x00013ce0      0x17c ../../../../BitCloud/lib/libBc_All_Atmega256rfr2_Atmega256rfr2_Gcc.a(nwk.o)
 .text.nwkConfirmJoinRespTx
                0x00013e5c       0x62 ../../../../BitCloud/lib/libBc_All_Atmega256rfr2_Atmega256rfr2_Gcc.a(nwk.o)
 .text.nwkConfirmAddrConflictJoinRespTx
                0x00013ebe       0x52 ../../../../BitCloud/lib/libBc_All_Atmega256rfr2_Atmega256rfr2_Gcc.a(nwk.o)
 .text.nwkLeaveTaskHandler
                0x00013f10      0x138 ../../../../BitCloud/lib/libBc_All_Atmega256rfr2_Atmega256rfr2_Gcc.a(nwk.o)
 .text.NWK_CostFromLqi
                0x00014048       0x3c ../../../../BitCloud/lib/libBc_All_Atmega256rfr2_Atmega256rfr2_Gcc.a(nwk.o)
                0x00014048                NWK_CostFromLqi
 .text.nwkInitLqiAndCostOfNeighbor